Sat May 06 2023 09:00:48 GMT+0630 (Myanmar Time)[ Login Controller ]
TypeError: Cannot read properties of undefined (reading 'findFirst')
    at /Users/saiminpyaekyaw/Desktop/workspace/myanhon-be/dist/controllers/authController.js:61:42
    at Generator.next (<anonymous>)
    at /Users/saiminpyaekyaw/Desktop/workspace/myanhon-be/dist/controllers/authController.js:8:71
    at new Promise (<anonymous>)
    at __awaiter (/Users/saiminpyaekyaw/Desktop/workspace/myanhon-be/dist/controllers/authController.js:4:12)
    at login (/Users/saiminpyaekyaw/Desktop/workspace/myanhon-be/dist/controllers/authController.js:59:29)
    at Layer.handle [as handle_request] (/Users/saiminpyaekyaw/Desktop/workspace/myanhon-be/node_modules/express/lib/router/layer.js:95:5)
    at next (/Users/saiminpyaekyaw/Desktop/workspace/myanhon-be/node_modules/express/lib/router/route.js:144:13)
    at Route.dispatch (/Users/saiminpyaekyaw/Desktop/workspace/myanhon-be/node_modules/express/lib/router/route.js:114:3)
    at Layer.handle [as handle_request] (/Users/saiminpyaekyaw/Desktop/workspace/myanhon-be/node_modules/express/lib/router/layer.js:95:5)
 
Sat May 06 2023 09:00:57 GMT+0630 (Myanmar Time)[ Login Controller ]
TypeError: Cannot read properties of undefined (reading 'findFirst')
    at /Users/saiminpyaekyaw/Desktop/workspace/myanhon-be/dist/controllers/authController.js:61:42
    at Generator.next (<anonymous>)
    at /Users/saiminpyaekyaw/Desktop/workspace/myanhon-be/dist/controllers/authController.js:8:71
    at new Promise (<anonymous>)
    at __awaiter (/Users/saiminpyaekyaw/Desktop/workspace/myanhon-be/dist/controllers/authController.js:4:12)
    at login (/Users/saiminpyaekyaw/Desktop/workspace/myanhon-be/dist/controllers/authController.js:59:29)
    at Layer.handle [as handle_request] (/Users/saiminpyaekyaw/Desktop/workspace/myanhon-be/node_modules/express/lib/router/layer.js:95:5)
    at next (/Users/saiminpyaekyaw/Desktop/workspace/myanhon-be/node_modules/express/lib/router/route.js:144:13)
    at Route.dispatch (/Users/saiminpyaekyaw/Desktop/workspace/myanhon-be/node_modules/express/lib/router/route.js:114:3)
    at Layer.handle [as handle_request] (/Users/saiminpyaekyaw/Desktop/workspace/myanhon-be/node_modules/express/lib/router/layer.js:95:5)
 
Sat May 13 2023 12:26:02 GMT+0630 (Myanmar Time)[ Get Types Controller ]
TypeError: Cannot read properties of undefined (reading 'createClient')
    at /Users/saiminpyaekyaw/Desktop/workspace/myanhon-be/dist/controllers/typeController.js:23:45
    at Generator.next (<anonymous>)
    at fulfilled (/Users/saiminpyaekyaw/Desktop/workspace/myanhon-be/dist/controllers/typeController.js:5:58)
 
Sat May 13 2023 12:28:17 GMT+0630 (Myanmar Time)[ Get Types Controller ]
TypeError: Cannot read properties of undefined (reading 'createClient')
    at /Users/saiminpyaekyaw/Desktop/workspace/myanhon-be/dist/controllers/typeController.js:23:45
    at Generator.next (<anonymous>)
    at fulfilled (/Users/saiminpyaekyaw/Desktop/workspace/myanhon-be/dist/controllers/typeController.js:5:58)
 
Sat May 13 2023 12:29:20 GMT+0630 (Myanmar Time)[ Get Types Controller ]
TypeError: Cannot read properties of undefined (reading 'createClient')
    at /Users/saiminpyaekyaw/Desktop/workspace/myanhon-be/dist/controllers/typeController.js:23:40
    at Generator.next (<anonymous>)
    at fulfilled (/Users/saiminpyaekyaw/Desktop/workspace/myanhon-be/dist/controllers/typeController.js:5:58)
 
Sat May 13 2023 12:31:53 GMT+0630 (Myanmar Time)[ Get Types Controller ]
TypeError: Cannot read properties of undefined (reading 'createClient')
    at /Users/saiminpyaekyaw/Desktop/workspace/myanhon-be/dist/controllers/typeController.js:23:40
    at Generator.next (<anonymous>)
    at fulfilled (/Users/saiminpyaekyaw/Desktop/workspace/myanhon-be/dist/controllers/typeController.js:5:58)
 
Sat May 13 2023 12:33:28 GMT+0630 (Myanmar Time)[ Get Types Controller ]
TypeError: Cannot read properties of undefined (reading 'createClient')
    at /Users/saiminpyaekyaw/Desktop/workspace/myanhon-be/dist/controllers/typeController.js:23:40
    at Generator.next (<anonymous>)
    at fulfilled (/Users/saiminpyaekyaw/Desktop/workspace/myanhon-be/dist/controllers/typeController.js:5:58)
 
Sat May 13 2023 12:33:29 GMT+0630 (Myanmar Time)[ Get Types Controller ]
TypeError: Cannot read properties of undefined (reading 'createClient')
    at /Users/saiminpyaekyaw/Desktop/workspace/myanhon-be/dist/controllers/typeController.js:23:40
    at Generator.next (<anonymous>)
    at fulfilled (/Users/saiminpyaekyaw/Desktop/workspace/myanhon-be/dist/controllers/typeController.js:5:58)
 
Sat May 13 2023 12:36:14 GMT+0630 (Myanmar Time)[ Get Types Controller ]
TypeError: Cannot read properties of undefined (reading 'createClient')
    at /Users/saiminpyaekyaw/Desktop/workspace/myanhon-be/dist/controllers/typeController.js:23:40
    at Generator.next (<anonymous>)
    at fulfilled (/Users/saiminpyaekyaw/Desktop/workspace/myanhon-be/dist/controllers/typeController.js:5:58)
 
Sat May 13 2023 12:52:02 GMT+0630 (Myanmar Time)[ Get Types Controller ]
ReferenceError: types is not defined
    at /Users/saiminpyaekyaw/Desktop/workspace/myanhon-be/dist/controllers/typeController.js:45:50
    at Generator.next (<anonymous>)
    at fulfilled (/Users/saiminpyaekyaw/Desktop/workspace/myanhon-be/dist/controllers/typeController.js:28:58)
    at process.processTicksAndRejections (node:internal/process/task_queues:95:5)
 
Sat May 13 2023 12:57:04 GMT+0630 (Myanmar Time)[ Get Types Controller ]
Error: The client is closed
    at Commander._RedisClient_sendCommand (/Users/saiminpyaekyaw/Desktop/workspace/myanhon-be/node_modules/@redis/client/dist/lib/client/index.js:490:31)
    at Commander.commandsExecutor (/Users/saiminpyaekyaw/Desktop/workspace/myanhon-be/node_modules/@redis/client/dist/lib/client/index.js:188:154)
    at BaseClass.<computed> [as get] (/Users/saiminpyaekyaw/Desktop/workspace/myanhon-be/node_modules/@redis/client/dist/lib/commander.js:8:29)
    at /Users/saiminpyaekyaw/Desktop/workspace/myanhon-be/dist/controllers/typeController.js:46:34
    at Generator.next (<anonymous>)
    at /Users/saiminpyaekyaw/Desktop/workspace/myanhon-be/dist/controllers/typeController.js:31:71
    at new Promise (<anonymous>)
    at __awaiter (/Users/saiminpyaekyaw/Desktop/workspace/myanhon-be/dist/controllers/typeController.js:27:12)
    at getTypes (/Users/saiminpyaekyaw/Desktop/workspace/myanhon-be/dist/controllers/typeController.js:40:32)
    at Layer.handle [as handle_request] (/Users/saiminpyaekyaw/Desktop/workspace/myanhon-be/node_modules/express/lib/router/layer.js:95:5)
 
Sat May 13 2023 12:57:50 GMT+0630 (Myanmar Time)[ Get Types Controller ]
Error: Socket already opened
    at RedisSocket.connect (/Users/saiminpyaekyaw/Desktop/workspace/myanhon-be/node_modules/@redis/client/dist/lib/client/socket.js:48:19)
    at Commander.connect (/Users/saiminpyaekyaw/Desktop/workspace/myanhon-be/node_modules/@redis/client/dist/lib/client/index.js:184:71)
    at /Users/saiminpyaekyaw/Desktop/workspace/myanhon-be/dist/controllers/typeController.js:44:22
    at Generator.next (<anonymous>)
    at /Users/saiminpyaekyaw/Desktop/workspace/myanhon-be/dist/controllers/typeController.js:31:71
    at new Promise (<anonymous>)
    at __awaiter (/Users/saiminpyaekyaw/Desktop/workspace/myanhon-be/dist/controllers/typeController.js:27:12)
    at getTypes (/Users/saiminpyaekyaw/Desktop/workspace/myanhon-be/dist/controllers/typeController.js:41:32)
    at Layer.handle [as handle_request] (/Users/saiminpyaekyaw/Desktop/workspace/myanhon-be/node_modules/express/lib/router/layer.js:95:5)
    at next (/Users/saiminpyaekyaw/Desktop/workspace/myanhon-be/node_modules/express/lib/router/route.js:144:13)
 
Tue May 23 2023 13:33:59 GMT+0630 (Myanmar Time)[ Create Admin Controller ]
Error: data and salt arguments required
    at Object.hash (/Users/saiminpyaekyaw/Desktop/workspace/myanhon-be/node_modules/bcrypt/bcrypt.js:137:17)
    at /Users/saiminpyaekyaw/Desktop/workspace/myanhon-be/node_modules/bcrypt/promises.js:29:12
    at new Promise (<anonymous>)
    at module.exports.promise (/Users/saiminpyaekyaw/Desktop/workspace/myanhon-be/node_modules/bcrypt/promises.js:20:12)
    at Object.hash (/Users/saiminpyaekyaw/Desktop/workspace/myanhon-be/node_modules/bcrypt/bcrypt.js:133:25)
    at /Users/saiminpyaekyaw/Desktop/workspace/myanhon-be/dist/utils/functions.js:138:35
    at Generator.next (<anonymous>)
    at /Users/saiminpyaekyaw/Desktop/workspace/myanhon-be/dist/utils/functions.js:8:71
    at new Promise (<anonymous>)
    at __awaiter (/Users/saiminpyaekyaw/Desktop/workspace/myanhon-be/dist/utils/functions.js:4:12)
 
Tue May 23 2023 13:46:36 GMT+0630 (Myanmar Time)[ Create Admin Controller ]
Error: 
Invalid `prisma.admins.create()` invocation in
/Users/saiminpyaekyaw/Desktop/workspace/myanhon-be/controllers/admin/authController.ts:41:50

  38 }
  39 
  40 const hashedPassword = await hashPassword(req.body.password);
→ 41 const createdAdmin = await prisma.admins.create({
       data: {
     +   name: String,
         email: 'saimin@test.com',
         password: '$2b$10$ub3pbeuI7TJTHL.O4Ldcp.jfZoZAHMvjgTuip0bRBL7dKAIgylYTm',
         role: 'admin role',
               ~~~~~~~~~~~~
     ?   id?: String,
     ?   loginTryCount?: Int,
     ?   verificationCode?: String,
     ?   hasLogin?: Boolean,
     ?   createdAt?: DateTime,
     ?   updatedAt?: DateTime
       }
     })

Argument role: Got invalid value 'admin role' on prisma.createOneAdmins. Provided String, expected RolesCreateNestedOneWithoutAdminsInput:
type RolesCreateNestedOneWithoutAdminsInput {
  create?: RolesCreateWithoutAdminsInput | RolesUncheckedCreateWithoutAdminsInput
  connectOrCreate?: RolesCreateOrConnectWithoutAdminsInput
  connect?: RolesWhereUniqueInput
}
Argument name for data.name is missing.

Note: Lines with + are required, lines with ? are optional.

    at mi.validate (/Users/saiminpyaekyaw/Desktop/workspace/myanhon-be/node_modules/@prisma/client/runtime/library.js:149:91)
    at rn.createMessage (/Users/saiminpyaekyaw/Desktop/workspace/myanhon-be/node_modules/@prisma/client/runtime/library.js:164:13651)
    at /Users/saiminpyaekyaw/Desktop/workspace/myanhon-be/node_modules/@prisma/client/runtime/library.js:177:10955
    at runInChildSpan (/Users/saiminpyaekyaw/Desktop/workspace/myanhon-be/node_modules/@prisma/client/runtime/library.js:70:25817)
    at t._executeRequest (/Users/saiminpyaekyaw/Desktop/workspace/myanhon-be/node_modules/@prisma/client/runtime/library.js:177:10944)
 
Tue May 23 2023 13:47:02 GMT+0630 (Myanmar Time)[ Create Admin Controller ]
Error: 
Invalid `prisma.admins.create()` invocation in
/Users/saiminpyaekyaw/Desktop/workspace/myanhon-be/controllers/admin/authController.ts:41:50

  38 }
  39 
  40 const hashedPassword = await hashPassword(req.body.password);
→ 41 const createdAdmin = await prisma.admins.create({
       data: {
     +   name: String,
         email: 'saimin@test.com',
         password: '$2b$10$e6NHhR5NI0b6NQ3fQIgFEOw4VcJV973nSLZf2E82TC54FyCcwLpiW',
         role: 'admin role',
               ~~~~~~~~~~~~
     ?   id?: String,
     ?   loginTryCount?: Int,
     ?   verificationCode?: String,
     ?   hasLogin?: Boolean,
     ?   createdAt?: DateTime,
     ?   updatedAt?: DateTime
       }
     })

Argument role: Got invalid value 'admin role' on prisma.createOneAdmins. Provided String, expected RolesCreateNestedOneWithoutAdminsInput:
type RolesCreateNestedOneWithoutAdminsInput {
  create?: RolesCreateWithoutAdminsInput | RolesUncheckedCreateWithoutAdminsInput
  connectOrCreate?: RolesCreateOrConnectWithoutAdminsInput
  connect?: RolesWhereUniqueInput
}
Argument name for data.name is missing.

Note: Lines with + are required, lines with ? are optional.

    at mi.validate (/Users/saiminpyaekyaw/Desktop/workspace/myanhon-be/node_modules/@prisma/client/runtime/library.js:149:91)
    at rn.createMessage (/Users/saiminpyaekyaw/Desktop/workspace/myanhon-be/node_modules/@prisma/client/runtime/library.js:164:13651)
    at /Users/saiminpyaekyaw/Desktop/workspace/myanhon-be/node_modules/@prisma/client/runtime/library.js:177:10955
    at runInChildSpan (/Users/saiminpyaekyaw/Desktop/workspace/myanhon-be/node_modules/@prisma/client/runtime/library.js:70:25817)
    at t._executeRequest (/Users/saiminpyaekyaw/Desktop/workspace/myanhon-be/node_modules/@prisma/client/runtime/library.js:177:10944)
 
Tue May 23 2023 13:48:20 GMT+0630 (Myanmar Time)[ Create Admin Controller ]
Error: 
Invalid `prisma.admins.create()` invocation in
/Users/saiminpyaekyaw/Desktop/workspace/myanhon-be/controllers/admin/authController.ts:41:50

  38 }
  39 
  40 const hashedPassword = await hashPassword(req.body.password);
→ 41 const createdAdmin = await prisma.admins.create({
       data: {
     +   name: String,
         email: 'saimin@test.com',
         password: '$2b$10$q8qBNPa.ho8tmhcKAu9Qyu4pn08jmUMpyJBoi4SIeBfLh78i9xGOu',
         role: 'admin role',
               ~~~~~~~~~~~~
     ?   id?: String,
     ?   loginTryCount?: Int,
     ?   verificationCode?: String,
     ?   hasLogin?: Boolean,
     ?   createdAt?: DateTime,
     ?   updatedAt?: DateTime
       }
     })

Argument role: Got invalid value 'admin role' on prisma.createOneAdmins. Provided String, expected RolesCreateNestedOneWithoutAdminsInput:
type RolesCreateNestedOneWithoutAdminsInput {
  create?: RolesCreateWithoutAdminsInput | RolesUncheckedCreateWithoutAdminsInput
  connectOrCreate?: RolesCreateOrConnectWithoutAdminsInput
  connect?: RolesWhereUniqueInput
}
Argument name for data.name is missing.

Note: Lines with + are required, lines with ? are optional.

    at mi.validate (/Users/saiminpyaekyaw/Desktop/workspace/myanhon-be/node_modules/@prisma/client/runtime/library.js:149:91)
    at rn.createMessage (/Users/saiminpyaekyaw/Desktop/workspace/myanhon-be/node_modules/@prisma/client/runtime/library.js:164:13651)
    at /Users/saiminpyaekyaw/Desktop/workspace/myanhon-be/node_modules/@prisma/client/runtime/library.js:177:10955
    at runInChildSpan (/Users/saiminpyaekyaw/Desktop/workspace/myanhon-be/node_modules/@prisma/client/runtime/library.js:70:25817)
    at t._executeRequest (/Users/saiminpyaekyaw/Desktop/workspace/myanhon-be/node_modules/@prisma/client/runtime/library.js:177:10944)
 
Tue May 23 2023 13:48:32 GMT+0630 (Myanmar Time)[ Create Admin Controller ]
Error: 
Invalid `prisma.admins.create()` invocation in
/Users/saiminpyaekyaw/Desktop/workspace/myanhon-be/controllers/admin/authController.ts:41:50

  38 }
  39 
  40 const hashedPassword = await hashPassword(req.body.password);
→ 41 const createdAdmin = await prisma.admins.create({
       data: {
     +   name: String,
         email: 'saimin@test.com',
         password: '$2b$10$PGh6u1y6wnUIJQ7es9pD4OC9YpHKQb02B9ey0z30IBSmjosRRHD7m',
         role: 'admin role',
               ~~~~~~~~~~~~
     ?   id?: String,
     ?   loginTryCount?: Int,
     ?   verificationCode?: String,
     ?   hasLogin?: Boolean,
     ?   createdAt?: DateTime,
     ?   updatedAt?: DateTime
       }
     })

Argument role: Got invalid value 'admin role' on prisma.createOneAdmins. Provided String, expected RolesCreateNestedOneWithoutAdminsInput:
type RolesCreateNestedOneWithoutAdminsInput {
  create?: RolesCreateWithoutAdminsInput | RolesUncheckedCreateWithoutAdminsInput
  connectOrCreate?: RolesCreateOrConnectWithoutAdminsInput
  connect?: RolesWhereUniqueInput
}
Argument name for data.name is missing.

Note: Lines with + are required, lines with ? are optional.

    at mi.validate (/Users/saiminpyaekyaw/Desktop/workspace/myanhon-be/node_modules/@prisma/client/runtime/library.js:149:91)
    at rn.createMessage (/Users/saiminpyaekyaw/Desktop/workspace/myanhon-be/node_modules/@prisma/client/runtime/library.js:164:13651)
    at /Users/saiminpyaekyaw/Desktop/workspace/myanhon-be/node_modules/@prisma/client/runtime/library.js:177:10955
    at runInChildSpan (/Users/saiminpyaekyaw/Desktop/workspace/myanhon-be/node_modules/@prisma/client/runtime/library.js:70:25817)
    at t._executeRequest (/Users/saiminpyaekyaw/Desktop/workspace/myanhon-be/node_modules/@prisma/client/runtime/library.js:177:10944)
 
Tue May 23 2023 13:49:40 GMT+0630 (Myanmar Time)[ Create Admin Controller ]
Error: 
Invalid `prisma.admins.create()` invocation in
/Users/saiminpyaekyaw/Desktop/workspace/myanhon-be/controllers/admin/authController.ts:41:50

  38 }
  39 
  40 const hashedPassword = await hashPassword(req.body.password);
→ 41 const createdAdmin = await prisma.admins.create({
       data: {
     +   name: String,
         email: 'saimin@test.com',
         password: '$2b$10$OYMisrd1Y9qIYxNIypuMkOO0TDPmxMX4t/umjR12XowVRNKYJb20S',
         role: 'admin role',
               ~~~~~~~~~~~~
     ?   id?: String,
     ?   loginTryCount?: Int,
     ?   verificationCode?: String,
     ?   hasLogin?: Boolean,
     ?   createdAt?: DateTime,
     ?   updatedAt?: DateTime
       }
     })

Argument role: Got invalid value 'admin role' on prisma.createOneAdmins. Provided String, expected RolesCreateNestedOneWithoutAdminsInput:
type RolesCreateNestedOneWithoutAdminsInput {
  create?: RolesCreateWithoutAdminsInput | RolesUncheckedCreateWithoutAdminsInput
  connectOrCreate?: RolesCreateOrConnectWithoutAdminsInput
  connect?: RolesWhereUniqueInput
}
Argument name for data.name is missing.

Note: Lines with + are required, lines with ? are optional.

    at mi.validate (/Users/saiminpyaekyaw/Desktop/workspace/myanhon-be/node_modules/@prisma/client/runtime/library.js:149:91)
    at rn.createMessage (/Users/saiminpyaekyaw/Desktop/workspace/myanhon-be/node_modules/@prisma/client/runtime/library.js:164:13651)
    at /Users/saiminpyaekyaw/Desktop/workspace/myanhon-be/node_modules/@prisma/client/runtime/library.js:177:10955
    at runInChildSpan (/Users/saiminpyaekyaw/Desktop/workspace/myanhon-be/node_modules/@prisma/client/runtime/library.js:70:25817)
    at t._executeRequest (/Users/saiminpyaekyaw/Desktop/workspace/myanhon-be/node_modules/@prisma/client/runtime/library.js:177:10944)
 
Tue May 23 2023 13:52:13 GMT+0630 (Myanmar Time)[ Create Admin Controller ]
Error: 
Invalid `prisma.admins.create()` invocation in
/Users/saiminpyaekyaw/Desktop/workspace/myanhon-be/controllers/admin/authController.ts:41:50

  38 }
  39 
  40 const hashedPassword = await hashPassword(req.body.password);
→ 41 const createdAdmin = await prisma.admins.create({
       data: {
     +   name: String,
         email: 'saimin@test.com',
         password: '$2b$10$tHtUzX8W4frNuZtgomCuyOVHAkwRP9subazOzfWVmfVt76oTCDiLS',
         role: 'admin role',
               ~~~~~~~~~~~~
     ?   id?: String,
     ?   loginTryCount?: Int,
     ?   verificationCode?: String,
     ?   hasLogin?: Boolean,
     ?   createdAt?: DateTime,
     ?   updatedAt?: DateTime
       }
     })

Argument role: Got invalid value 'admin role' on prisma.createOneAdmins. Provided String, expected RolesCreateNestedOneWithoutAdminsInput:
type RolesCreateNestedOneWithoutAdminsInput {
  create?: RolesCreateWithoutAdminsInput | RolesUncheckedCreateWithoutAdminsInput
  connectOrCreate?: RolesCreateOrConnectWithoutAdminsInput
  connect?: RolesWhereUniqueInput
}
Argument name for data.name is missing.

Note: Lines with + are required, lines with ? are optional.

    at mi.validate (/Users/saiminpyaekyaw/Desktop/workspace/myanhon-be/node_modules/@prisma/client/runtime/library.js:149:91)
    at rn.createMessage (/Users/saiminpyaekyaw/Desktop/workspace/myanhon-be/node_modules/@prisma/client/runtime/library.js:164:13651)
    at /Users/saiminpyaekyaw/Desktop/workspace/myanhon-be/node_modules/@prisma/client/runtime/library.js:177:10955
    at runInChildSpan (/Users/saiminpyaekyaw/Desktop/workspace/myanhon-be/node_modules/@prisma/client/runtime/library.js:70:25817)
    at t._executeRequest (/Users/saiminpyaekyaw/Desktop/workspace/myanhon-be/node_modules/@prisma/client/runtime/library.js:177:10944)
 
Tue May 23 2023 13:52:42 GMT+0630 (Myanmar Time)[ Create Admin Controller ]
Error: 
Invalid `prisma.admins.create()` invocation in
/Users/saiminpyaekyaw/Desktop/workspace/myanhon-be/controllers/admin/authController.ts:41:50

  38 }
  39 
  40 const hashedPassword = await hashPassword(req.body.password);
→ 41 const createdAdmin = await prisma.admins.create({
       data: {
     +   name: String,
         email: 'saimin@test.com',
         password: '$2b$10$sNRotowtI5KvkHNYujfXK.tWKHuU0jTjKp/F7P1oBiPgo6eWr.35m',
         role: 'admin role',
               ~~~~~~~~~~~~
     ?   id?: String,
     ?   loginTryCount?: Int,
     ?   verificationCode?: String,
     ?   hasLogin?: Boolean,
     ?   createdAt?: DateTime,
     ?   updatedAt?: DateTime
       }
     })

Argument role: Got invalid value 'admin role' on prisma.createOneAdmins. Provided String, expected RolesCreateNestedOneWithoutAdminsInput:
type RolesCreateNestedOneWithoutAdminsInput {
  create?: RolesCreateWithoutAdminsInput | RolesUncheckedCreateWithoutAdminsInput
  connectOrCreate?: RolesCreateOrConnectWithoutAdminsInput
  connect?: RolesWhereUniqueInput
}
Argument name for data.name is missing.

Note: Lines with + are required, lines with ? are optional.

    at mi.validate (/Users/saiminpyaekyaw/Desktop/workspace/myanhon-be/node_modules/@prisma/client/runtime/library.js:149:91)
    at rn.createMessage (/Users/saiminpyaekyaw/Desktop/workspace/myanhon-be/node_modules/@prisma/client/runtime/library.js:164:13651)
    at /Users/saiminpyaekyaw/Desktop/workspace/myanhon-be/node_modules/@prisma/client/runtime/library.js:177:10955
    at runInChildSpan (/Users/saiminpyaekyaw/Desktop/workspace/myanhon-be/node_modules/@prisma/client/runtime/library.js:70:25817)
    at t._executeRequest (/Users/saiminpyaekyaw/Desktop/workspace/myanhon-be/node_modules/@prisma/client/runtime/library.js:177:10944)
 
Tue May 23 2023 13:54:08 GMT+0630 (Myanmar Time)[ Create Admin Controller ]
Error: 
Invalid `prisma.admins.create()` invocation in
/Users/saiminpyaekyaw/Desktop/workspace/myanhon-be/controllers/admin/authController.ts:41:50

  38 }
  39 
  40 const hashedPassword = await hashPassword(req.body.password);
→ 41 const createdAdmin = await prisma.admins.create({
       data: {
     +   name: String,
         email: 'saimin@test.com',
         password: '$2b$10$NgglEEZUwBNofxEuAhIo/Ozl5UkKNXPnFo8TvFYxY86b8IhwkbYbe',
         role: 'admin role',
               ~~~~~~~~~~~~
     ?   id?: String,
     ?   loginTryCount?: Int,
     ?   verificationCode?: String,
     ?   hasLogin?: Boolean,
     ?   createdAt?: DateTime,
     ?   updatedAt?: DateTime
       }
     })

Argument role: Got invalid value 'admin role' on prisma.createOneAdmins. Provided String, expected RolesCreateNestedOneWithoutAdminsInput:
type RolesCreateNestedOneWithoutAdminsInput {
  create?: RolesCreateWithoutAdminsInput | RolesUncheckedCreateWithoutAdminsInput
  connectOrCreate?: RolesCreateOrConnectWithoutAdminsInput
  connect?: RolesWhereUniqueInput
}
Argument name for data.name is missing.

Note: Lines with + are required, lines with ? are optional.

    at mi.validate (/Users/saiminpyaekyaw/Desktop/workspace/myanhon-be/node_modules/@prisma/client/runtime/library.js:149:91)
    at rn.createMessage (/Users/saiminpyaekyaw/Desktop/workspace/myanhon-be/node_modules/@prisma/client/runtime/library.js:164:13651)
    at /Users/saiminpyaekyaw/Desktop/workspace/myanhon-be/node_modules/@prisma/client/runtime/library.js:177:10955
    at runInChildSpan (/Users/saiminpyaekyaw/Desktop/workspace/myanhon-be/node_modules/@prisma/client/runtime/library.js:70:25817)
    at t._executeRequest (/Users/saiminpyaekyaw/Desktop/workspace/myanhon-be/node_modules/@prisma/client/runtime/library.js:177:10944)
 
Tue May 23 2023 13:56:13 GMT+0630 (Myanmar Time)[ Create Admin Controller ]
Error: 
Invalid `prisma.admins.create()` invocation in
/Users/saiminpyaekyaw/Desktop/workspace/myanhon-be/controllers/admin/authController.ts:41:50

  38 }
  39 
  40 const hashedPassword = await hashPassword(req.body.password);
→ 41 const createdAdmin = await prisma.admins.create({
       data: {
     +   name: String,
         email: 'saimin@test.com',
         password: '$2b$10$PJ4oFr67roKd2GwEWvcOQuDkdAwi/PdmdHSE1Jqr5KtdZ1i6GJzYi',
         role: 'admin role',
               ~~~~~~~~~~~~
     ?   id?: String,
     ?   loginTryCount?: Int,
     ?   verificationCode?: String,
     ?   hasLogin?: Boolean,
     ?   createdAt?: DateTime,
     ?   updatedAt?: DateTime
       }
     })

Argument role: Got invalid value 'admin role' on prisma.createOneAdmins. Provided String, expected RolesCreateNestedOneWithoutAdminsInput:
type RolesCreateNestedOneWithoutAdminsInput {
  create?: RolesCreateWithoutAdminsInput | RolesUncheckedCreateWithoutAdminsInput
  connectOrCreate?: RolesCreateOrConnectWithoutAdminsInput
  connect?: RolesWhereUniqueInput
}
Argument name for data.name is missing.

Note: Lines with + are required, lines with ? are optional.

    at mi.validate (/Users/saiminpyaekyaw/Desktop/workspace/myanhon-be/node_modules/@prisma/client/runtime/library.js:149:91)
    at rn.createMessage (/Users/saiminpyaekyaw/Desktop/workspace/myanhon-be/node_modules/@prisma/client/runtime/library.js:164:13651)
    at /Users/saiminpyaekyaw/Desktop/workspace/myanhon-be/node_modules/@prisma/client/runtime/library.js:177:10955
    at runInChildSpan (/Users/saiminpyaekyaw/Desktop/workspace/myanhon-be/node_modules/@prisma/client/runtime/library.js:70:25817)
    at t._executeRequest (/Users/saiminpyaekyaw/Desktop/workspace/myanhon-be/node_modules/@prisma/client/runtime/library.js:177:10944)
 
Tue May 23 2023 13:57:58 GMT+0630 (Myanmar Time)[ Create Admin Controller ]
Error: 
Invalid `prisma.admins.create()` invocation in
/Users/saiminpyaekyaw/Desktop/workspace/myanhon-be/controllers/admin/authController.ts:41:50

  38 }
  39 
  40 const hashedPassword = await hashPassword(req.body.password);
→ 41 const createdAdmin = await prisma.admins.create({
       data: {
     +   name: String,
         email: 'saimin@test.com',
         password: '$2b$10$IyauHXVkZSYeptfsw5eOhuyzwcLr/NMyfp9mjLfTIrFB4lY3SKmOa',
         role: 'admin role',
               ~~~~~~~~~~~~
     ?   id?: String,
     ?   loginTryCount?: Int,
     ?   verificationCode?: String,
     ?   hasLogin?: Boolean,
     ?   createdAt?: DateTime,
     ?   updatedAt?: DateTime
       }
     })

Argument role: Got invalid value 'admin role' on prisma.createOneAdmins. Provided String, expected RolesCreateNestedOneWithoutAdminsInput:
type RolesCreateNestedOneWithoutAdminsInput {
  create?: RolesCreateWithoutAdminsInput | RolesUncheckedCreateWithoutAdminsInput
  connectOrCreate?: RolesCreateOrConnectWithoutAdminsInput
  connect?: RolesWhereUniqueInput
}
Argument name for data.name is missing.

Note: Lines with + are required, lines with ? are optional.

    at mi.validate (/Users/saiminpyaekyaw/Desktop/workspace/myanhon-be/node_modules/@prisma/client/runtime/library.js:149:91)
    at rn.createMessage (/Users/saiminpyaekyaw/Desktop/workspace/myanhon-be/node_modules/@prisma/client/runtime/library.js:164:13651)
    at /Users/saiminpyaekyaw/Desktop/workspace/myanhon-be/node_modules/@prisma/client/runtime/library.js:177:10955
    at runInChildSpan (/Users/saiminpyaekyaw/Desktop/workspace/myanhon-be/node_modules/@prisma/client/runtime/library.js:70:25817)
    at t._executeRequest (/Users/saiminpyaekyaw/Desktop/workspace/myanhon-be/node_modules/@prisma/client/runtime/library.js:177:10944)
 
Tue May 23 2023 13:59:41 GMT+0630 (Myanmar Time)[ Create Admin Controller ]
Error: 
Invalid `prisma.admins.create()` invocation in
/Users/saiminpyaekyaw/Desktop/workspace/myanhon-be/controllers/admin/authController.ts:41:50

  38 }
  39 
  40 const hashedPassword = await hashPassword(req.body.password);
→ 41 const createdAdmin = await prisma.admins.create({
       data: {
     +   name: String,
         email: 'saimin@test.com',
         password: '$2b$10$o6v61EMPfmV8BNYghCuyu.T7Ba/Wfc1gMLkE5nmulP3nc71w9JnpK',
         role: 'admin role',
               ~~~~~~~~~~~~
     ?   id?: String,
     ?   loginTryCount?: Int,
     ?   verificationCode?: String,
     ?   hasLogin?: Boolean,
     ?   createdAt?: DateTime,
     ?   updatedAt?: DateTime
       }
     })

Argument role: Got invalid value 'admin role' on prisma.createOneAdmins. Provided String, expected RolesCreateNestedOneWithoutAdminsInput:
type RolesCreateNestedOneWithoutAdminsInput {
  create?: RolesCreateWithoutAdminsInput | RolesUncheckedCreateWithoutAdminsInput
  connectOrCreate?: RolesCreateOrConnectWithoutAdminsInput
  connect?: RolesWhereUniqueInput
}
Argument name for data.name is missing.

Note: Lines with + are required, lines with ? are optional.

    at mi.validate (/Users/saiminpyaekyaw/Desktop/workspace/myanhon-be/node_modules/@prisma/client/runtime/library.js:149:91)
    at rn.createMessage (/Users/saiminpyaekyaw/Desktop/workspace/myanhon-be/node_modules/@prisma/client/runtime/library.js:164:13651)
    at /Users/saiminpyaekyaw/Desktop/workspace/myanhon-be/node_modules/@prisma/client/runtime/library.js:177:10955
    at runInChildSpan (/Users/saiminpyaekyaw/Desktop/workspace/myanhon-be/node_modules/@prisma/client/runtime/library.js:70:25817)
    at t._executeRequest (/Users/saiminpyaekyaw/Desktop/workspace/myanhon-be/node_modules/@prisma/client/runtime/library.js:177:10944)
 
Tue May 23 2023 14:00:30 GMT+0630 (Myanmar Time)[ Create Admin Controller ]
Error: 
Invalid `prisma.admins.create()` invocation in
/Users/saiminpyaekyaw/Desktop/workspace/myanhon-be/controllers/admin/authController.ts:41:50

  38 }
  39 
  40 const hashedPassword = await hashPassword(req.body.password);
→ 41 const createdAdmin = await prisma.admins.create({
       data: {
     +   name: String,
         email: 'saimin@test.com',
         password: '$2b$10$V/8.zwKo7DwBJHs8Hp0ju.BPRzr8VuYogg9ZmcDzFFGbGQvPSv5ay',
         role: 'admin role',
               ~~~~~~~~~~~~
     ?   id?: String,
     ?   loginTryCount?: Int,
     ?   verificationCode?: String,
     ?   hasLogin?: Boolean,
     ?   createdAt?: DateTime,
     ?   updatedAt?: DateTime
       }
     })

Argument role: Got invalid value 'admin role' on prisma.createOneAdmins. Provided String, expected RolesCreateNestedOneWithoutAdminsInput:
type RolesCreateNestedOneWithoutAdminsInput {
  create?: RolesCreateWithoutAdminsInput | RolesUncheckedCreateWithoutAdminsInput
  connectOrCreate?: RolesCreateOrConnectWithoutAdminsInput
  connect?: RolesWhereUniqueInput
}
Argument name for data.name is missing.

Note: Lines with + are required, lines with ? are optional.

    at mi.validate (/Users/saiminpyaekyaw/Desktop/workspace/myanhon-be/node_modules/@prisma/client/runtime/library.js:149:91)
    at rn.createMessage (/Users/saiminpyaekyaw/Desktop/workspace/myanhon-be/node_modules/@prisma/client/runtime/library.js:164:13651)
    at /Users/saiminpyaekyaw/Desktop/workspace/myanhon-be/node_modules/@prisma/client/runtime/library.js:177:10955
    at runInChildSpan (/Users/saiminpyaekyaw/Desktop/workspace/myanhon-be/node_modules/@prisma/client/runtime/library.js:70:25817)
    at t._executeRequest (/Users/saiminpyaekyaw/Desktop/workspace/myanhon-be/node_modules/@prisma/client/runtime/library.js:177:10944)
 
Tue May 23 2023 14:04:26 GMT+0630 (Myanmar Time)[ Create Admin Controller ]
Error: 
Invalid `prisma.admins.create()` invocation in
/Users/saiminpyaekyaw/Desktop/workspace/myanhon-be/controllers/admin/authController.ts:41:50

  38 }
  39 
  40 const hashedPassword = await hashPassword(req.body.password);
→ 41 const createdAdmin = await prisma.admins.create({
       data: {
     +   name: String,
         email: 'saimin@test.com',
         password: '$2b$10$wKFv4OIu3tUTq2pkz0XvR.QmOLTd09F20Fsdh6yo6/1yv/kqcwhTa',
         role: 'admin role',
               ~~~~~~~~~~~~
     ?   id?: String,
     ?   loginTryCount?: Int,
     ?   verificationCode?: String,
     ?   hasLogin?: Boolean,
     ?   createdAt?: DateTime,
     ?   updatedAt?: DateTime
       }
     })

Argument role: Got invalid value 'admin role' on prisma.createOneAdmins. Provided String, expected RolesCreateNestedOneWithoutAdminsInput:
type RolesCreateNestedOneWithoutAdminsInput {
  create?: RolesCreateWithoutAdminsInput | RolesUncheckedCreateWithoutAdminsInput
  connectOrCreate?: RolesCreateOrConnectWithoutAdminsInput
  connect?: RolesWhereUniqueInput
}
Argument name for data.name is missing.

Note: Lines with + are required, lines with ? are optional.

    at mi.validate (/Users/saiminpyaekyaw/Desktop/workspace/myanhon-be/node_modules/@prisma/client/runtime/library.js:149:91)
    at rn.createMessage (/Users/saiminpyaekyaw/Desktop/workspace/myanhon-be/node_modules/@prisma/client/runtime/library.js:164:13651)
    at /Users/saiminpyaekyaw/Desktop/workspace/myanhon-be/node_modules/@prisma/client/runtime/library.js:177:10955
    at runInChildSpan (/Users/saiminpyaekyaw/Desktop/workspace/myanhon-be/node_modules/@prisma/client/runtime/library.js:70:25817)
    at t._executeRequest (/Users/saiminpyaekyaw/Desktop/workspace/myanhon-be/node_modules/@prisma/client/runtime/library.js:177:10944)
 
Tue May 23 2023 14:13:27 GMT+0630 (Myanmar Time)[ Create Admin Controller ]
Error: 
Invalid `prisma.admins.create()` invocation in
/Users/saiminpyaekyaw/Desktop/workspace/myanhon-be/controllers/admin/authController.ts:41:50

  38 }
  39 
  40 const hashedPassword = await hashPassword(req.body.password);
→ 41 const createdAdmin = await prisma.admins.create({
       data: {
     +   name: String,
         email: 'saimin@test.com',
         password: '$2b$10$hob0.DYdtLHK3LZOaat/m.kXJ6T.WnkaAXphnAnTwHPJZ2BCVLy6W',
         role: 'admin role',
               ~~~~~~~~~~~~
     ?   id?: String,
     ?   loginTryCount?: Int,
     ?   verificationCode?: String,
     ?   hasLogin?: Boolean,
     ?   createdAt?: DateTime,
     ?   updatedAt?: DateTime
       }
     })

Argument role: Got invalid value 'admin role' on prisma.createOneAdmins. Provided String, expected RolesCreateNestedOneWithoutAdminsInput:
type RolesCreateNestedOneWithoutAdminsInput {
  create?: RolesCreateWithoutAdminsInput | RolesUncheckedCreateWithoutAdminsInput
  connectOrCreate?: RolesCreateOrConnectWithoutAdminsInput
  connect?: RolesWhereUniqueInput
}
Argument name for data.name is missing.

Note: Lines with + are required, lines with ? are optional.

    at mi.validate (/Users/saiminpyaekyaw/Desktop/workspace/myanhon-be/node_modules/@prisma/client/runtime/library.js:149:91)
    at rn.createMessage (/Users/saiminpyaekyaw/Desktop/workspace/myanhon-be/node_modules/@prisma/client/runtime/library.js:164:13651)
    at /Users/saiminpyaekyaw/Desktop/workspace/myanhon-be/node_modules/@prisma/client/runtime/library.js:177:10955
    at runInChildSpan (/Users/saiminpyaekyaw/Desktop/workspace/myanhon-be/node_modules/@prisma/client/runtime/library.js:70:25817)
    at t._executeRequest (/Users/saiminpyaekyaw/Desktop/workspace/myanhon-be/node_modules/@prisma/client/runtime/library.js:177:10944)
 
Tue May 23 2023 14:13:44 GMT+0630 (Myanmar Time)[ Create Admin Controller ]
Error: 
Invalid `prisma.admins.create()` invocation in
/Users/saiminpyaekyaw/Desktop/workspace/myanhon-be/controllers/admin/authController.ts:41:50

  38 }
  39 
  40 const hashedPassword = await hashPassword(req.body.password);
→ 41 const createdAdmin = await prisma.admins.create({
       data: {
     +   name: String,
         email: 'saimin@test.com',
         password: '$2b$10$eh5kNjE//HxvklRj30grfOITJiFOk0iyDnAdN7a1Y4u2qdYo/f72y',
         role: 'admin role',
               ~~~~~~~~~~~~
     ?   id?: String,
     ?   loginTryCount?: Int,
     ?   verificationCode?: String,
     ?   hasLogin?: Boolean,
     ?   createdAt?: DateTime,
     ?   updatedAt?: DateTime
       }
     })

Argument role: Got invalid value 'admin role' on prisma.createOneAdmins. Provided String, expected RolesCreateNestedOneWithoutAdminsInput:
type RolesCreateNestedOneWithoutAdminsInput {
  create?: RolesCreateWithoutAdminsInput | RolesUncheckedCreateWithoutAdminsInput
  connectOrCreate?: RolesCreateOrConnectWithoutAdminsInput
  connect?: RolesWhereUniqueInput
}
Argument name for data.name is missing.

Note: Lines with + are required, lines with ? are optional.

    at mi.validate (/Users/saiminpyaekyaw/Desktop/workspace/myanhon-be/node_modules/@prisma/client/runtime/library.js:149:91)
    at rn.createMessage (/Users/saiminpyaekyaw/Desktop/workspace/myanhon-be/node_modules/@prisma/client/runtime/library.js:164:13651)
    at /Users/saiminpyaekyaw/Desktop/workspace/myanhon-be/node_modules/@prisma/client/runtime/library.js:177:10955
    at runInChildSpan (/Users/saiminpyaekyaw/Desktop/workspace/myanhon-be/node_modules/@prisma/client/runtime/library.js:70:25817)
    at t._executeRequest (/Users/saiminpyaekyaw/Desktop/workspace/myanhon-be/node_modules/@prisma/client/runtime/library.js:177:10944)
 
Tue May 23 2023 14:56:55 GMT+0630 (Myanmar Time)[ Create Admin Controller ]
Error: 
Invalid `prisma.admins.create()` invocation in
/Users/saiminpyaekyaw/Desktop/workspace/myanhon-be/controllers/admin/authController.ts:41:50

  38 }
  39 
  40 const hashedPassword = await hashPassword(req.body.password);
→ 41 const createdAdmin = await prisma.admins.create({
       data: {
     +   name: String,
         email: 'saimin@test.com',
         password: '$2b$10$FArOwId4g3fC0y1N4kk2qOMYZ9x1eFllVYMHdQ0ZFjsRiIYNxyvyi',
         roleId: ea41b95b-4602-48c3-baf5-9dd93e4fe1e4,
         ~~~~~~
     +   role: {
     +     create?: RolesCreateWithoutAdminsInput | RolesUncheckedCreateWithoutAdminsInput,
     +     connectOrCreate?: RolesCreateOrConnectWithoutAdminsInput,
     +     connect?: RolesWhereUniqueInput
     +   },
     ?   id?: String,
     ?   loginTryCount?: Int,
     ?   verificationCode?: String,
     ?   hasLogin?: Boolean,
     ?   createdAt?: DateTime,
     ?   updatedAt?: DateTime
       }
     })

Unknown arg `roleId` in data.roleId for type AdminsCreateInput. Did you mean `role`?
Argument name for data.name is missing.
Argument role for data.role is missing.

Note: Lines with + are required, lines with ? are optional.

    at mi.validate (/Users/saiminpyaekyaw/Desktop/workspace/myanhon-be/node_modules/@prisma/client/runtime/library.js:149:91)
    at rn.createMessage (/Users/saiminpyaekyaw/Desktop/workspace/myanhon-be/node_modules/@prisma/client/runtime/library.js:164:13651)
    at /Users/saiminpyaekyaw/Desktop/workspace/myanhon-be/node_modules/@prisma/client/runtime/library.js:177:10955
    at runInChildSpan (/Users/saiminpyaekyaw/Desktop/workspace/myanhon-be/node_modules/@prisma/client/runtime/library.js:70:25817)
    at t._executeRequest (/Users/saiminpyaekyaw/Desktop/workspace/myanhon-be/node_modules/@prisma/client/runtime/library.js:177:10944)
 
Tue May 23 2023 14:57:01 GMT+0630 (Myanmar Time)[ Create Admin Controller ]
Error: 
Invalid `prisma.admins.create()` invocation in
/Users/saiminpyaekyaw/Desktop/workspace/myanhon-be/controllers/admin/authController.ts:41:50

  38 }
  39 
  40 const hashedPassword = await hashPassword(req.body.password);
→ 41 const createdAdmin = await prisma.admins.create({
       data: {
     +   name: String,
         email: 'saimin@test.com',
         password: '$2b$10$AwVZwk2ctb6xrL3PhAHhfeH91.d9H5N9KbdTlSfLJZeVUvxACbpBS',
         roleId: ea41b95b-4602-48c3-baf5-9dd93e4fe1e4,
         ~~~~~~
     +   role: {
     +     create?: RolesCreateWithoutAdminsInput | RolesUncheckedCreateWithoutAdminsInput,
     +     connectOrCreate?: RolesCreateOrConnectWithoutAdminsInput,
     +     connect?: RolesWhereUniqueInput
     +   },
     ?   id?: String,
     ?   loginTryCount?: Int,
     ?   verificationCode?: String,
     ?   hasLogin?: Boolean,
     ?   createdAt?: DateTime,
     ?   updatedAt?: DateTime
       }
     })

Unknown arg `roleId` in data.roleId for type AdminsCreateInput. Did you mean `role`?
Argument name for data.name is missing.
Argument role for data.role is missing.

Note: Lines with + are required, lines with ? are optional.

    at mi.validate (/Users/saiminpyaekyaw/Desktop/workspace/myanhon-be/node_modules/@prisma/client/runtime/library.js:149:91)
    at rn.createMessage (/Users/saiminpyaekyaw/Desktop/workspace/myanhon-be/node_modules/@prisma/client/runtime/library.js:164:13651)
    at /Users/saiminpyaekyaw/Desktop/workspace/myanhon-be/node_modules/@prisma/client/runtime/library.js:177:10955
    at runInChildSpan (/Users/saiminpyaekyaw/Desktop/workspace/myanhon-be/node_modules/@prisma/client/runtime/library.js:70:25817)
    at t._executeRequest (/Users/saiminpyaekyaw/Desktop/workspace/myanhon-be/node_modules/@prisma/client/runtime/library.js:177:10944)
 
Tue May 23 2023 15:23:29 GMT+0630 (Myanmar Time)[ Create Admin Controller ]
ReferenceError: getJwtToken is not defined
    at /Users/saiminpyaekyaw/Desktop/workspace/myanhon-be/controllers/admin/authController.ts:47:20
    at Generator.next (<anonymous>)
    at fulfilled (/Users/saiminpyaekyaw/Desktop/workspace/myanhon-be/controllers/admin/authController.ts:5:58)
 
Sun Jun 04 2023 23:15:13 GMT+0630 (Myanmar Time)[ Get Roles Controller ]
Error: 
Invalid `prisma.roles.findMany()` invocation in
/Users/saiminpyaekyaw/Desktop/workspace/myanhon-be/dist/controllers/admin/roleController.js:22:42

  19 redisClient.connect();
  20 const getRoles = (req, res) => __awaiter(void 0, void 0, void 0, function* () {
  21     try {
→ 22         const roles = yield prisma.roles.findMany({
               include: {
               ~~~~~~~
                 rolePermission: {
                   select: {
                     permission: true
                   },
                   include: {
                     permission: true
                   }
                 }
               }
             })


Please either use `include` or `select`, but not both at the same time.

    at mi.validate (/Users/saiminpyaekyaw/Desktop/workspace/myanhon-be/node_modules/@prisma/client/runtime/library.js:149:91)
    at rn.createMessage (/Users/saiminpyaekyaw/Desktop/workspace/myanhon-be/node_modules/@prisma/client/runtime/library.js:164:13651)
    at /Users/saiminpyaekyaw/Desktop/workspace/myanhon-be/node_modules/@prisma/client/runtime/library.js:177:10955
    at runInChildSpan (/Users/saiminpyaekyaw/Desktop/workspace/myanhon-be/node_modules/@prisma/client/runtime/library.js:70:25817)
    at t._executeRequest (/Users/saiminpyaekyaw/Desktop/workspace/myanhon-be/node_modules/@prisma/client/runtime/library.js:177:10944)
    at async t._request (/Users/saiminpyaekyaw/Desktop/workspace/myanhon-be/node_modules/@prisma/client/runtime/library.js:177:10477)
 
Sun Jun 04 2023 23:20:22 GMT+0630 (Myanmar Time)[ Get Roles Controller ]
Error: 
Invalid `prisma.roles.findMany()` invocation in
/Users/saiminpyaekyaw/Desktop/workspace/myanhon-be/dist/controllers/admin/roleController.js:22:42

  19 redisClient.connect();
  20 const getRoles = (req, res) => __awaiter(void 0, void 0, void 0, function* () {
  21     try {
→ 22         const roles = yield prisma.roles.findMany({
               include: {
               ~~~~~~~
                 permissions: {
                   select: {
                     permissions: true
                   },
                   include: {
                     permissions: true
                   }
                 }
               }
             })


Please either use `include` or `select`, but not both at the same time.

    at mi.validate (/Users/saiminpyaekyaw/Desktop/workspace/myanhon-be/node_modules/@prisma/client/runtime/library.js:149:91)
    at rn.createMessage (/Users/saiminpyaekyaw/Desktop/workspace/myanhon-be/node_modules/@prisma/client/runtime/library.js:164:13651)
    at /Users/saiminpyaekyaw/Desktop/workspace/myanhon-be/node_modules/@prisma/client/runtime/library.js:177:10955
    at runInChildSpan (/Users/saiminpyaekyaw/Desktop/workspace/myanhon-be/node_modules/@prisma/client/runtime/library.js:70:25817)
    at t._executeRequest (/Users/saiminpyaekyaw/Desktop/workspace/myanhon-be/node_modules/@prisma/client/runtime/library.js:177:10944)
    at async t._request (/Users/saiminpyaekyaw/Desktop/workspace/myanhon-be/node_modules/@prisma/client/runtime/library.js:177:10477)
 
Sun Jun 04 2023 23:23:38 GMT+0630 (Myanmar Time)[ Get Roles Controller ]
Error: 
Invalid `prisma.roles.findMany()` invocation in
/Users/saiminpyaekyaw/Desktop/workspace/myanhon-be/dist/controllers/admin/roleController.js:22:42

  19 redisClient.connect();
  20 const getRoles = (req, res) => __awaiter(void 0, void 0, void 0, function* () {
  21     try {
→ 22         const roles = yield prisma.roles.findMany({
               include: {
               ~~~~~~~
                 permissions: {
                   select: {
                     permissions: true
                   },
                   include: {
                     permissions: true
                   }
                 }
               }
             })


Please either use `include` or `select`, but not both at the same time.

    at mi.validate (/Users/saiminpyaekyaw/Desktop/workspace/myanhon-be/node_modules/@prisma/client/runtime/library.js:149:91)
    at rn.createMessage (/Users/saiminpyaekyaw/Desktop/workspace/myanhon-be/node_modules/@prisma/client/runtime/library.js:164:13651)
    at /Users/saiminpyaekyaw/Desktop/workspace/myanhon-be/node_modules/@prisma/client/runtime/library.js:177:10955
    at runInChildSpan (/Users/saiminpyaekyaw/Desktop/workspace/myanhon-be/node_modules/@prisma/client/runtime/library.js:70:25817)
    at t._executeRequest (/Users/saiminpyaekyaw/Desktop/workspace/myanhon-be/node_modules/@prisma/client/runtime/library.js:177:10944)
    at async t._request (/Users/saiminpyaekyaw/Desktop/workspace/myanhon-be/node_modules/@prisma/client/runtime/library.js:177:10477)
 
Sun Jun 04 2023 23:23:39 GMT+0630 (Myanmar Time)[ Get Roles Controller ]
Error: 
Invalid `prisma.roles.findMany()` invocation in
/Users/saiminpyaekyaw/Desktop/workspace/myanhon-be/dist/controllers/admin/roleController.js:22:42

  19 redisClient.connect();
  20 const getRoles = (req, res) => __awaiter(void 0, void 0, void 0, function* () {
  21     try {
→ 22         const roles = yield prisma.roles.findMany({
               include: {
               ~~~~~~~
                 permissions: {
                   select: {
                     permissions: true
                   },
                   include: {
                     permissions: true
                   }
                 }
               }
             })


Please either use `include` or `select`, but not both at the same time.

    at mi.validate (/Users/saiminpyaekyaw/Desktop/workspace/myanhon-be/node_modules/@prisma/client/runtime/library.js:149:91)
    at rn.createMessage (/Users/saiminpyaekyaw/Desktop/workspace/myanhon-be/node_modules/@prisma/client/runtime/library.js:164:13651)
    at /Users/saiminpyaekyaw/Desktop/workspace/myanhon-be/node_modules/@prisma/client/runtime/library.js:177:10955
    at runInChildSpan (/Users/saiminpyaekyaw/Desktop/workspace/myanhon-be/node_modules/@prisma/client/runtime/library.js:70:25817)
    at t._executeRequest (/Users/saiminpyaekyaw/Desktop/workspace/myanhon-be/node_modules/@prisma/client/runtime/library.js:177:10944)
    at process.processTicksAndRejections (node:internal/process/task_queues:95:5)
 
Tue Jun 06 2023 00:22:00 GMT+0630 (Myanmar Time)[ Get Role By ID Controller ]
Error: 
Invalid `prisma.roles.update()` invocation in
/Users/saiminpyaekyaw/Desktop/workspace/myanhon-be/controllers/admin/roleController.ts:54:28

  51 export const addPermissionToRole = async (req: Request, res: Response) => {
  52     console.log("LEE LR", req.params);
  53     try {
→ 54         await prisma.roles.update({
               where: {
                 id: 'baf77acc-69a5-4b0b-b89a-2c897c39ffa1'
               },
               data: {
                 permissions: [
                   '297d3afc-9680-44d5-9542-cd1f86d77559',
                   '1150b554-7063-437e-9dff-80b96ef49b4e'
                 ]
                 ~~~~~~~~~~~~~~~~~~~~~~~~~~~~~~~~~~~~~~~~~
               }
             })

Argument permissions: Got invalid value 
[
  '297d3afc-9680-44d5-9542-cd1f86d77559',
  '1150b554-7063-437e-9dff-80b96ef49b4e'
]
on prisma.updateOneRoles. Provided List<UUID>, expected PermissionsUpdateManyWithoutRoleNestedInput:
type PermissionsUpdateManyWithoutRoleNestedInput {
  create?: PermissionsCreateWithoutRoleInput | List<PermissionsCreateWithoutRoleInput> | PermissionsUncheckedCreateWithoutRoleInput | List<PermissionsUncheckedCreateWithoutRoleInput>
  connectOrCreate?: PermissionsCreateOrConnectWithoutRoleInput | List<PermissionsCreateOrConnectWithoutRoleInput>
  upsert?: PermissionsUpsertWithWhereUniqueWithoutRoleInput | List<PermissionsUpsertWithWhereUniqueWithoutRoleInput>
  set?: PermissionsWhereUniqueInput | List<PermissionsWhereUniqueInput>
  disconnect?: PermissionsWhereUniqueInput | List<PermissionsWhereUniqueInput>
  delete?: PermissionsWhereUniqueInput | List<PermissionsWhereUniqueInput>
  connect?: PermissionsWhereUniqueInput | List<PermissionsWhereUniqueInput>
  update?: PermissionsUpdateWithWhereUniqueWithoutRoleInput | List<PermissionsUpdateWithWhereUniqueWithoutRoleInput>
  updateMany?: PermissionsUpdateManyWithWhereWithoutRoleInput | List<PermissionsUpdateManyWithWhereWithoutRoleInput>
  deleteMany?: PermissionsScalarWhereInput | List<PermissionsScalarWhereInput>
}


    at mi.validate (/Users/saiminpyaekyaw/Desktop/workspace/myanhon-be/node_modules/@prisma/client/runtime/library.js:149:91)
    at rn.createMessage (/Users/saiminpyaekyaw/Desktop/workspace/myanhon-be/node_modules/@prisma/client/runtime/library.js:164:13651)
    at /Users/saiminpyaekyaw/Desktop/workspace/myanhon-be/node_modules/@prisma/client/runtime/library.js:177:10955
    at runInChildSpan (/Users/saiminpyaekyaw/Desktop/workspace/myanhon-be/node_modules/@prisma/client/runtime/library.js:70:25817)
    at t._executeRequest (/Users/saiminpyaekyaw/Desktop/workspace/myanhon-be/node_modules/@prisma/client/runtime/library.js:177:10944)
    at processTicksAndRejections (node:internal/process/task_queues:95:5)
 
Tue Jun 06 2023 00:22:02 GMT+0630 (Myanmar Time)[ Get Role By ID Controller ]
Error: 
Invalid `prisma.roles.update()` invocation in
/Users/saiminpyaekyaw/Desktop/workspace/myanhon-be/dist/controllers/admin/roleController.js:60:28

  57 const addPermissionToRole = (req, res) => __awaiter(void 0, void 0, void 0, function* () {
  58     console.log("LEE LR", req.params);
  59     try {
→ 60         yield prisma.roles.update({
               where: {
                 id: 'ea41b95b-4602-48c3-baf5-9dd93e4fe1e4'
               },
               data: {
                 permissions: [
                   '7d22f980-381e-435e-a932-71db64d4d7f9',
                   '297d3afc-9680-44d5-9542-cd1f86d77559'
                 ]
                 ~~~~~~~~~~~~~~~~~~~~~~~~~~~~~~~~~~~~~~~~~
               }
             })

Argument permissions: Got invalid value 
[
  '7d22f980-381e-435e-a932-71db64d4d7f9',
  '297d3afc-9680-44d5-9542-cd1f86d77559'
]
on prisma.updateOneRoles. Provided List<UUID>, expected PermissionsUpdateManyWithoutRoleNestedInput:
type PermissionsUpdateManyWithoutRoleNestedInput {
  create?: PermissionsCreateWithoutRoleInput | List<PermissionsCreateWithoutRoleInput> | PermissionsUncheckedCreateWithoutRoleInput | List<PermissionsUncheckedCreateWithoutRoleInput>
  connectOrCreate?: PermissionsCreateOrConnectWithoutRoleInput | List<PermissionsCreateOrConnectWithoutRoleInput>
  upsert?: PermissionsUpsertWithWhereUniqueWithoutRoleInput | List<PermissionsUpsertWithWhereUniqueWithoutRoleInput>
  set?: PermissionsWhereUniqueInput | List<PermissionsWhereUniqueInput>
  disconnect?: PermissionsWhereUniqueInput | List<PermissionsWhereUniqueInput>
  delete?: PermissionsWhereUniqueInput | List<PermissionsWhereUniqueInput>
  connect?: PermissionsWhereUniqueInput | List<PermissionsWhereUniqueInput>
  update?: PermissionsUpdateWithWhereUniqueWithoutRoleInput | List<PermissionsUpdateWithWhereUniqueWithoutRoleInput>
  updateMany?: PermissionsUpdateManyWithWhereWithoutRoleInput | List<PermissionsUpdateManyWithWhereWithoutRoleInput>
  deleteMany?: PermissionsScalarWhereInput | List<PermissionsScalarWhereInput>
}


    at mi.validate (/Users/saiminpyaekyaw/Desktop/workspace/myanhon-be/node_modules/@prisma/client/runtime/library.js:149:91)
    at rn.createMessage (/Users/saiminpyaekyaw/Desktop/workspace/myanhon-be/node_modules/@prisma/client/runtime/library.js:164:13651)
    at /Users/saiminpyaekyaw/Desktop/workspace/myanhon-be/node_modules/@prisma/client/runtime/library.js:177:10955
    at runInChildSpan (/Users/saiminpyaekyaw/Desktop/workspace/myanhon-be/node_modules/@prisma/client/runtime/library.js:70:25817)
    at t._executeRequest (/Users/saiminpyaekyaw/Desktop/workspace/myanhon-be/node_modules/@prisma/client/runtime/library.js:177:10944)
    at async t._request (/Users/saiminpyaekyaw/Desktop/workspace/myanhon-be/node_modules/@prisma/client/runtime/library.js:177:10477)
 
Tue Jun 06 2023 00:23:04 GMT+0630 (Myanmar Time)[ Get Role By ID Controller ]
Error: 
Invalid `prisma.roles.update()` invocation in
/Users/saiminpyaekyaw/Desktop/workspace/myanhon-be/controllers/admin/roleController.ts:54:28

  51 export const addPermissionToRole = async (req: Request, res: Response) => {
  52     console.log("LEE LR", req.params);
  53     try {
→ 54         await prisma.roles.update({
               where: {
                 id: 'baf77acc-69a5-4b0b-b89a-2c897c39ffa1'
               },
               data: {
                 permissions: {
                   connect: [
                     '297d3afc-9680-44d5-9542-cd1f86d77559',
                     '1150b554-7063-437e-9dff-80b96ef49b4e'
                   ]
                   ~~~~~~~~~~~~~~~~~~~~~~~~~~~~~~~~~~~~~~~~~
                 }
               }
             })

Argument data.permissions.connect of type PermissionsWhereUniqueInput needs exactly one argument, but you provided 0 and 1 and 2 and 3 and 4 and 5 and 6 and 7 and 8 and 9 and 10 and 11 and 12 and 13 and 14 and 15 and 16 and 17 and 18 and 19 and 20 and 21 and 22 and 23 and 24 and 25 and 26 and 27 and 28 and 29 and 30 and 31 and 32 and 33 and 34 and 35. Please choose one. Available args: 
type PermissionsWhereUniqueInput {
  id?: String
}


    at mi.validate (/Users/saiminpyaekyaw/Desktop/workspace/myanhon-be/node_modules/@prisma/client/runtime/library.js:149:91)
    at rn.createMessage (/Users/saiminpyaekyaw/Desktop/workspace/myanhon-be/node_modules/@prisma/client/runtime/library.js:164:13651)
    at /Users/saiminpyaekyaw/Desktop/workspace/myanhon-be/node_modules/@prisma/client/runtime/library.js:177:10955
    at runInChildSpan (/Users/saiminpyaekyaw/Desktop/workspace/myanhon-be/node_modules/@prisma/client/runtime/library.js:70:25817)
    at t._executeRequest (/Users/saiminpyaekyaw/Desktop/workspace/myanhon-be/node_modules/@prisma/client/runtime/library.js:177:10944)
    at processTicksAndRejections (node:internal/process/task_queues:95:5)
 
Tue Jun 06 2023 00:23:06 GMT+0630 (Myanmar Time)[ Get Role By ID Controller ]
Error: 
Invalid `prisma.roles.update()` invocation in
/Users/saiminpyaekyaw/Desktop/workspace/myanhon-be/dist/controllers/admin/roleController.js:60:28

  57 const addPermissionToRole = (req, res) => __awaiter(void 0, void 0, void 0, function* () {
  58     console.log("LEE LR", req.params);
  59     try {
→ 60         yield prisma.roles.update({
               where: {
                 id: 'ea41b95b-4602-48c3-baf5-9dd93e4fe1e4'
               },
               data: {
                 permissions: {
                   connect: [
                     '7d22f980-381e-435e-a932-71db64d4d7f9',
                     '297d3afc-9680-44d5-9542-cd1f86d77559'
                   ]
                   ~~~~~~~~~~~~~~~~~~~~~~~~~~~~~~~~~~~~~~~~~
                 }
               }
             })

Argument data.permissions.connect of type PermissionsWhereUniqueInput needs exactly one argument, but you provided 0 and 1 and 2 and 3 and 4 and 5 and 6 and 7 and 8 and 9 and 10 and 11 and 12 and 13 and 14 and 15 and 16 and 17 and 18 and 19 and 20 and 21 and 22 and 23 and 24 and 25 and 26 and 27 and 28 and 29 and 30 and 31 and 32 and 33 and 34 and 35. Please choose one. Available args: 
type PermissionsWhereUniqueInput {
  id?: String
}


    at mi.validate (/Users/saiminpyaekyaw/Desktop/workspace/myanhon-be/node_modules/@prisma/client/runtime/library.js:149:91)
    at rn.createMessage (/Users/saiminpyaekyaw/Desktop/workspace/myanhon-be/node_modules/@prisma/client/runtime/library.js:164:13651)
    at /Users/saiminpyaekyaw/Desktop/workspace/myanhon-be/node_modules/@prisma/client/runtime/library.js:177:10955
    at runInChildSpan (/Users/saiminpyaekyaw/Desktop/workspace/myanhon-be/node_modules/@prisma/client/runtime/library.js:70:25817)
    at t._executeRequest (/Users/saiminpyaekyaw/Desktop/workspace/myanhon-be/node_modules/@prisma/client/runtime/library.js:177:10944)
    at async t._request (/Users/saiminpyaekyaw/Desktop/workspace/myanhon-be/node_modules/@prisma/client/runtime/library.js:177:10477)
 
Tue Jun 06 2023 00:23:50 GMT+0630 (Myanmar Time)[ Get Role By ID Controller ]
Error: 
Invalid `prisma.roles.update()` invocation in
/Users/saiminpyaekyaw/Desktop/workspace/myanhon-be/controllers/admin/roleController.ts:53:28

  50 
  51 export const addPermissionToRole = async (req: Request, res: Response) => {
  52     try {
→ 53         await prisma.roles.update({
               where: {
                 id: 'baf77acc-69a5-4b0b-b89a-2c897c39ffa1'
               },
               data: {
                 permissions: {
                   connect: [
                     '297d3afc-9680-44d5-9542-cd1f86d77559',
                     '1150b554-7063-437e-9dff-80b96ef49b4e'
                   ]
                   ~~~~~~~~~~~~~~~~~~~~~~~~~~~~~~~~~~~~~~~~~
                 }
               }
             })

Argument data.permissions.connect of type PermissionsWhereUniqueInput needs exactly one argument, but you provided 0 and 1 and 2 and 3 and 4 and 5 and 6 and 7 and 8 and 9 and 10 and 11 and 12 and 13 and 14 and 15 and 16 and 17 and 18 and 19 and 20 and 21 and 22 and 23 and 24 and 25 and 26 and 27 and 28 and 29 and 30 and 31 and 32 and 33 and 34 and 35. Please choose one. Available args: 
type PermissionsWhereUniqueInput {
  id?: String
}


    at mi.validate (/Users/saiminpyaekyaw/Desktop/workspace/myanhon-be/node_modules/@prisma/client/runtime/library.js:149:91)
    at rn.createMessage (/Users/saiminpyaekyaw/Desktop/workspace/myanhon-be/node_modules/@prisma/client/runtime/library.js:164:13651)
    at /Users/saiminpyaekyaw/Desktop/workspace/myanhon-be/node_modules/@prisma/client/runtime/library.js:177:10955
    at runInChildSpan (/Users/saiminpyaekyaw/Desktop/workspace/myanhon-be/node_modules/@prisma/client/runtime/library.js:70:25817)
    at t._executeRequest (/Users/saiminpyaekyaw/Desktop/workspace/myanhon-be/node_modules/@prisma/client/runtime/library.js:177:10944)
    at processTicksAndRejections (node:internal/process/task_queues:95:5)
 
Tue Jun 06 2023 00:24:16 GMT+0630 (Myanmar Time)[ Get Role By ID Controller ]
Error: 
Invalid `prisma.roles.update()` invocation in
/Users/saiminpyaekyaw/Desktop/workspace/myanhon-be/dist/controllers/admin/roleController.js:59:28

  56 exports.getRoleById = getRoleById;
  57 const addPermissionToRole = (req, res) => __awaiter(void 0, void 0, void 0, function* () {
  58     try {
→ 59         yield prisma.roles.update({
               where: {
                 id: 'ea41b95b-4602-48c3-baf5-9dd93e4fe1e4'
               },
               data: {
                 permissions: {
                   connect: [
                     '7d22f980-381e-435e-a932-71db64d4d7f9',
                     '297d3afc-9680-44d5-9542-cd1f86d77559'
                   ]
                   ~~~~~~~~~~~~~~~~~~~~~~~~~~~~~~~~~~~~~~~~~
                 }
               }
             })

Argument data.permissions.connect of type PermissionsWhereUniqueInput needs exactly one argument, but you provided 0 and 1 and 2 and 3 and 4 and 5 and 6 and 7 and 8 and 9 and 10 and 11 and 12 and 13 and 14 and 15 and 16 and 17 and 18 and 19 and 20 and 21 and 22 and 23 and 24 and 25 and 26 and 27 and 28 and 29 and 30 and 31 and 32 and 33 and 34 and 35. Please choose one. Available args: 
type PermissionsWhereUniqueInput {
  id?: String
}


    at mi.validate (/Users/saiminpyaekyaw/Desktop/workspace/myanhon-be/node_modules/@prisma/client/runtime/library.js:149:91)
    at rn.createMessage (/Users/saiminpyaekyaw/Desktop/workspace/myanhon-be/node_modules/@prisma/client/runtime/library.js:164:13651)
    at /Users/saiminpyaekyaw/Desktop/workspace/myanhon-be/node_modules/@prisma/client/runtime/library.js:177:10955
    at runInChildSpan (/Users/saiminpyaekyaw/Desktop/workspace/myanhon-be/node_modules/@prisma/client/runtime/library.js:70:25817)
    at t._executeRequest (/Users/saiminpyaekyaw/Desktop/workspace/myanhon-be/node_modules/@prisma/client/runtime/library.js:177:10944)
    at async t._request (/Users/saiminpyaekyaw/Desktop/workspace/myanhon-be/node_modules/@prisma/client/runtime/library.js:177:10477)
 
Tue Jun 06 2023 00:24:55 GMT+0630 (Myanmar Time)[ Get Role By ID Controller ]
Error: 
Invalid `prisma.roles.update()` invocation in
/Users/saiminpyaekyaw/Desktop/workspace/myanhon-be/controllers/admin/roleController.ts:54:28

  51 export const addPermissionToRole = async (req: Request, res: Response) => {
  52     console.log("LEE LR", req.params);
  53     try {
→ 54         await prisma.roles.update({
               where: {
                 id: 'baf77acc-69a5-4b0b-b89a-2c897c39ffa1'
               },
               data: {
                 permissions: {
                   connect: [
                     '297d3afc-9680-44d5-9542-cd1f86d77559',
                     '1150b554-7063-437e-9dff-80b96ef49b4e'
                   ]
                   ~~~~~~~~~~~~~~~~~~~~~~~~~~~~~~~~~~~~~~~~~
                 }
               }
             })

Argument data.permissions.connect of type PermissionsWhereUniqueInput needs exactly one argument, but you provided 0 and 1 and 2 and 3 and 4 and 5 and 6 and 7 and 8 and 9 and 10 and 11 and 12 and 13 and 14 and 15 and 16 and 17 and 18 and 19 and 20 and 21 and 22 and 23 and 24 and 25 and 26 and 27 and 28 and 29 and 30 and 31 and 32 and 33 and 34 and 35. Please choose one. Available args: 
type PermissionsWhereUniqueInput {
  id?: String
}


    at mi.validate (/Users/saiminpyaekyaw/Desktop/workspace/myanhon-be/node_modules/@prisma/client/runtime/library.js:149:91)
    at rn.createMessage (/Users/saiminpyaekyaw/Desktop/workspace/myanhon-be/node_modules/@prisma/client/runtime/library.js:164:13651)
    at /Users/saiminpyaekyaw/Desktop/workspace/myanhon-be/node_modules/@prisma/client/runtime/library.js:177:10955
    at runInChildSpan (/Users/saiminpyaekyaw/Desktop/workspace/myanhon-be/node_modules/@prisma/client/runtime/library.js:70:25817)
    at t._executeRequest (/Users/saiminpyaekyaw/Desktop/workspace/myanhon-be/node_modules/@prisma/client/runtime/library.js:177:10944)
    at processTicksAndRejections (node:internal/process/task_queues:95:5)
 
Tue Jun 06 2023 00:24:58 GMT+0630 (Myanmar Time)[ Get Role By ID Controller ]
Error: 
Invalid `prisma.roles.update()` invocation in
/Users/saiminpyaekyaw/Desktop/workspace/myanhon-be/dist/controllers/admin/roleController.js:60:28

  57 const addPermissionToRole = (req, res) => __awaiter(void 0, void 0, void 0, function* () {
  58     console.log("LEE LR", req.params);
  59     try {
→ 60         yield prisma.roles.update({
               where: {
                 id: 'ea41b95b-4602-48c3-baf5-9dd93e4fe1e4'
               },
               data: {
                 permissions: {
                   connect: [
                     '7d22f980-381e-435e-a932-71db64d4d7f9',
                     '297d3afc-9680-44d5-9542-cd1f86d77559'
                   ]
                   ~~~~~~~~~~~~~~~~~~~~~~~~~~~~~~~~~~~~~~~~~
                 }
               }
             })

Argument data.permissions.connect of type PermissionsWhereUniqueInput needs exactly one argument, but you provided 0 and 1 and 2 and 3 and 4 and 5 and 6 and 7 and 8 and 9 and 10 and 11 and 12 and 13 and 14 and 15 and 16 and 17 and 18 and 19 and 20 and 21 and 22 and 23 and 24 and 25 and 26 and 27 and 28 and 29 and 30 and 31 and 32 and 33 and 34 and 35. Please choose one. Available args: 
type PermissionsWhereUniqueInput {
  id?: String
}


    at mi.validate (/Users/saiminpyaekyaw/Desktop/workspace/myanhon-be/node_modules/@prisma/client/runtime/library.js:149:91)
    at rn.createMessage (/Users/saiminpyaekyaw/Desktop/workspace/myanhon-be/node_modules/@prisma/client/runtime/library.js:164:13651)
    at /Users/saiminpyaekyaw/Desktop/workspace/myanhon-be/node_modules/@prisma/client/runtime/library.js:177:10955
    at runInChildSpan (/Users/saiminpyaekyaw/Desktop/workspace/myanhon-be/node_modules/@prisma/client/runtime/library.js:70:25817)
    at t._executeRequest (/Users/saiminpyaekyaw/Desktop/workspace/myanhon-be/node_modules/@prisma/client/runtime/library.js:177:10944)
    at async t._request (/Users/saiminpyaekyaw/Desktop/workspace/myanhon-be/node_modules/@prisma/client/runtime/library.js:177:10477)
 
Tue Jun 06 2023 00:25:34 GMT+0630 (Myanmar Time)[ Get Role By ID Controller ]
Error: 
Invalid `prisma.roles.update()` invocation in
/Users/saiminpyaekyaw/Desktop/workspace/myanhon-be/controllers/admin/roleController.ts:54:28

  51 export const addPermissionToRole = async (req: Request, res: Response) => {
  52     console.log("LEE LR", req.body.permissions);
  53     try {
→ 54         await prisma.roles.update({
               where: {
                 id: 'baf77acc-69a5-4b0b-b89a-2c897c39ffa1'
               },
               data: {
                 permissions: {
                   connect: [
                     '297d3afc-9680-44d5-9542-cd1f86d77559',
                     '1150b554-7063-437e-9dff-80b96ef49b4e'
                   ]
                   ~~~~~~~~~~~~~~~~~~~~~~~~~~~~~~~~~~~~~~~~~
                 }
               }
             })

Argument data.permissions.connect of type PermissionsWhereUniqueInput needs exactly one argument, but you provided 0 and 1 and 2 and 3 and 4 and 5 and 6 and 7 and 8 and 9 and 10 and 11 and 12 and 13 and 14 and 15 and 16 and 17 and 18 and 19 and 20 and 21 and 22 and 23 and 24 and 25 and 26 and 27 and 28 and 29 and 30 and 31 and 32 and 33 and 34 and 35. Please choose one. Available args: 
type PermissionsWhereUniqueInput {
  id?: String
}


    at mi.validate (/Users/saiminpyaekyaw/Desktop/workspace/myanhon-be/node_modules/@prisma/client/runtime/library.js:149:91)
    at rn.createMessage (/Users/saiminpyaekyaw/Desktop/workspace/myanhon-be/node_modules/@prisma/client/runtime/library.js:164:13651)
    at /Users/saiminpyaekyaw/Desktop/workspace/myanhon-be/node_modules/@prisma/client/runtime/library.js:177:10955
    at runInChildSpan (/Users/saiminpyaekyaw/Desktop/workspace/myanhon-be/node_modules/@prisma/client/runtime/library.js:70:25817)
    at t._executeRequest (/Users/saiminpyaekyaw/Desktop/workspace/myanhon-be/node_modules/@prisma/client/runtime/library.js:177:10944)
    at processTicksAndRejections (node:internal/process/task_queues:95:5)
 
Tue Jun 06 2023 00:25:36 GMT+0630 (Myanmar Time)[ Get Role By ID Controller ]
Error: 
Invalid `prisma.roles.update()` invocation in
/Users/saiminpyaekyaw/Desktop/workspace/myanhon-be/dist/controllers/admin/roleController.js:60:28

  57 const addPermissionToRole = (req, res) => __awaiter(void 0, void 0, void 0, function* () {
  58     console.log("LEE LR", req.body.permissions);
  59     try {
→ 60         yield prisma.roles.update({
               where: {
                 id: 'ea41b95b-4602-48c3-baf5-9dd93e4fe1e4'
               },
               data: {
                 permissions: {
                   connect: [
                     '7d22f980-381e-435e-a932-71db64d4d7f9',
                     '297d3afc-9680-44d5-9542-cd1f86d77559'
                   ]
                   ~~~~~~~~~~~~~~~~~~~~~~~~~~~~~~~~~~~~~~~~~
                 }
               }
             })

Argument data.permissions.connect of type PermissionsWhereUniqueInput needs exactly one argument, but you provided 0 and 1 and 2 and 3 and 4 and 5 and 6 and 7 and 8 and 9 and 10 and 11 and 12 and 13 and 14 and 15 and 16 and 17 and 18 and 19 and 20 and 21 and 22 and 23 and 24 and 25 and 26 and 27 and 28 and 29 and 30 and 31 and 32 and 33 and 34 and 35. Please choose one. Available args: 
type PermissionsWhereUniqueInput {
  id?: String
}


    at mi.validate (/Users/saiminpyaekyaw/Desktop/workspace/myanhon-be/node_modules/@prisma/client/runtime/library.js:149:91)
    at rn.createMessage (/Users/saiminpyaekyaw/Desktop/workspace/myanhon-be/node_modules/@prisma/client/runtime/library.js:164:13651)
    at /Users/saiminpyaekyaw/Desktop/workspace/myanhon-be/node_modules/@prisma/client/runtime/library.js:177:10955
    at runInChildSpan (/Users/saiminpyaekyaw/Desktop/workspace/myanhon-be/node_modules/@prisma/client/runtime/library.js:70:25817)
    at t._executeRequest (/Users/saiminpyaekyaw/Desktop/workspace/myanhon-be/node_modules/@prisma/client/runtime/library.js:177:10944)
    at async t._request (/Users/saiminpyaekyaw/Desktop/workspace/myanhon-be/node_modules/@prisma/client/runtime/library.js:177:10477)
 
Tue Jun 06 2023 00:25:56 GMT+0630 (Myanmar Time)[ Get Role By ID Controller ]
Error: 
Invalid `prisma.roles.update()` invocation in
/Users/saiminpyaekyaw/Desktop/workspace/myanhon-be/controllers/admin/roleController.ts:54:28

  51 export const addPermissionToRole = async (req: Request, res: Response) => {
  52     console.log("LEE LR", typeof req.body.permissions);
  53     try {
→ 54         await prisma.roles.update({
               where: {
                 id: 'baf77acc-69a5-4b0b-b89a-2c897c39ffa1'
               },
               data: {
                 permissions: {
                   connect: [
                     '297d3afc-9680-44d5-9542-cd1f86d77559',
                     '1150b554-7063-437e-9dff-80b96ef49b4e'
                   ]
                   ~~~~~~~~~~~~~~~~~~~~~~~~~~~~~~~~~~~~~~~~~
                 }
               }
             })

Argument data.permissions.connect of type PermissionsWhereUniqueInput needs exactly one argument, but you provided 0 and 1 and 2 and 3 and 4 and 5 and 6 and 7 and 8 and 9 and 10 and 11 and 12 and 13 and 14 and 15 and 16 and 17 and 18 and 19 and 20 and 21 and 22 and 23 and 24 and 25 and 26 and 27 and 28 and 29 and 30 and 31 and 32 and 33 and 34 and 35. Please choose one. Available args: 
type PermissionsWhereUniqueInput {
  id?: String
}


    at mi.validate (/Users/saiminpyaekyaw/Desktop/workspace/myanhon-be/node_modules/@prisma/client/runtime/library.js:149:91)
    at rn.createMessage (/Users/saiminpyaekyaw/Desktop/workspace/myanhon-be/node_modules/@prisma/client/runtime/library.js:164:13651)
    at /Users/saiminpyaekyaw/Desktop/workspace/myanhon-be/node_modules/@prisma/client/runtime/library.js:177:10955
    at runInChildSpan (/Users/saiminpyaekyaw/Desktop/workspace/myanhon-be/node_modules/@prisma/client/runtime/library.js:70:25817)
    at t._executeRequest (/Users/saiminpyaekyaw/Desktop/workspace/myanhon-be/node_modules/@prisma/client/runtime/library.js:177:10944)
    at processTicksAndRejections (node:internal/process/task_queues:95:5)
 
Tue Jun 06 2023 00:25:58 GMT+0630 (Myanmar Time)[ Get Role By ID Controller ]
Error: 
Invalid `prisma.roles.update()` invocation in
/Users/saiminpyaekyaw/Desktop/workspace/myanhon-be/dist/controllers/admin/roleController.js:60:28

  57 const addPermissionToRole = (req, res) => __awaiter(void 0, void 0, void 0, function* () {
  58     console.log("LEE LR", typeof req.body.permissions);
  59     try {
→ 60         yield prisma.roles.update({
               where: {
                 id: 'ea41b95b-4602-48c3-baf5-9dd93e4fe1e4'
               },
               data: {
                 permissions: {
                   connect: [
                     '7d22f980-381e-435e-a932-71db64d4d7f9',
                     '297d3afc-9680-44d5-9542-cd1f86d77559'
                   ]
                   ~~~~~~~~~~~~~~~~~~~~~~~~~~~~~~~~~~~~~~~~~
                 }
               }
             })

Argument data.permissions.connect of type PermissionsWhereUniqueInput needs exactly one argument, but you provided 0 and 1 and 2 and 3 and 4 and 5 and 6 and 7 and 8 and 9 and 10 and 11 and 12 and 13 and 14 and 15 and 16 and 17 and 18 and 19 and 20 and 21 and 22 and 23 and 24 and 25 and 26 and 27 and 28 and 29 and 30 and 31 and 32 and 33 and 34 and 35. Please choose one. Available args: 
type PermissionsWhereUniqueInput {
  id?: String
}


    at mi.validate (/Users/saiminpyaekyaw/Desktop/workspace/myanhon-be/node_modules/@prisma/client/runtime/library.js:149:91)
    at rn.createMessage (/Users/saiminpyaekyaw/Desktop/workspace/myanhon-be/node_modules/@prisma/client/runtime/library.js:164:13651)
    at /Users/saiminpyaekyaw/Desktop/workspace/myanhon-be/node_modules/@prisma/client/runtime/library.js:177:10955
    at runInChildSpan (/Users/saiminpyaekyaw/Desktop/workspace/myanhon-be/node_modules/@prisma/client/runtime/library.js:70:25817)
    at t._executeRequest (/Users/saiminpyaekyaw/Desktop/workspace/myanhon-be/node_modules/@prisma/client/runtime/library.js:177:10944)
    at async t._request (/Users/saiminpyaekyaw/Desktop/workspace/myanhon-be/node_modules/@prisma/client/runtime/library.js:177:10477)
 
Tue Jun 06 2023 00:26:12 GMT+0630 (Myanmar Time)[ Get Role By ID Controller ]
Error: 
Invalid `prisma.roles.update()` invocation in
/Users/saiminpyaekyaw/Desktop/workspace/myanhon-be/controllers/admin/roleController.ts:54:28

  51 export const addPermissionToRole = async (req: Request, res: Response) => {
  52     console.log("LEE LR", req.body.permissions);
  53     try {
→ 54         await prisma.roles.update({
               where: {
                 id: 'baf77acc-69a5-4b0b-b89a-2c897c39ffa1'
               },
               data: {
                 permissions: {
                   connect: [
                     '297d3afc-9680-44d5-9542-cd1f86d77559',
                     '1150b554-7063-437e-9dff-80b96ef49b4e'
                   ]
                   ~~~~~~~~~~~~~~~~~~~~~~~~~~~~~~~~~~~~~~~~~
                 }
               }
             })

Argument data.permissions.connect of type PermissionsWhereUniqueInput needs exactly one argument, but you provided 0 and 1 and 2 and 3 and 4 and 5 and 6 and 7 and 8 and 9 and 10 and 11 and 12 and 13 and 14 and 15 and 16 and 17 and 18 and 19 and 20 and 21 and 22 and 23 and 24 and 25 and 26 and 27 and 28 and 29 and 30 and 31 and 32 and 33 and 34 and 35. Please choose one. Available args: 
type PermissionsWhereUniqueInput {
  id?: String
}


    at mi.validate (/Users/saiminpyaekyaw/Desktop/workspace/myanhon-be/node_modules/@prisma/client/runtime/library.js:149:91)
    at rn.createMessage (/Users/saiminpyaekyaw/Desktop/workspace/myanhon-be/node_modules/@prisma/client/runtime/library.js:164:13651)
    at /Users/saiminpyaekyaw/Desktop/workspace/myanhon-be/node_modules/@prisma/client/runtime/library.js:177:10955
    at runInChildSpan (/Users/saiminpyaekyaw/Desktop/workspace/myanhon-be/node_modules/@prisma/client/runtime/library.js:70:25817)
    at t._executeRequest (/Users/saiminpyaekyaw/Desktop/workspace/myanhon-be/node_modules/@prisma/client/runtime/library.js:177:10944)
    at processTicksAndRejections (node:internal/process/task_queues:95:5)
 
Tue Jun 06 2023 00:26:15 GMT+0630 (Myanmar Time)[ Get Role By ID Controller ]
Error: 
Invalid `prisma.roles.update()` invocation in
/Users/saiminpyaekyaw/Desktop/workspace/myanhon-be/dist/controllers/admin/roleController.js:60:28

  57 const addPermissionToRole = (req, res) => __awaiter(void 0, void 0, void 0, function* () {
  58     console.log("LEE LR", req.body.permissions);
  59     try {
→ 60         yield prisma.roles.update({
               where: {
                 id: 'ea41b95b-4602-48c3-baf5-9dd93e4fe1e4'
               },
               data: {
                 permissions: {
                   connect: [
                     '7d22f980-381e-435e-a932-71db64d4d7f9',
                     '297d3afc-9680-44d5-9542-cd1f86d77559'
                   ]
                   ~~~~~~~~~~~~~~~~~~~~~~~~~~~~~~~~~~~~~~~~~
                 }
               }
             })

Argument data.permissions.connect of type PermissionsWhereUniqueInput needs exactly one argument, but you provided 0 and 1 and 2 and 3 and 4 and 5 and 6 and 7 and 8 and 9 and 10 and 11 and 12 and 13 and 14 and 15 and 16 and 17 and 18 and 19 and 20 and 21 and 22 and 23 and 24 and 25 and 26 and 27 and 28 and 29 and 30 and 31 and 32 and 33 and 34 and 35. Please choose one. Available args: 
type PermissionsWhereUniqueInput {
  id?: String
}


    at mi.validate (/Users/saiminpyaekyaw/Desktop/workspace/myanhon-be/node_modules/@prisma/client/runtime/library.js:149:91)
    at rn.createMessage (/Users/saiminpyaekyaw/Desktop/workspace/myanhon-be/node_modules/@prisma/client/runtime/library.js:164:13651)
    at /Users/saiminpyaekyaw/Desktop/workspace/myanhon-be/node_modules/@prisma/client/runtime/library.js:177:10955
    at runInChildSpan (/Users/saiminpyaekyaw/Desktop/workspace/myanhon-be/node_modules/@prisma/client/runtime/library.js:70:25817)
    at t._executeRequest (/Users/saiminpyaekyaw/Desktop/workspace/myanhon-be/node_modules/@prisma/client/runtime/library.js:177:10944)
    at async t._request (/Users/saiminpyaekyaw/Desktop/workspace/myanhon-be/node_modules/@prisma/client/runtime/library.js:177:10477)
 
Tue Jun 06 2023 00:26:35 GMT+0630 (Myanmar Time)[ Get Role By ID Controller ]
Error: 
Invalid `prisma.roles.update()` invocation in
/Users/saiminpyaekyaw/Desktop/workspace/myanhon-be/controllers/admin/roleController.ts:54:28

  51 export const addPermissionToRole = async (req: Request, res: Response) => {
  52     console.log("LEE LR", typeof [1,2]);
  53     try {
→ 54         await prisma.roles.update({
               where: {
                 id: 'baf77acc-69a5-4b0b-b89a-2c897c39ffa1'
               },
               data: {
                 permissions: {
                   connect: [
                     '297d3afc-9680-44d5-9542-cd1f86d77559',
                     '1150b554-7063-437e-9dff-80b96ef49b4e'
                   ]
                   ~~~~~~~~~~~~~~~~~~~~~~~~~~~~~~~~~~~~~~~~~
                 }
               }
             })

Argument data.permissions.connect of type PermissionsWhereUniqueInput needs exactly one argument, but you provided 0 and 1 and 2 and 3 and 4 and 5 and 6 and 7 and 8 and 9 and 10 and 11 and 12 and 13 and 14 and 15 and 16 and 17 and 18 and 19 and 20 and 21 and 22 and 23 and 24 and 25 and 26 and 27 and 28 and 29 and 30 and 31 and 32 and 33 and 34 and 35. Please choose one. Available args: 
type PermissionsWhereUniqueInput {
  id?: String
}


    at mi.validate (/Users/saiminpyaekyaw/Desktop/workspace/myanhon-be/node_modules/@prisma/client/runtime/library.js:149:91)
    at rn.createMessage (/Users/saiminpyaekyaw/Desktop/workspace/myanhon-be/node_modules/@prisma/client/runtime/library.js:164:13651)
    at /Users/saiminpyaekyaw/Desktop/workspace/myanhon-be/node_modules/@prisma/client/runtime/library.js:177:10955
    at runInChildSpan (/Users/saiminpyaekyaw/Desktop/workspace/myanhon-be/node_modules/@prisma/client/runtime/library.js:70:25817)
    at t._executeRequest (/Users/saiminpyaekyaw/Desktop/workspace/myanhon-be/node_modules/@prisma/client/runtime/library.js:177:10944)
    at processTicksAndRejections (node:internal/process/task_queues:95:5)
 
Tue Jun 06 2023 00:26:35 GMT+0630 (Myanmar Time)[ Get Role By ID Controller ]
Error: 
Invalid `prisma.roles.update()` invocation in
/Users/saiminpyaekyaw/Desktop/workspace/myanhon-be/dist/controllers/admin/roleController.js:60:28

  57 const addPermissionToRole = (req, res) => __awaiter(void 0, void 0, void 0, function* () {
  58     console.log("LEE LR", typeof [1, 2]);
  59     try {
→ 60         yield prisma.roles.update({
               where: {
                 id: 'ea41b95b-4602-48c3-baf5-9dd93e4fe1e4'
               },
               data: {
                 permissions: {
                   connect: [
                     '7d22f980-381e-435e-a932-71db64d4d7f9',
                     '297d3afc-9680-44d5-9542-cd1f86d77559'
                   ]
                   ~~~~~~~~~~~~~~~~~~~~~~~~~~~~~~~~~~~~~~~~~
                 }
               }
             })

Argument data.permissions.connect of type PermissionsWhereUniqueInput needs exactly one argument, but you provided 0 and 1 and 2 and 3 and 4 and 5 and 6 and 7 and 8 and 9 and 10 and 11 and 12 and 13 and 14 and 15 and 16 and 17 and 18 and 19 and 20 and 21 and 22 and 23 and 24 and 25 and 26 and 27 and 28 and 29 and 30 and 31 and 32 and 33 and 34 and 35. Please choose one. Available args: 
type PermissionsWhereUniqueInput {
  id?: String
}


    at mi.validate (/Users/saiminpyaekyaw/Desktop/workspace/myanhon-be/node_modules/@prisma/client/runtime/library.js:149:91)
    at rn.createMessage (/Users/saiminpyaekyaw/Desktop/workspace/myanhon-be/node_modules/@prisma/client/runtime/library.js:164:13651)
    at /Users/saiminpyaekyaw/Desktop/workspace/myanhon-be/node_modules/@prisma/client/runtime/library.js:177:10955
    at runInChildSpan (/Users/saiminpyaekyaw/Desktop/workspace/myanhon-be/node_modules/@prisma/client/runtime/library.js:70:25817)
    at t._executeRequest (/Users/saiminpyaekyaw/Desktop/workspace/myanhon-be/node_modules/@prisma/client/runtime/library.js:177:10944)
    at async t._request (/Users/saiminpyaekyaw/Desktop/workspace/myanhon-be/node_modules/@prisma/client/runtime/library.js:177:10477)
 
Tue Jun 06 2023 00:26:51 GMT+0630 (Myanmar Time)[ Get Role By ID Controller ]
Error: 
Invalid `prisma.roles.update()` invocation in
/Users/saiminpyaekyaw/Desktop/workspace/myanhon-be/controllers/admin/roleController.ts:53:28

  50 
  51 export const addPermissionToRole = async (req: Request, res: Response) => {
  52     try {
→ 53         await prisma.roles.update({
               where: {
                 id: 'baf77acc-69a5-4b0b-b89a-2c897c39ffa1'
               },
               data: {
                 permissions: {
                   connect: [
                     '297d3afc-9680-44d5-9542-cd1f86d77559',
                     '1150b554-7063-437e-9dff-80b96ef49b4e'
                   ]
                   ~~~~~~~~~~~~~~~~~~~~~~~~~~~~~~~~~~~~~~~~~
                 }
               }
             })

Argument data.permissions.connect of type PermissionsWhereUniqueInput needs exactly one argument, but you provided 0 and 1 and 2 and 3 and 4 and 5 and 6 and 7 and 8 and 9 and 10 and 11 and 12 and 13 and 14 and 15 and 16 and 17 and 18 and 19 and 20 and 21 and 22 and 23 and 24 and 25 and 26 and 27 and 28 and 29 and 30 and 31 and 32 and 33 and 34 and 35. Please choose one. Available args: 
type PermissionsWhereUniqueInput {
  id?: String
}


    at mi.validate (/Users/saiminpyaekyaw/Desktop/workspace/myanhon-be/node_modules/@prisma/client/runtime/library.js:149:91)
    at rn.createMessage (/Users/saiminpyaekyaw/Desktop/workspace/myanhon-be/node_modules/@prisma/client/runtime/library.js:164:13651)
    at /Users/saiminpyaekyaw/Desktop/workspace/myanhon-be/node_modules/@prisma/client/runtime/library.js:177:10955
    at runInChildSpan (/Users/saiminpyaekyaw/Desktop/workspace/myanhon-be/node_modules/@prisma/client/runtime/library.js:70:25817)
    at t._executeRequest (/Users/saiminpyaekyaw/Desktop/workspace/myanhon-be/node_modules/@prisma/client/runtime/library.js:177:10944)
    at processTicksAndRejections (node:internal/process/task_queues:95:5)
 
Tue Jun 06 2023 23:49:27 GMT+0630 (Myanmar Time)[ Get Role By ID Controller ]
TypeError: Cannot read properties of undefined (reading 'map')
    at /Users/saiminpyaekyaw/Desktop/workspace/myanhon-be/controllers/admin/roleController.ts:59:51
    at Generator.next (<anonymous>)
    at /Users/saiminpyaekyaw/Desktop/workspace/myanhon-be/controllers/admin/roleController.ts:8:71
    at new Promise (<anonymous>)
    at Object.<anonymous>.__awaiter (/Users/saiminpyaekyaw/Desktop/workspace/myanhon-be/controllers/admin/roleController.ts:4:12)
    at addPermissionToRole (/Users/saiminpyaekyaw/Desktop/workspace/myanhon-be/controllers/admin/roleController.ts:51:74)
    at Layer.handle [as handle_request] (/Users/saiminpyaekyaw/Desktop/workspace/myanhon-be/node_modules/express/lib/router/layer.js:95:5)
    at next (/Users/saiminpyaekyaw/Desktop/workspace/myanhon-be/node_modules/express/lib/router/route.js:144:13)
    at Route.dispatch (/Users/saiminpyaekyaw/Desktop/workspace/myanhon-be/node_modules/express/lib/router/route.js:114:3)
    at Layer.handle [as handle_request] (/Users/saiminpyaekyaw/Desktop/workspace/myanhon-be/node_modules/express/lib/router/layer.js:95:5)
    at /Users/saiminpyaekyaw/Desktop/workspace/myanhon-be/node_modules/express/lib/router/index.js:284:15
    at param (/Users/saiminpyaekyaw/Desktop/workspace/myanhon-be/node_modules/express/lib/router/index.js:365:14)
    at param (/Users/saiminpyaekyaw/Desktop/workspace/myanhon-be/node_modules/express/lib/router/index.js:376:14)
    at Function.process_params (/Users/saiminpyaekyaw/Desktop/workspace/myanhon-be/node_modules/express/lib/router/index.js:421:3)
    at next (/Users/saiminpyaekyaw/Desktop/workspace/myanhon-be/node_modules/express/lib/router/index.js:280:10)
    at Function.handle (/Users/saiminpyaekyaw/Desktop/workspace/myanhon-be/node_modules/express/lib/router/index.js:175:3)
    at router (/Users/saiminpyaekyaw/Desktop/workspace/myanhon-be/node_modules/express/lib/router/index.js:47:12)
    at Layer.handle [as handle_request] (/Users/saiminpyaekyaw/Desktop/workspace/myanhon-be/node_modules/express/lib/router/layer.js:95:5)
    at trim_prefix (/Users/saiminpyaekyaw/Desktop/workspace/myanhon-be/node_modules/express/lib/router/index.js:328:13)
    at /Users/saiminpyaekyaw/Desktop/workspace/myanhon-be/node_modules/express/lib/router/index.js:286:9
    at Function.process_params (/Users/saiminpyaekyaw/Desktop/workspace/myanhon-be/node_modules/express/lib/router/index.js:346:12)
    at next (/Users/saiminpyaekyaw/Desktop/workspace/myanhon-be/node_modules/express/lib/router/index.js:280:10)
    at /Users/saiminpyaekyaw/Desktop/workspace/myanhon-be/node_modules/body-parser/lib/read.js:137:5
    at AsyncResource.runInAsyncScope (node:async_hooks:204:9)
    at invokeCallback (/Users/saiminpyaekyaw/Desktop/workspace/myanhon-be/node_modules/raw-body/index.js:231:16)
    at done (/Users/saiminpyaekyaw/Desktop/workspace/myanhon-be/node_modules/raw-body/index.js:220:7)
    at IncomingMessage.onEnd (/Users/saiminpyaekyaw/Desktop/workspace/myanhon-be/node_modules/raw-body/index.js:280:7)
    at IncomingMessage.emit (node:events:512:28)
    at endReadableNT (node:internal/streams/readable:1359:12)
    at processTicksAndRejections (node:internal/process/task_queues:82:21)
 
Tue Jun 06 2023 23:49:33 GMT+0630 (Myanmar Time)[ Get Role By ID Controller ]
Error: 
Invalid `prisma.roles.update()` invocation in
/Users/saiminpyaekyaw/Desktop/workspace/myanhon-be/controllers/admin/roleController.ts:57:28

  54 //     where: 
  55 // })
  56 
→ 57 await prisma.roles.update({
       where: {
         id: 'baf77acc-69a5-4b0b-b89a-2c897c39ffa1'
       },
       data: {
         permissions: {
           connect: {
     ?       id?: String
           },
     ?     create?: PermissionsCreateWithoutRoleInput | PermissionsCreateWithoutRoleInput[] | PermissionsUncheckedCreateWithoutRoleInput | PermissionsUncheckedCreateWithoutRoleInput[],
     ?     connectOrCreate?: PermissionsCreateOrConnectWithoutRoleInput | PermissionsCreateOrConnectWithoutRoleInput[],
     ?     upsert?: PermissionsUpsertWithWhereUniqueWithoutRoleInput | PermissionsUpsertWithWhereUniqueWithoutRoleInput[],
     ?     set?: PermissionsWhereUniqueInput | PermissionsWhereUniqueInput[],
     ?     disconnect?: PermissionsWhereUniqueInput | PermissionsWhereUniqueInput[],
     ?     delete?: PermissionsWhereUniqueInput | PermissionsWhereUniqueInput[],
     ?     update?: PermissionsUpdateWithWhereUniqueWithoutRoleInput | PermissionsUpdateWithWhereUniqueWithoutRoleInput[],
     ?     updateMany?: PermissionsUpdateManyWithWhereWithoutRoleInput | PermissionsUpdateManyWithWhereWithoutRoleInput[],
     ?     deleteMany?: PermissionsScalarWhereInput | PermissionsScalarWhereInput[]
         }
       }
     })

Argument data.permissions.connect of type PermissionsWhereUniqueInput needs at least one argument. Available args are listed in green.

Note: Lines with ? are optional.

    at mi.validate (/Users/saiminpyaekyaw/Desktop/workspace/myanhon-be/node_modules/@prisma/client/runtime/library.js:149:91)
    at rn.createMessage (/Users/saiminpyaekyaw/Desktop/workspace/myanhon-be/node_modules/@prisma/client/runtime/library.js:164:13651)
    at /Users/saiminpyaekyaw/Desktop/workspace/myanhon-be/node_modules/@prisma/client/runtime/library.js:177:10955
    at runInChildSpan (/Users/saiminpyaekyaw/Desktop/workspace/myanhon-be/node_modules/@prisma/client/runtime/library.js:70:25817)
    at t._executeRequest (/Users/saiminpyaekyaw/Desktop/workspace/myanhon-be/node_modules/@prisma/client/runtime/library.js:177:10944)
    at processTicksAndRejections (node:internal/process/task_queues:95:5)
 
Tue Jun 06 2023 23:50:06 GMT+0630 (Myanmar Time)[ Get Role By ID Controller ]
Error: 
Invalid `prisma.roles.update()` invocation in
/Users/saiminpyaekyaw/Desktop/workspace/myanhon-be/controllers/admin/roleController.ts:57:28

  54 //     where: 
  55 // })
  56 
→ 57 await prisma.roles.update({
       where: {
         id: 'baf77acc-69a5-4b0b-b89a-2c897c39ffa1'
       },
       data: {
         permissions: {
           connect: {
     ?       id?: String
           },
     ?     create?: PermissionsCreateWithoutRoleInput | PermissionsCreateWithoutRoleInput[] | PermissionsUncheckedCreateWithoutRoleInput | PermissionsUncheckedCreateWithoutRoleInput[],
     ?     connectOrCreate?: PermissionsCreateOrConnectWithoutRoleInput | PermissionsCreateOrConnectWithoutRoleInput[],
     ?     upsert?: PermissionsUpsertWithWhereUniqueWithoutRoleInput | PermissionsUpsertWithWhereUniqueWithoutRoleInput[],
     ?     set?: PermissionsWhereUniqueInput | PermissionsWhereUniqueInput[],
     ?     disconnect?: PermissionsWhereUniqueInput | PermissionsWhereUniqueInput[],
     ?     delete?: PermissionsWhereUniqueInput | PermissionsWhereUniqueInput[],
     ?     update?: PermissionsUpdateWithWhereUniqueWithoutRoleInput | PermissionsUpdateWithWhereUniqueWithoutRoleInput[],
     ?     updateMany?: PermissionsUpdateManyWithWhereWithoutRoleInput | PermissionsUpdateManyWithWhereWithoutRoleInput[],
     ?     deleteMany?: PermissionsScalarWhereInput | PermissionsScalarWhereInput[]
         }
       }
     })

Argument data.permissions.connect of type PermissionsWhereUniqueInput needs at least one argument. Available args are listed in green.

Note: Lines with ? are optional.

    at mi.validate (/Users/saiminpyaekyaw/Desktop/workspace/myanhon-be/node_modules/@prisma/client/runtime/library.js:149:91)
    at rn.createMessage (/Users/saiminpyaekyaw/Desktop/workspace/myanhon-be/node_modules/@prisma/client/runtime/library.js:164:13651)
    at /Users/saiminpyaekyaw/Desktop/workspace/myanhon-be/node_modules/@prisma/client/runtime/library.js:177:10955
    at runInChildSpan (/Users/saiminpyaekyaw/Desktop/workspace/myanhon-be/node_modules/@prisma/client/runtime/library.js:70:25817)
    at t._executeRequest (/Users/saiminpyaekyaw/Desktop/workspace/myanhon-be/node_modules/@prisma/client/runtime/library.js:177:10944)
    at processTicksAndRejections (node:internal/process/task_queues:95:5)
 
Mon Jun 26 2023 22:28:57 GMT+0630 (Myanmar Time)[ Get Admins Controller ]
Error: 
Invalid `prisma.courses.create()` invocation in
/Users/saiminpyaekyaw/Desktop/workspace/myanhon-be/dist/controllers/admin/courseController.js:20:49

  17 try {
  18     const createdCourse = yield prisma.$transaction((prisma) => __awaiter(void 0, void 0, void 0, function* () {
  19         // Perform multiple database operations within the transaction
→ 20         const course = yield prisma.courses.create(
Foreign key constraint failed on the field: `Courses_type_fkey (index)`
    at fn.handleRequestError (/Users/saiminpyaekyaw/Desktop/workspace/myanhon-be/node_modules/@prisma/client/runtime/library.js:174:6477)
    at fn.handleAndLogRequestError (/Users/saiminpyaekyaw/Desktop/workspace/myanhon-be/node_modules/@prisma/client/runtime/library.js:174:5907)
    at fn.request (/Users/saiminpyaekyaw/Desktop/workspace/myanhon-be/node_modules/@prisma/client/runtime/library.js:174:5786)
    at async t._request (/Users/saiminpyaekyaw/Desktop/workspace/myanhon-be/node_modules/@prisma/client/runtime/library.js:177:10477)
 
Mon Jun 26 2023 22:43:34 GMT+0630 (Myanmar Time)[ Get Admins Controller ]
Error: 
Invalid `prisma.courses.create()` invocation in
/Users/saiminpyaekyaw/Desktop/workspace/myanhon-be/dist/controllers/admin/courseController.js:20:49

  17 try {
  18     const createdCourse = yield prisma.$transaction((prisma) => __awaiter(void 0, void 0, void 0, function* () {
  19         // Perform multiple database operations within the transaction
→ 20         const course = yield prisma.courses.create(
Foreign key constraint failed on the field: `Courses_type_fkey (index)`
    at fn.handleRequestError (/Users/saiminpyaekyaw/Desktop/workspace/myanhon-be/node_modules/@prisma/client/runtime/library.js:174:6477)
    at fn.handleAndLogRequestError (/Users/saiminpyaekyaw/Desktop/workspace/myanhon-be/node_modules/@prisma/client/runtime/library.js:174:5907)
    at fn.request (/Users/saiminpyaekyaw/Desktop/workspace/myanhon-be/node_modules/@prisma/client/runtime/library.js:174:5786)
    at async t._request (/Users/saiminpyaekyaw/Desktop/workspace/myanhon-be/node_modules/@prisma/client/runtime/library.js:177:10477)
 
Mon Jun 26 2023 23:26:31 GMT+0630 (Myanmar Time)[ Get Admins Controller ]
Error: 
Invalid `prisma.courses.create()` invocation in
/Users/saiminpyaekyaw/Desktop/workspace/myanhon-be/dist/controllers/admin/courseController.js:20:49

  17 try {
  18     const createdCourse = yield prisma.$transaction((prisma) => __awaiter(void 0, void 0, void 0, function* () {
  19         // Perform multiple database operations within the transaction
→ 20         const course = yield prisma.courses.create(
Foreign key constraint failed on the field: `Courses_type_fkey (index)`
    at fn.handleRequestError (/Users/saiminpyaekyaw/Desktop/workspace/myanhon-be/node_modules/@prisma/client/runtime/library.js:174:6477)
    at fn.handleAndLogRequestError (/Users/saiminpyaekyaw/Desktop/workspace/myanhon-be/node_modules/@prisma/client/runtime/library.js:174:5907)
    at fn.request (/Users/saiminpyaekyaw/Desktop/workspace/myanhon-be/node_modules/@prisma/client/runtime/library.js:174:5786)
    at async t._request (/Users/saiminpyaekyaw/Desktop/workspace/myanhon-be/node_modules/@prisma/client/runtime/library.js:177:10477)
 
Mon Jun 26 2023 23:34:20 GMT+0630 (Myanmar Time)[ Get Admins Controller ]
Error: 
Invalid `prisma.courses.create()` invocation in
/Users/saiminpyaekyaw/Desktop/workspace/myanhon-be/dist/controllers/admin/courseController.js:20:49

  17 try {
  18     const createdCourse = yield prisma.$transaction((prisma) => __awaiter(void 0, void 0, void 0, function* () {
  19         // Perform multiple database operations within the transaction
→ 20         const course = yield prisma.courses.create(
Foreign key constraint failed on the field: `Courses_type_fkey (index)`
    at fn.handleRequestError (/Users/saiminpyaekyaw/Desktop/workspace/myanhon-be/node_modules/@prisma/client/runtime/library.js:174:6477)
    at fn.handleAndLogRequestError (/Users/saiminpyaekyaw/Desktop/workspace/myanhon-be/node_modules/@prisma/client/runtime/library.js:174:5907)
    at fn.request (/Users/saiminpyaekyaw/Desktop/workspace/myanhon-be/node_modules/@prisma/client/runtime/library.js:174:5786)
    at async t._request (/Users/saiminpyaekyaw/Desktop/workspace/myanhon-be/node_modules/@prisma/client/runtime/library.js:177:10477)
 
Tue Jun 27 2023 20:42:36 GMT+0630 (Myanmar Time)[ Get Admins Controller ]
Error: 
Invalid `prisma.courses.create()` invocation in
/Users/saiminpyaekyaw/Desktop/workspace/myanhon-be/dist/controllers/admin/courseController.js:20:49

  17 try {
  18     const createdCourse = yield prisma.$transaction((prisma) => __awaiter(void 0, void 0, void 0, function* () {
  19         // Perform multiple database operations within the transaction
→ 20         const course = yield prisma.courses.create(
Foreign key constraint failed on the field: `Courses_type_fkey (index)`
    at fn.handleRequestError (/Users/saiminpyaekyaw/Desktop/workspace/myanhon-be/node_modules/@prisma/client/runtime/library.js:174:6477)
    at fn.handleAndLogRequestError (/Users/saiminpyaekyaw/Desktop/workspace/myanhon-be/node_modules/@prisma/client/runtime/library.js:174:5907)
    at fn.request (/Users/saiminpyaekyaw/Desktop/workspace/myanhon-be/node_modules/@prisma/client/runtime/library.js:174:5786)
    at async t._request (/Users/saiminpyaekyaw/Desktop/workspace/myanhon-be/node_modules/@prisma/client/runtime/library.js:177:10477)
 
Tue Jun 27 2023 22:21:37 GMT+0630 (Myanmar Time)[ Get Admins Controller ]
Error: 
Invalid `prisma.contents.createMany()` invocation in
/Users/saiminpyaekyaw/Desktop/workspace/myanhon-be/dist/controllers/admin/courseController.js:29:52

  26         level: req.body.level
  27     },
  28 });
→ 29 const contents = yield prisma.contents.createMany({
       data: [
         {
           name: 'N1 content 1',
           thumbnail: 'thumbnail',
           url: 'url',
           isPublic: true
         },
         {
           name: 'N1 content 2',
           thumbnail: 'thumbnail',
           url: 'url',
           isPublic: false
         }
       ]
       ~~~~~~~~~~~~~~~~~~~~~~~~~~~
     })

Argument data: Got invalid value 
[
  {
    name: 'N1 content 1',
    thumbnail: 'thumbnail',
    url: 'url',
    isPublic: true
  },
  {
    name: 'N1 content 2',
    thumbnail: 'thumbnail',
    url: 'url',
    isPublic: false
  }
]
on prisma.createManyContents. Provided List<Json>, expected ContentsCreateManyInput or ContentsCreateManyInput:
type ContentsCreateManyInput {
  id?: String
  name: String
  thumbnail: String
  url: String
  isPublic: Boolean
  courseId: String
  createdAt?: DateTime
  updatedAt?: DateTime
}
type ContentsCreateManyInput {
  id?: String
  name: String
  thumbnail: String
  url: String
  isPublic: Boolean
  courseId: String
  createdAt?: DateTime
  updatedAt?: DateTime
}


    at mi.validate (/Users/saiminpyaekyaw/Desktop/workspace/myanhon-be/node_modules/@prisma/client/runtime/library.js:149:91)
    at rn.createMessage (/Users/saiminpyaekyaw/Desktop/workspace/myanhon-be/node_modules/@prisma/client/runtime/library.js:164:13651)
    at /Users/saiminpyaekyaw/Desktop/workspace/myanhon-be/node_modules/@prisma/client/runtime/library.js:177:10955
    at runInChildSpan (/Users/saiminpyaekyaw/Desktop/workspace/myanhon-be/node_modules/@prisma/client/runtime/library.js:70:25817)
    at t._executeRequest (/Users/saiminpyaekyaw/Desktop/workspace/myanhon-be/node_modules/@prisma/client/runtime/library.js:177:10944)
 
Tue Jun 27 2023 22:34:24 GMT+0630 (Myanmar Time)[ Get Admins Controller ]
Error: 
Invalid `prisma.contents.create()` invocation in
/Users/saiminpyaekyaw/Desktop/workspace/myanhon-be/dist/controllers/admin/courseController.js:33:52

  30 req.body.contents.forEach((c) => {
  31     c.courseId = course.id;
  32 });
→ 33 const contents = yield prisma.contents.create({
       data: []
       ~~~~~~
     })

Argument data: Got invalid value [] on prisma.createOneContents. Provided List<>, expected ContentsCreateInput or ContentsUncheckedCreateInput:
type ContentsCreateInput {
  id?: String
  name: String
  thumbnail: String
  url: String
  isPublic: Boolean
  createdAt?: DateTime
  updatedAt?: DateTime
  course: CoursesCreateNestedOneWithoutContentsInput
  userTracking?: UserTrackingCreateNestedManyWithoutContentInput
}
type ContentsCreateInput {
  id?: String
  name: String
  thumbnail: String
  url: String
  isPublic: Boolean
  createdAt?: DateTime
  updatedAt?: DateTime
  course: CoursesCreateNestedOneWithoutContentsInput
  userTracking?: UserTrackingCreateNestedManyWithoutContentInput
}


    at mi.validate (/Users/saiminpyaekyaw/Desktop/workspace/myanhon-be/node_modules/@prisma/client/runtime/library.js:149:91)
    at rn.createMessage (/Users/saiminpyaekyaw/Desktop/workspace/myanhon-be/node_modules/@prisma/client/runtime/library.js:164:13651)
    at /Users/saiminpyaekyaw/Desktop/workspace/myanhon-be/node_modules/@prisma/client/runtime/library.js:177:10955
    at runInChildSpan (/Users/saiminpyaekyaw/Desktop/workspace/myanhon-be/node_modules/@prisma/client/runtime/library.js:70:25817)
    at t._executeRequest (/Users/saiminpyaekyaw/Desktop/workspace/myanhon-be/node_modules/@prisma/client/runtime/library.js:177:10944)
 
Fri Jun 30 2023 01:20:45 GMT+0630 (Myanmar Time)[ Admin Create Course Controller ]
Error: 
Invalid `prisma.courses.update()` invocation in
/Users/saiminpyaekyaw/Desktop/workspace/myanhon-be/dist/controllers/admin/courseController.js:36:34

  33         level: req.body.level
  34     },
  35 });
→ 36 yield prisma.courses.update({
       where: {
         id: '49a2a25b-15e4-427a-8757-de73c760d265'
       },
       data: {
         instructors: {
           connect: {
             '0': {
     ?         id?: String
             }
           },
     ?     create?: InstructorsCreateWithoutCoursesInput | InstructorsCreateWithoutCoursesInput[] | InstructorsUncheckedCreateWithoutCoursesInput | InstructorsUncheckedCreateWithoutCoursesInput[],
     ?     connectOrCreate?: InstructorsCreateOrConnectWithoutCoursesInput | InstructorsCreateOrConnectWithoutCoursesInput[],
     ?     upsert?: InstructorsUpsertWithWhereUniqueWithoutCoursesInput | InstructorsUpsertWithWhereUniqueWithoutCoursesInput[],
     ?     set?: InstructorsWhereUniqueInput | InstructorsWhereUniqueInput[],
     ?     disconnect?: InstructorsWhereUniqueInput | InstructorsWhereUniqueInput[],
     ?     delete?: InstructorsWhereUniqueInput | InstructorsWhereUniqueInput[],
     ?     update?: InstructorsUpdateWithWhereUniqueWithoutCoursesInput | InstructorsUpdateWithWhereUniqueWithoutCoursesInput[],
     ?     updateMany?: InstructorsUpdateManyWithWhereWithoutCoursesInput | InstructorsUpdateManyWithWhereWithoutCoursesInput[],
     ?     deleteMany?: InstructorsScalarWhereInput | InstructorsScalarWhereInput[]
         }
       }
     })

Argument data.instructors.connect of type InstructorsWhereUniqueInput needs at least one argument. Available args are listed in green.

Note: Lines with ? are optional.

    at mi.validate (/Users/saiminpyaekyaw/Desktop/workspace/myanhon-be/node_modules/@prisma/client/runtime/library.js:149:91)
    at rn.createMessage (/Users/saiminpyaekyaw/Desktop/workspace/myanhon-be/node_modules/@prisma/client/runtime/library.js:164:13651)
    at /Users/saiminpyaekyaw/Desktop/workspace/myanhon-be/node_modules/@prisma/client/runtime/library.js:177:10955
    at runInChildSpan (/Users/saiminpyaekyaw/Desktop/workspace/myanhon-be/node_modules/@prisma/client/runtime/library.js:70:25817)
    at t._executeRequest (/Users/saiminpyaekyaw/Desktop/workspace/myanhon-be/node_modules/@prisma/client/runtime/library.js:177:10944)
 
Fri Jul 07 2023 06:23:11 GMT+0630 (Myanmar Time)[ Admin Remove Content Controller ]
Error: 
Invalid `prisma.contents.delete()` invocation in
/Users/saiminpyaekyaw/Desktop/workspace/myanhon-be/controllers/admin/courseController.ts:96:37

  93 
  94 export const removeContent = async (req: Request, res: Response) => {
  95     try {
→ 96         await prisma.contents.delete(
An operation failed because it depends on one or more records that were required but not found. Record to delete does not exist.
    at fn.handleRequestError (/Users/saiminpyaekyaw/Desktop/workspace/myanhon-be/node_modules/@prisma/client/runtime/library.js:174:6477)
    at fn.handleAndLogRequestError (/Users/saiminpyaekyaw/Desktop/workspace/myanhon-be/node_modules/@prisma/client/runtime/library.js:174:5907)
    at fn.request (/Users/saiminpyaekyaw/Desktop/workspace/myanhon-be/node_modules/@prisma/client/runtime/library.js:174:5786)
    at t._request (/Users/saiminpyaekyaw/Desktop/workspace/myanhon-be/node_modules/@prisma/client/runtime/library.js:177:10477)
 
Fri Jul 07 2023 06:27:59 GMT+0630 (Myanmar Time)[ Admin Remove Content Controller ]
Error: 
Invalid `prisma.contents.delete()` invocation in
/Users/saiminpyaekyaw/Desktop/workspace/myanhon-be/controllers/admin/courseController.ts:96:37

  93 
  94 export const removeContent = async (req: Request, res: Response) => {
  95     try {
→ 96         await prisma.contents.delete(
An operation failed because it depends on one or more records that were required but not found. Record to delete does not exist.
    at fn.handleRequestError (/Users/saiminpyaekyaw/Desktop/workspace/myanhon-be/node_modules/@prisma/client/runtime/library.js:174:6477)
    at fn.handleAndLogRequestError (/Users/saiminpyaekyaw/Desktop/workspace/myanhon-be/node_modules/@prisma/client/runtime/library.js:174:5907)
    at fn.request (/Users/saiminpyaekyaw/Desktop/workspace/myanhon-be/node_modules/@prisma/client/runtime/library.js:174:5786)
    at t._request (/Users/saiminpyaekyaw/Desktop/workspace/myanhon-be/node_modules/@prisma/client/runtime/library.js:177:10477)
 
Fri Jul 07 2023 06:28:49 GMT+0630 (Myanmar Time)[ Admin Remove Content Controller ]
Error: 
Invalid `prisma.contents.delete()` invocation in
/Users/saiminpyaekyaw/Desktop/workspace/myanhon-be/controllers/admin/courseController.ts:96:37

  93 
  94 export const removeContent = async (req: Request, res: Response) => {
  95     try {
→ 96         await prisma.contents.delete(
An operation failed because it depends on one or more records that were required but not found. Record to delete does not exist.
    at fn.handleRequestError (/Users/saiminpyaekyaw/Desktop/workspace/myanhon-be/node_modules/@prisma/client/runtime/library.js:174:6477)
    at fn.handleAndLogRequestError (/Users/saiminpyaekyaw/Desktop/workspace/myanhon-be/node_modules/@prisma/client/runtime/library.js:174:5907)
    at fn.request (/Users/saiminpyaekyaw/Desktop/workspace/myanhon-be/node_modules/@prisma/client/runtime/library.js:174:5786)
    at t._request (/Users/saiminpyaekyaw/Desktop/workspace/myanhon-be/node_modules/@prisma/client/runtime/library.js:177:10477)
 
Fri Jul 07 2023 06:28:49 GMT+0630 (Myanmar Time)[ Admin Remove Content Controller ]
Error: 
Invalid `prisma.instructors.update()` invocation in
/Users/saiminpyaekyaw/Desktop/workspace/myanhon-be/controllers/admin/courseController.ts:148:34

  145 
  146 export const removeInstructor = async (req: Request, res: Response) => {
  147     try {
→ 148         await prisma.instructors.update({
                where: {
                  id: '2c92f7ab-e38a-48cd-8611-70f22f9f2387'
                },
                data: {
                  courses: {
                    disconnect: {
              ?       id?: String
                    },
              ?     create?: CoursesCreateWithoutInstructorsInput | CoursesCreateWithoutInstructorsInput[] | CoursesUncheckedCreateWithoutInstructorsInput | CoursesUncheckedCreateWithoutInstructorsInput[],
              ?     connectOrCreate?: CoursesCreateOrConnectWithoutInstructorsInput | CoursesCreateOrConnectWithoutInstructorsInput[],
              ?     upsert?: CoursesUpsertWithWhereUniqueWithoutInstructorsInput | CoursesUpsertWithWhereUniqueWithoutInstructorsInput[],
              ?     set?: CoursesWhereUniqueInput | CoursesWhereUniqueInput[],
              ?     delete?: CoursesWhereUniqueInput | CoursesWhereUniqueInput[],
              ?     connect?: CoursesWhereUniqueInput | CoursesWhereUniqueInput[],
              ?     update?: CoursesUpdateWithWhereUniqueWithoutInstructorsInput | CoursesUpdateWithWhereUniqueWithoutInstructorsInput[],
              ?     updateMany?: CoursesUpdateManyWithWhereWithoutInstructorsInput | CoursesUpdateManyWithWhereWithoutInstructorsInput[],
              ?     deleteMany?: CoursesScalarWhereInput | CoursesScalarWhereInput[]
                  }
                }
              })

Argument data.courses.disconnect of type CoursesWhereUniqueInput needs at least one argument. Available args are listed in green.

Note: Lines with ? are optional.

    at mi.validate (/Users/saiminpyaekyaw/Desktop/workspace/myanhon-be/node_modules/@prisma/client/runtime/library.js:149:91)
    at rn.createMessage (/Users/saiminpyaekyaw/Desktop/workspace/myanhon-be/node_modules/@prisma/client/runtime/library.js:164:13651)
    at /Users/saiminpyaekyaw/Desktop/workspace/myanhon-be/node_modules/@prisma/client/runtime/library.js:177:10955
    at runInChildSpan (/Users/saiminpyaekyaw/Desktop/workspace/myanhon-be/node_modules/@prisma/client/runtime/library.js:70:25817)
    at t._executeRequest (/Users/saiminpyaekyaw/Desktop/workspace/myanhon-be/node_modules/@prisma/client/runtime/library.js:177:10944)
    at processTicksAndRejections (node:internal/process/task_queues:95:5)
 
Fri Jul 07 2023 06:33:34 GMT+0630 (Myanmar Time)[ Admin Remove Content Controller ]
Error: 
Invalid `prisma.contents.delete()` invocation in
/Users/saiminpyaekyaw/Desktop/workspace/myanhon-be/controllers/admin/courseController.ts:96:37

  93 
  94 export const removeContent = async (req: Request, res: Response) => {
  95     try {
→ 96         await prisma.contents.delete(
An operation failed because it depends on one or more records that were required but not found. Record to delete does not exist.
    at fn.handleRequestError (/Users/saiminpyaekyaw/Desktop/workspace/myanhon-be/node_modules/@prisma/client/runtime/library.js:174:6477)
    at fn.handleAndLogRequestError (/Users/saiminpyaekyaw/Desktop/workspace/myanhon-be/node_modules/@prisma/client/runtime/library.js:174:5907)
    at fn.request (/Users/saiminpyaekyaw/Desktop/workspace/myanhon-be/node_modules/@prisma/client/runtime/library.js:174:5786)
    at t._request (/Users/saiminpyaekyaw/Desktop/workspace/myanhon-be/node_modules/@prisma/client/runtime/library.js:177:10477)
 
Fri Jul 07 2023 06:33:34 GMT+0630 (Myanmar Time)[ Admin Remove Content Controller ]
Error: 
Invalid `prisma.instructors.update()` invocation in
/Users/saiminpyaekyaw/Desktop/workspace/myanhon-be/controllers/admin/courseController.ts:148:34

  145 
  146 export const removeInstructor = async (req: Request, res: Response) => {
  147     try {
→ 148         await prisma.instructors.update({
                where: {
                  id: '2c92f7ab-e38a-48cd-8611-70f22f9f2387'
                },
                data: {
                  courses: {
                    disconnect: {
              ?       id?: String
                    },
              ?     create?: CoursesCreateWithoutInstructorsInput | CoursesCreateWithoutInstructorsInput[] | CoursesUncheckedCreateWithoutInstructorsInput | CoursesUncheckedCreateWithoutInstructorsInput[],
              ?     connectOrCreate?: CoursesCreateOrConnectWithoutInstructorsInput | CoursesCreateOrConnectWithoutInstructorsInput[],
              ?     upsert?: CoursesUpsertWithWhereUniqueWithoutInstructorsInput | CoursesUpsertWithWhereUniqueWithoutInstructorsInput[],
              ?     set?: CoursesWhereUniqueInput | CoursesWhereUniqueInput[],
              ?     delete?: CoursesWhereUniqueInput | CoursesWhereUniqueInput[],
              ?     connect?: CoursesWhereUniqueInput | CoursesWhereUniqueInput[],
              ?     update?: CoursesUpdateWithWhereUniqueWithoutInstructorsInput | CoursesUpdateWithWhereUniqueWithoutInstructorsInput[],
              ?     updateMany?: CoursesUpdateManyWithWhereWithoutInstructorsInput | CoursesUpdateManyWithWhereWithoutInstructorsInput[],
              ?     deleteMany?: CoursesScalarWhereInput | CoursesScalarWhereInput[]
                  }
                }
              })

Argument data.courses.disconnect of type CoursesWhereUniqueInput needs at least one argument. Available args are listed in green.

Note: Lines with ? are optional.

    at mi.validate (/Users/saiminpyaekyaw/Desktop/workspace/myanhon-be/node_modules/@prisma/client/runtime/library.js:149:91)
    at rn.createMessage (/Users/saiminpyaekyaw/Desktop/workspace/myanhon-be/node_modules/@prisma/client/runtime/library.js:164:13651)
    at /Users/saiminpyaekyaw/Desktop/workspace/myanhon-be/node_modules/@prisma/client/runtime/library.js:177:10955
    at runInChildSpan (/Users/saiminpyaekyaw/Desktop/workspace/myanhon-be/node_modules/@prisma/client/runtime/library.js:70:25817)
    at t._executeRequest (/Users/saiminpyaekyaw/Desktop/workspace/myanhon-be/node_modules/@prisma/client/runtime/library.js:177:10944)
    at processTicksAndRejections (node:internal/process/task_queues:95:5)
 
Fri Jul 07 2023 06:36:07 GMT+0630 (Myanmar Time)[ Admin Remove Content Controller ]
Error: 
Invalid `prisma.contents.delete()` invocation in
/Users/saiminpyaekyaw/Desktop/workspace/myanhon-be/controllers/admin/courseController.ts:96:37

  93 
  94 export const removeContent = async (req: Request, res: Response) => {
  95     try {
→ 96         await prisma.contents.delete(
An operation failed because it depends on one or more records that were required but not found. Record to delete does not exist.
    at fn.handleRequestError (/Users/saiminpyaekyaw/Desktop/workspace/myanhon-be/node_modules/@prisma/client/runtime/library.js:174:6477)
    at fn.handleAndLogRequestError (/Users/saiminpyaekyaw/Desktop/workspace/myanhon-be/node_modules/@prisma/client/runtime/library.js:174:5907)
    at fn.request (/Users/saiminpyaekyaw/Desktop/workspace/myanhon-be/node_modules/@prisma/client/runtime/library.js:174:5786)
    at t._request (/Users/saiminpyaekyaw/Desktop/workspace/myanhon-be/node_modules/@prisma/client/runtime/library.js:177:10477)
 
Fri Jul 07 2023 06:36:07 GMT+0630 (Myanmar Time)[ Admin Remove Content Controller ]
Error: 
Invalid `prisma.instructors.update()` invocation in
/Users/saiminpyaekyaw/Desktop/workspace/myanhon-be/controllers/admin/courseController.ts:148:34

  145 
  146 export const removeInstructor = async (req: Request, res: Response) => {
  147     try {
→ 148         await prisma.instructors.update({
                where: {
                  id: '2c92f7ab-e38a-48cd-8611-70f22f9f2387'
                },
                data: {
                  courses: {
                    disconnect: {
              ?       id?: String
                    },
              ?     create?: CoursesCreateWithoutInstructorsInput | CoursesCreateWithoutInstructorsInput[] | CoursesUncheckedCreateWithoutInstructorsInput | CoursesUncheckedCreateWithoutInstructorsInput[],
              ?     connectOrCreate?: CoursesCreateOrConnectWithoutInstructorsInput | CoursesCreateOrConnectWithoutInstructorsInput[],
              ?     upsert?: CoursesUpsertWithWhereUniqueWithoutInstructorsInput | CoursesUpsertWithWhereUniqueWithoutInstructorsInput[],
              ?     set?: CoursesWhereUniqueInput | CoursesWhereUniqueInput[],
              ?     delete?: CoursesWhereUniqueInput | CoursesWhereUniqueInput[],
              ?     connect?: CoursesWhereUniqueInput | CoursesWhereUniqueInput[],
              ?     update?: CoursesUpdateWithWhereUniqueWithoutInstructorsInput | CoursesUpdateWithWhereUniqueWithoutInstructorsInput[],
              ?     updateMany?: CoursesUpdateManyWithWhereWithoutInstructorsInput | CoursesUpdateManyWithWhereWithoutInstructorsInput[],
              ?     deleteMany?: CoursesScalarWhereInput | CoursesScalarWhereInput[]
                  }
                }
              })

Argument data.courses.disconnect of type CoursesWhereUniqueInput needs at least one argument. Available args are listed in green.

Note: Lines with ? are optional.

    at mi.validate (/Users/saiminpyaekyaw/Desktop/workspace/myanhon-be/node_modules/@prisma/client/runtime/library.js:149:91)
    at rn.createMessage (/Users/saiminpyaekyaw/Desktop/workspace/myanhon-be/node_modules/@prisma/client/runtime/library.js:164:13651)
    at /Users/saiminpyaekyaw/Desktop/workspace/myanhon-be/node_modules/@prisma/client/runtime/library.js:177:10955
    at runInChildSpan (/Users/saiminpyaekyaw/Desktop/workspace/myanhon-be/node_modules/@prisma/client/runtime/library.js:70:25817)
    at t._executeRequest (/Users/saiminpyaekyaw/Desktop/workspace/myanhon-be/node_modules/@prisma/client/runtime/library.js:177:10944)
    at processTicksAndRejections (node:internal/process/task_queues:95:5)
 
Fri Jul 07 2023 06:46:09 GMT+0630 (Myanmar Time)[ Admin Remove Content Controller ]
Error: 
Invalid `prisma.instructors.update()` invocation in
/Users/saiminpyaekyaw/Desktop/workspace/myanhon-be/controllers/admin/courseController.ts:148:34

  145 
  146 export const removeInstructor = async (req: Request, res: Response) => {
  147     try {
→ 148         await prisma.instructors.update({
                where: {
                  id: '2c92f7ab-e38a-48cd-8611-70f22f9f2387'
                },
                data: {
                  courses: {
                    disconnect: {
              ?       id?: String
                    },
              ?     create?: CoursesCreateWithoutInstructorsInput | CoursesCreateWithoutInstructorsInput[] | CoursesUncheckedCreateWithoutInstructorsInput | CoursesUncheckedCreateWithoutInstructorsInput[],
              ?     connectOrCreate?: CoursesCreateOrConnectWithoutInstructorsInput | CoursesCreateOrConnectWithoutInstructorsInput[],
              ?     upsert?: CoursesUpsertWithWhereUniqueWithoutInstructorsInput | CoursesUpsertWithWhereUniqueWithoutInstructorsInput[],
              ?     set?: CoursesWhereUniqueInput | CoursesWhereUniqueInput[],
              ?     delete?: CoursesWhereUniqueInput | CoursesWhereUniqueInput[],
              ?     connect?: CoursesWhereUniqueInput | CoursesWhereUniqueInput[],
              ?     update?: CoursesUpdateWithWhereUniqueWithoutInstructorsInput | CoursesUpdateWithWhereUniqueWithoutInstructorsInput[],
              ?     updateMany?: CoursesUpdateManyWithWhereWithoutInstructorsInput | CoursesUpdateManyWithWhereWithoutInstructorsInput[],
              ?     deleteMany?: CoursesScalarWhereInput | CoursesScalarWhereInput[]
                  }
                }
              })

Argument data.courses.disconnect of type CoursesWhereUniqueInput needs at least one argument. Available args are listed in green.

Note: Lines with ? are optional.

    at mi.validate (/Users/saiminpyaekyaw/Desktop/workspace/myanhon-be/node_modules/@prisma/client/runtime/library.js:149:91)
    at rn.createMessage (/Users/saiminpyaekyaw/Desktop/workspace/myanhon-be/node_modules/@prisma/client/runtime/library.js:164:13651)
    at /Users/saiminpyaekyaw/Desktop/workspace/myanhon-be/node_modules/@prisma/client/runtime/library.js:177:10955
    at runInChildSpan (/Users/saiminpyaekyaw/Desktop/workspace/myanhon-be/node_modules/@prisma/client/runtime/library.js:70:25817)
    at t._executeRequest (/Users/saiminpyaekyaw/Desktop/workspace/myanhon-be/node_modules/@prisma/client/runtime/library.js:177:10944)
    at processTicksAndRejections (node:internal/process/task_queues:95:5)
 
Wed Jul 12 2023 22:18:40 GMT+0630 (Myanmar Time)[ Reset Password Controller ]
TypeError: Converting circular structure to JSON
    --> starting at object with constructor 'ClientRequest'
    |     property 'res' -> object with constructor 'IncomingMessage'
    --- property 'req' closes the circle
    at JSON.stringify (<anonymous>)
    at stringify (/Users/saiminpyaekyaw/Desktop/workspace/myanhon-be/node_modules/express/lib/response.js:1150:12)
    at ServerResponse.json (/Users/saiminpyaekyaw/Desktop/workspace/myanhon-be/node_modules/express/lib/response.js:271:14)
    at writeJsonRes (/Users/saiminpyaekyaw/Desktop/workspace/myanhon-be/dist/utils/functions.js:102:10)
    at /Users/saiminpyaekyaw/Desktop/workspace/myanhon-be/dist/controllers/payment/payment.js:44:45
    at Generator.next (<anonymous>)
    at fulfilled (/Users/saiminpyaekyaw/Desktop/workspace/myanhon-be/dist/controllers/payment/payment.js:5:58)
    at process.processTicksAndRejections (node:internal/process/task_queues:95:5)
 
Wed Jul 12 2023 22:26:38 GMT+0630 (Myanmar Time)[ Reset Password Controller ]
TypeError: Converting circular structure to JSON
    --> starting at object with constructor 'ClientRequest'
    |     property 'res' -> object with constructor 'IncomingMessage'
    --- property 'req' closes the circle
    at JSON.stringify (<anonymous>)
    at stringify (/Users/saiminpyaekyaw/Desktop/workspace/myanhon-be/node_modules/express/lib/response.js:1150:12)
    at ServerResponse.json (/Users/saiminpyaekyaw/Desktop/workspace/myanhon-be/node_modules/express/lib/response.js:271:14)
    at writeJsonRes (/Users/saiminpyaekyaw/Desktop/workspace/myanhon-be/dist/utils/functions.js:102:10)
    at /Users/saiminpyaekyaw/Desktop/workspace/myanhon-be/dist/controllers/payment/payment.js:44:45
    at Generator.next (<anonymous>)
    at fulfilled (/Users/saiminpyaekyaw/Desktop/workspace/myanhon-be/dist/controllers/payment/payment.js:5:58)
    at process.processTicksAndRejections (node:internal/process/task_queues:95:5)
 
Wed Jul 12 2023 22:28:56 GMT+0630 (Myanmar Time)[ Reset Password Controller ]
TypeError: Converting circular structure to JSON
    --> starting at object with constructor 'ClientRequest'
    |     property 'res' -> object with constructor 'IncomingMessage'
    --- property 'req' closes the circle
    at JSON.stringify (<anonymous>)
    at stringify (/Users/saiminpyaekyaw/Desktop/workspace/myanhon-be/node_modules/express/lib/response.js:1150:12)
    at ServerResponse.json (/Users/saiminpyaekyaw/Desktop/workspace/myanhon-be/node_modules/express/lib/response.js:271:14)
    at writeJsonRes (/Users/saiminpyaekyaw/Desktop/workspace/myanhon-be/dist/utils/functions.js:102:10)
    at /Users/saiminpyaekyaw/Desktop/workspace/myanhon-be/dist/controllers/payment/payment.js:44:45
    at Generator.next (<anonymous>)
    at fulfilled (/Users/saiminpyaekyaw/Desktop/workspace/myanhon-be/dist/controllers/payment/payment.js:5:58)
    at process.processTicksAndRejections (node:internal/process/task_queues:95:5)
 
Wed Jul 12 2023 22:29:08 GMT+0630 (Myanmar Time)[ Reset Password Controller ]
TypeError: Converting circular structure to JSON
    --> starting at object with constructor 'ClientRequest'
    |     property 'res' -> object with constructor 'IncomingMessage'
    --- property 'req' closes the circle
    at JSON.stringify (<anonymous>)
    at stringify (/Users/saiminpyaekyaw/Desktop/workspace/myanhon-be/node_modules/express/lib/response.js:1150:12)
    at ServerResponse.json (/Users/saiminpyaekyaw/Desktop/workspace/myanhon-be/node_modules/express/lib/response.js:271:14)
    at writeJsonRes (/Users/saiminpyaekyaw/Desktop/workspace/myanhon-be/dist/utils/functions.js:102:10)
    at /Users/saiminpyaekyaw/Desktop/workspace/myanhon-be/dist/controllers/payment/payment.js:44:45
    at Generator.next (<anonymous>)
    at fulfilled (/Users/saiminpyaekyaw/Desktop/workspace/myanhon-be/dist/controllers/payment/payment.js:5:58)
    at process.processTicksAndRejections (node:internal/process/task_queues:95:5)
 
Wed Jul 12 2023 22:37:47 GMT+0630 (Myanmar Time)[ Reset Password Controller ]
TypeError: Converting circular structure to JSON
    --> starting at object with constructor 'ClientRequest'
    |     property 'res' -> object with constructor 'IncomingMessage'
    --- property 'req' closes the circle
    at JSON.stringify (<anonymous>)
    at stringify (/Users/saiminpyaekyaw/Desktop/workspace/myanhon-be/node_modules/express/lib/response.js:1150:12)
    at ServerResponse.json (/Users/saiminpyaekyaw/Desktop/workspace/myanhon-be/node_modules/express/lib/response.js:271:14)
    at writeJsonRes (/Users/saiminpyaekyaw/Desktop/workspace/myanhon-be/dist/utils/functions.js:102:10)
    at /Users/saiminpyaekyaw/Desktop/workspace/myanhon-be/dist/controllers/payment/payment.js:44:45
    at Generator.next (<anonymous>)
    at fulfilled (/Users/saiminpyaekyaw/Desktop/workspace/myanhon-be/dist/controllers/payment/payment.js:5:58)
    at process.processTicksAndRejections (node:internal/process/task_queues:95:5)
 
Wed Jul 12 2023 22:38:25 GMT+0630 (Myanmar Time)[ Reset Password Controller ]
TypeError: Converting circular structure to JSON
    --> starting at object with constructor 'ClientRequest'
    |     property 'res' -> object with constructor 'IncomingMessage'
    --- property 'req' closes the circle
    at JSON.stringify (<anonymous>)
    at stringify (/Users/saiminpyaekyaw/Desktop/workspace/myanhon-be/node_modules/express/lib/response.js:1150:12)
    at ServerResponse.json (/Users/saiminpyaekyaw/Desktop/workspace/myanhon-be/node_modules/express/lib/response.js:271:14)
    at writeJsonRes (/Users/saiminpyaekyaw/Desktop/workspace/myanhon-be/dist/utils/functions.js:102:10)
    at /Users/saiminpyaekyaw/Desktop/workspace/myanhon-be/dist/controllers/payment/payment.js:44:45
    at Generator.next (<anonymous>)
    at fulfilled (/Users/saiminpyaekyaw/Desktop/workspace/myanhon-be/dist/controllers/payment/payment.js:5:58)
    at process.processTicksAndRejections (node:internal/process/task_queues:95:5)
 
Wed Jul 12 2023 22:38:43 GMT+0630 (Myanmar Time)[ Payment Controller ]
TypeError: Converting circular structure to JSON
    --> starting at object with constructor 'ClientRequest'
    |     property 'res' -> object with constructor 'IncomingMessage'
    --- property 'req' closes the circle
    at JSON.stringify (<anonymous>)
    at stringify (/Users/saiminpyaekyaw/Desktop/workspace/myanhon-be/node_modules/express/lib/response.js:1150:12)
    at ServerResponse.json (/Users/saiminpyaekyaw/Desktop/workspace/myanhon-be/node_modules/express/lib/response.js:271:14)
    at writeJsonRes (/Users/saiminpyaekyaw/Desktop/workspace/myanhon-be/dist/utils/functions.js:102:10)
    at /Users/saiminpyaekyaw/Desktop/workspace/myanhon-be/dist/controllers/payment/payment.js:44:45
    at Generator.next (<anonymous>)
    at fulfilled (/Users/saiminpyaekyaw/Desktop/workspace/myanhon-be/dist/controllers/payment/payment.js:5:58)
    at process.processTicksAndRejections (node:internal/process/task_queues:95:5)
 
Wed Jul 12 2023 22:40:09 GMT+0630 (Myanmar Time)[ Payment Controller ]
TypeError: Converting circular structure to JSON
    --> starting at object with constructor 'ClientRequest'
    |     property 'res' -> object with constructor 'IncomingMessage'
    --- property 'req' closes the circle
    at JSON.stringify (<anonymous>)
    at stringify (/Users/saiminpyaekyaw/Desktop/workspace/myanhon-be/node_modules/express/lib/response.js:1150:12)
    at ServerResponse.json (/Users/saiminpyaekyaw/Desktop/workspace/myanhon-be/node_modules/express/lib/response.js:271:14)
    at writeJsonRes (/Users/saiminpyaekyaw/Desktop/workspace/myanhon-be/dist/utils/functions.js:102:10)
    at /Users/saiminpyaekyaw/Desktop/workspace/myanhon-be/dist/controllers/payment/payment.js:47:45
    at Generator.next (<anonymous>)
    at fulfilled (/Users/saiminpyaekyaw/Desktop/workspace/myanhon-be/dist/controllers/payment/payment.js:5:58)
    at process.processTicksAndRejections (node:internal/process/task_queues:95:5)
 
Fri Jul 14 2023 02:11:15 GMT+0630 (Myanmar Time)[ Payment Controller ]
AxiosError: Request failed with status code 500
    at settle (/Users/saiminpyaekyaw/Desktop/workspace/myanhon-be/node_modules/axios/dist/node/axios.cjs:1909:12)
    at IncomingMessage.handleStreamEnd (/Users/saiminpyaekyaw/Desktop/workspace/myanhon-be/node_modules/axios/dist/node/axios.cjs:2989:11)
    at IncomingMessage.emit (node:events:524:35)
    at endReadableNT (node:internal/streams/readable:1359:12)
    at process.processTicksAndRejections (node:internal/process/task_queues:82:21)
 
Fri Jul 14 2023 02:24:01 GMT+0630 (Myanmar Time)[ Payment Controller ]
AxiosError: Request failed with status code 404
    at settle (/Users/saiminpyaekyaw/Desktop/workspace/myanhon-be/node_modules/axios/dist/node/axios.cjs:1909:12)
    at IncomingMessage.handleStreamEnd (/Users/saiminpyaekyaw/Desktop/workspace/myanhon-be/node_modules/axios/dist/node/axios.cjs:2989:11)
    at IncomingMessage.emit (node:events:524:35)
    at endReadableNT (node:internal/streams/readable:1359:12)
    at process.processTicksAndRejections (node:internal/process/task_queues:82:21)
 
Fri Jul 14 2023 02:24:58 GMT+0630 (Myanmar Time)[ Payment Controller ]
AxiosError: Request failed with status code 404
    at settle (/Users/saiminpyaekyaw/Desktop/workspace/myanhon-be/node_modules/axios/dist/node/axios.cjs:1909:12)
    at IncomingMessage.handleStreamEnd (/Users/saiminpyaekyaw/Desktop/workspace/myanhon-be/node_modules/axios/dist/node/axios.cjs:2989:11)
    at IncomingMessage.emit (node:events:524:35)
    at endReadableNT (node:internal/streams/readable:1359:12)
    at process.processTicksAndRejections (node:internal/process/task_queues:82:21)
 
Fri Jul 14 2023 02:25:34 GMT+0630 (Myanmar Time)[ Payment Controller ]
AxiosError: Request failed with status code 404
    at settle (/Users/saiminpyaekyaw/Desktop/workspace/myanhon-be/node_modules/axios/dist/node/axios.cjs:1909:12)
    at IncomingMessage.handleStreamEnd (/Users/saiminpyaekyaw/Desktop/workspace/myanhon-be/node_modules/axios/dist/node/axios.cjs:2989:11)
    at IncomingMessage.emit (node:events:524:35)
    at endReadableNT (node:internal/streams/readable:1359:12)
    at process.processTicksAndRejections (node:internal/process/task_queues:82:21)
 
Fri Jul 14 2023 02:26:06 GMT+0630 (Myanmar Time)[ Payment Controller ]
AxiosError: Request failed with status code 404
    at settle (/Users/saiminpyaekyaw/Desktop/workspace/myanhon-be/node_modules/axios/dist/node/axios.cjs:1909:12)
    at IncomingMessage.handleStreamEnd (/Users/saiminpyaekyaw/Desktop/workspace/myanhon-be/node_modules/axios/dist/node/axios.cjs:2989:11)
    at IncomingMessage.emit (node:events:524:35)
    at endReadableNT (node:internal/streams/readable:1359:12)
    at process.processTicksAndRejections (node:internal/process/task_queues:82:21)
 
Fri Jul 14 2023 02:29:56 GMT+0630 (Myanmar Time)[ Payment Controller ]
TypeError: Converting circular structure to JSON
    --> starting at object with constructor 'ClientRequest'
    |     property 'res' -> object with constructor 'IncomingMessage'
    --- property 'req' closes the circle
    at JSON.stringify (<anonymous>)
    at stringify (/Users/saiminpyaekyaw/Desktop/workspace/myanhon-be/node_modules/express/lib/response.js:1150:12)
    at ServerResponse.json (/Users/saiminpyaekyaw/Desktop/workspace/myanhon-be/node_modules/express/lib/response.js:271:14)
    at writeJsonRes (/Users/saiminpyaekyaw/Desktop/workspace/myanhon-be/dist/utils/functions.js:102:10)
    at /Users/saiminpyaekyaw/Desktop/workspace/myanhon-be/dist/controllers/payment/payment.js:50:49
    at Generator.next (<anonymous>)
    at fulfilled (/Users/saiminpyaekyaw/Desktop/workspace/myanhon-be/dist/controllers/payment/payment.js:5:58)
    at process.processTicksAndRejections (node:internal/process/task_queues:95:5)
 
Fri Jul 14 2023 02:30:24 GMT+0630 (Myanmar Time)[ Payment Controller ]
TypeError: Converting circular structure to JSON
    --> starting at object with constructor 'ClientRequest'
    |     property 'res' -> object with constructor 'IncomingMessage'
    --- property 'req' closes the circle
    at JSON.stringify (<anonymous>)
    at stringify (/Users/saiminpyaekyaw/Desktop/workspace/myanhon-be/node_modules/express/lib/response.js:1150:12)
    at ServerResponse.json (/Users/saiminpyaekyaw/Desktop/workspace/myanhon-be/node_modules/express/lib/response.js:271:14)
    at writeJsonRes (/Users/saiminpyaekyaw/Desktop/workspace/myanhon-be/dist/utils/functions.js:102:10)
    at /Users/saiminpyaekyaw/Desktop/workspace/myanhon-be/dist/controllers/payment/payment.js:50:49
    at Generator.next (<anonymous>)
    at fulfilled (/Users/saiminpyaekyaw/Desktop/workspace/myanhon-be/dist/controllers/payment/payment.js:5:58)
    at process.processTicksAndRejections (node:internal/process/task_queues:95:5)
 
Sun Jul 16 2023 23:00:00 GMT+0630 (Myanmar Time)[ Payment Controller ]
TypeError: Converting circular structure to JSON
    --> starting at object with constructor 'ClientRequest'
    |     property 'res' -> object with constructor 'IncomingMessage'
    --- property 'req' closes the circle
    at JSON.stringify (<anonymous>)
    at stringify (/Users/saiminpyaekyaw/Desktop/workspace/myanhon-be/node_modules/express/lib/response.js:1150:12)
    at ServerResponse.json (/Users/saiminpyaekyaw/Desktop/workspace/myanhon-be/node_modules/express/lib/response.js:271:14)
    at writeJsonRes (/Users/saiminpyaekyaw/Desktop/workspace/myanhon-be/dist/utils/functions.js:102:10)
    at /Users/saiminpyaekyaw/Desktop/workspace/myanhon-be/dist/controllers/payment/payment.js:51:45
    at Generator.next (<anonymous>)
    at fulfilled (/Users/saiminpyaekyaw/Desktop/workspace/myanhon-be/dist/controllers/payment/payment.js:5:58)
    at process.processTicksAndRejections (node:internal/process/task_queues:95:5)
 
Sun Jul 16 2023 23:47:41 GMT+0630 (Myanmar Time)[ Payment Controller ]
TypeError: Converting circular structure to JSON
    --> starting at object with constructor 'ClientRequest'
    |     property 'res' -> object with constructor 'IncomingMessage'
    --- property 'req' closes the circle
    at JSON.stringify (<anonymous>)
    at stringify (/Users/saiminpyaekyaw/Desktop/workspace/myanhon-be/node_modules/express/lib/response.js:1150:12)
    at ServerResponse.json (/Users/saiminpyaekyaw/Desktop/workspace/myanhon-be/node_modules/express/lib/response.js:271:14)
    at writeJsonRes (/Users/saiminpyaekyaw/Desktop/workspace/myanhon-be/dist/utils/functions.js:102:10)
    at /Users/saiminpyaekyaw/Desktop/workspace/myanhon-be/dist/controllers/payment/payment.js:48:45
    at Generator.next (<anonymous>)
    at fulfilled (/Users/saiminpyaekyaw/Desktop/workspace/myanhon-be/dist/controllers/payment/payment.js:5:58)
    at process.processTicksAndRejections (node:internal/process/task_queues:95:5)
 
Sun Jul 23 2023 12:26:40 GMT+0630 (Myanmar Time)[ Get Questioniar Controller ]
TypeError: Cannot read properties of undefined (reading 'map')
    at /Users/saiminpyaekyaw/Desktop/workspace/myanhon-be/controllers/questioniar.ts:36:36
    at Generator.next (<anonymous>)
    at /Users/saiminpyaekyaw/Desktop/workspace/myanhon-be/controllers/questioniar.ts:8:71
    at new Promise (<anonymous>)
    at Object.<anonymous>.__awaiter (/Users/saiminpyaekyaw/Desktop/workspace/myanhon-be/controllers/questioniar.ts:4:12)
    at createQuizz (/Users/saiminpyaekyaw/Desktop/workspace/myanhon-be/controllers/questioniar.ts:30:66)
    at Layer.handle [as handle_request] (/Users/saiminpyaekyaw/Desktop/workspace/myanhon-be/node_modules/express/lib/router/layer.js:95:5)
    at next (/Users/saiminpyaekyaw/Desktop/workspace/myanhon-be/node_modules/express/lib/router/route.js:144:13)
    at Route.dispatch (/Users/saiminpyaekyaw/Desktop/workspace/myanhon-be/node_modules/express/lib/router/route.js:114:3)
    at Layer.handle [as handle_request] (/Users/saiminpyaekyaw/Desktop/workspace/myanhon-be/node_modules/express/lib/router/layer.js:95:5)
    at /Users/saiminpyaekyaw/Desktop/workspace/myanhon-be/node_modules/express/lib/router/index.js:284:15
    at Function.process_params (/Users/saiminpyaekyaw/Desktop/workspace/myanhon-be/node_modules/express/lib/router/index.js:346:12)
    at next (/Users/saiminpyaekyaw/Desktop/workspace/myanhon-be/node_modules/express/lib/router/index.js:280:10)
    at Function.handle (/Users/saiminpyaekyaw/Desktop/workspace/myanhon-be/node_modules/express/lib/router/index.js:175:3)
    at router (/Users/saiminpyaekyaw/Desktop/workspace/myanhon-be/node_modules/express/lib/router/index.js:47:12)
    at Layer.handle [as handle_request] (/Users/saiminpyaekyaw/Desktop/workspace/myanhon-be/node_modules/express/lib/router/layer.js:95:5)
    at trim_prefix (/Users/saiminpyaekyaw/Desktop/workspace/myanhon-be/node_modules/express/lib/router/index.js:328:13)
    at /Users/saiminpyaekyaw/Desktop/workspace/myanhon-be/node_modules/express/lib/router/index.js:286:9
    at Function.process_params (/Users/saiminpyaekyaw/Desktop/workspace/myanhon-be/node_modules/express/lib/router/index.js:346:12)
    at next (/Users/saiminpyaekyaw/Desktop/workspace/myanhon-be/node_modules/express/lib/router/index.js:280:10)
    at /Users/saiminpyaekyaw/Desktop/workspace/myanhon-be/node_modules/express/lib/router/index.js:646:15
    at next (/Users/saiminpyaekyaw/Desktop/workspace/myanhon-be/node_modules/express/lib/router/index.js:265:14)
    at Function.handle (/Users/saiminpyaekyaw/Desktop/workspace/myanhon-be/node_modules/express/lib/router/index.js:175:3)
    at router (/Users/saiminpyaekyaw/Desktop/workspace/myanhon-be/node_modules/express/lib/router/index.js:47:12)
    at Layer.handle [as handle_request] (/Users/saiminpyaekyaw/Desktop/workspace/myanhon-be/node_modules/express/lib/router/layer.js:95:5)
    at trim_prefix (/Users/saiminpyaekyaw/Desktop/workspace/myanhon-be/node_modules/express/lib/router/index.js:328:13)
    at /Users/saiminpyaekyaw/Desktop/workspace/myanhon-be/node_modules/express/lib/router/index.js:286:9
    at Function.process_params (/Users/saiminpyaekyaw/Desktop/workspace/myanhon-be/node_modules/express/lib/router/index.js:346:12)
    at next (/Users/saiminpyaekyaw/Desktop/workspace/myanhon-be/node_modules/express/lib/router/index.js:280:10)
    at /Users/saiminpyaekyaw/Desktop/workspace/myanhon-be/node_modules/express/lib/router/index.js:646:15
    at next (/Users/saiminpyaekyaw/Desktop/workspace/myanhon-be/node_modules/express/lib/router/index.js:265:14)
    at Function.handle (/Users/saiminpyaekyaw/Desktop/workspace/myanhon-be/node_modules/express/lib/router/index.js:175:3)
    at router (/Users/saiminpyaekyaw/Desktop/workspace/myanhon-be/node_modules/express/lib/router/index.js:47:12)
    at Layer.handle [as handle_request] (/Users/saiminpyaekyaw/Desktop/workspace/myanhon-be/node_modules/express/lib/router/layer.js:95:5)
    at trim_prefix (/Users/saiminpyaekyaw/Desktop/workspace/myanhon-be/node_modules/express/lib/router/index.js:328:13)
    at /Users/saiminpyaekyaw/Desktop/workspace/myanhon-be/node_modules/express/lib/router/index.js:286:9
    at Function.process_params (/Users/saiminpyaekyaw/Desktop/workspace/myanhon-be/node_modules/express/lib/router/index.js:346:12)
    at next (/Users/saiminpyaekyaw/Desktop/workspace/myanhon-be/node_modules/express/lib/router/index.js:280:10)
    at /Users/saiminpyaekyaw/Desktop/workspace/myanhon-be/node_modules/express/lib/router/index.js:646:15
    at next (/Users/saiminpyaekyaw/Desktop/workspace/myanhon-be/node_modules/express/lib/router/index.js:265:14)
    at Function.handle (/Users/saiminpyaekyaw/Desktop/workspace/myanhon-be/node_modules/express/lib/router/index.js:175:3)
    at router (/Users/saiminpyaekyaw/Desktop/workspace/myanhon-be/node_modules/express/lib/router/index.js:47:12)
    at Layer.handle [as handle_request] (/Users/saiminpyaekyaw/Desktop/workspace/myanhon-be/node_modules/express/lib/router/layer.js:95:5)
    at trim_prefix (/Users/saiminpyaekyaw/Desktop/workspace/myanhon-be/node_modules/express/lib/router/index.js:328:13)
    at /Users/saiminpyaekyaw/Desktop/workspace/myanhon-be/node_modules/express/lib/router/index.js:286:9
    at Function.process_params (/Users/saiminpyaekyaw/Desktop/workspace/myanhon-be/node_modules/express/lib/router/index.js:346:12)
    at next (/Users/saiminpyaekyaw/Desktop/workspace/myanhon-be/node_modules/express/lib/router/index.js:280:10)
    at /Users/saiminpyaekyaw/Desktop/workspace/myanhon-be/node_modules/express/lib/router/index.js:646:15
    at next (/Users/saiminpyaekyaw/Desktop/workspace/myanhon-be/node_modules/express/lib/router/index.js:265:14)
    at Function.handle (/Users/saiminpyaekyaw/Desktop/workspace/myanhon-be/node_modules/express/lib/router/index.js:175:3)
    at router (/Users/saiminpyaekyaw/Desktop/workspace/myanhon-be/node_modules/express/lib/router/index.js:47:12)
    at Layer.handle [as handle_request] (/Users/saiminpyaekyaw/Desktop/workspace/myanhon-be/node_modules/express/lib/router/layer.js:95:5)
    at trim_prefix (/Users/saiminpyaekyaw/Desktop/workspace/myanhon-be/node_modules/express/lib/router/index.js:328:13)
    at /Users/saiminpyaekyaw/Desktop/workspace/myanhon-be/node_modules/express/lib/router/index.js:286:9
    at Function.process_params (/Users/saiminpyaekyaw/Desktop/workspace/myanhon-be/node_modules/express/lib/router/index.js:346:12)
    at next (/Users/saiminpyaekyaw/Desktop/workspace/myanhon-be/node_modules/express/lib/router/index.js:280:10)
    at /Users/saiminpyaekyaw/Desktop/workspace/myanhon-be/node_modules/express/lib/router/index.js:646:15
    at next (/Users/saiminpyaekyaw/Desktop/workspace/myanhon-be/node_modules/express/lib/router/index.js:265:14)
    at Function.handle (/Users/saiminpyaekyaw/Desktop/workspace/myanhon-be/node_modules/express/lib/router/index.js:175:3)
    at router (/Users/saiminpyaekyaw/Desktop/workspace/myanhon-be/node_modules/express/lib/router/index.js:47:12)
    at Layer.handle [as handle_request] (/Users/saiminpyaekyaw/Desktop/workspace/myanhon-be/node_modules/express/lib/router/layer.js:95:5)
    at trim_prefix (/Users/saiminpyaekyaw/Desktop/workspace/myanhon-be/node_modules/express/lib/router/index.js:328:13)
    at /Users/saiminpyaekyaw/Desktop/workspace/myanhon-be/node_modules/express/lib/router/index.js:286:9
    at Function.process_params (/Users/saiminpyaekyaw/Desktop/workspace/myanhon-be/node_modules/express/lib/router/index.js:346:12)
    at next (/Users/saiminpyaekyaw/Desktop/workspace/myanhon-be/node_modules/express/lib/router/index.js:280:10)
    at /Users/saiminpyaekyaw/Desktop/workspace/myanhon-be/node_modules/body-parser/lib/read.js:137:5
    at AsyncResource.runInAsyncScope (node:async_hooks:204:9)
    at invokeCallback (/Users/saiminpyaekyaw/Desktop/workspace/myanhon-be/node_modules/raw-body/index.js:231:16)
    at done (/Users/saiminpyaekyaw/Desktop/workspace/myanhon-be/node_modules/raw-body/index.js:220:7)
    at IncomingMessage.onEnd (/Users/saiminpyaekyaw/Desktop/workspace/myanhon-be/node_modules/raw-body/index.js:280:7)
    at IncomingMessage.emit (node:events:512:28)
    at endReadableNT (node:internal/streams/readable:1359:12)
    at processTicksAndRejections (node:internal/process/task_queues:82:21)
 
Sun Jul 23 2023 12:26:43 GMT+0630 (Myanmar Time)[ Get Questioniar Controller ]
TypeError: Cannot read properties of undefined (reading 'map')
    at /Users/saiminpyaekyaw/Desktop/workspace/myanhon-be/controllers/questioniar.ts:36:36
    at Generator.next (<anonymous>)
    at /Users/saiminpyaekyaw/Desktop/workspace/myanhon-be/controllers/questioniar.ts:8:71
    at new Promise (<anonymous>)
    at Object.<anonymous>.__awaiter (/Users/saiminpyaekyaw/Desktop/workspace/myanhon-be/controllers/questioniar.ts:4:12)
    at createQuizz (/Users/saiminpyaekyaw/Desktop/workspace/myanhon-be/controllers/questioniar.ts:30:66)
    at Layer.handle [as handle_request] (/Users/saiminpyaekyaw/Desktop/workspace/myanhon-be/node_modules/express/lib/router/layer.js:95:5)
    at next (/Users/saiminpyaekyaw/Desktop/workspace/myanhon-be/node_modules/express/lib/router/route.js:144:13)
    at Route.dispatch (/Users/saiminpyaekyaw/Desktop/workspace/myanhon-be/node_modules/express/lib/router/route.js:114:3)
    at Layer.handle [as handle_request] (/Users/saiminpyaekyaw/Desktop/workspace/myanhon-be/node_modules/express/lib/router/layer.js:95:5)
    at /Users/saiminpyaekyaw/Desktop/workspace/myanhon-be/node_modules/express/lib/router/index.js:284:15
    at Function.process_params (/Users/saiminpyaekyaw/Desktop/workspace/myanhon-be/node_modules/express/lib/router/index.js:346:12)
    at next (/Users/saiminpyaekyaw/Desktop/workspace/myanhon-be/node_modules/express/lib/router/index.js:280:10)
    at Function.handle (/Users/saiminpyaekyaw/Desktop/workspace/myanhon-be/node_modules/express/lib/router/index.js:175:3)
    at router (/Users/saiminpyaekyaw/Desktop/workspace/myanhon-be/node_modules/express/lib/router/index.js:47:12)
    at Layer.handle [as handle_request] (/Users/saiminpyaekyaw/Desktop/workspace/myanhon-be/node_modules/express/lib/router/layer.js:95:5)
    at trim_prefix (/Users/saiminpyaekyaw/Desktop/workspace/myanhon-be/node_modules/express/lib/router/index.js:328:13)
    at /Users/saiminpyaekyaw/Desktop/workspace/myanhon-be/node_modules/express/lib/router/index.js:286:9
    at Function.process_params (/Users/saiminpyaekyaw/Desktop/workspace/myanhon-be/node_modules/express/lib/router/index.js:346:12)
    at next (/Users/saiminpyaekyaw/Desktop/workspace/myanhon-be/node_modules/express/lib/router/index.js:280:10)
    at /Users/saiminpyaekyaw/Desktop/workspace/myanhon-be/node_modules/express/lib/router/index.js:646:15
    at next (/Users/saiminpyaekyaw/Desktop/workspace/myanhon-be/node_modules/express/lib/router/index.js:265:14)
    at Function.handle (/Users/saiminpyaekyaw/Desktop/workspace/myanhon-be/node_modules/express/lib/router/index.js:175:3)
    at router (/Users/saiminpyaekyaw/Desktop/workspace/myanhon-be/node_modules/express/lib/router/index.js:47:12)
    at Layer.handle [as handle_request] (/Users/saiminpyaekyaw/Desktop/workspace/myanhon-be/node_modules/express/lib/router/layer.js:95:5)
    at trim_prefix (/Users/saiminpyaekyaw/Desktop/workspace/myanhon-be/node_modules/express/lib/router/index.js:328:13)
    at /Users/saiminpyaekyaw/Desktop/workspace/myanhon-be/node_modules/express/lib/router/index.js:286:9
    at Function.process_params (/Users/saiminpyaekyaw/Desktop/workspace/myanhon-be/node_modules/express/lib/router/index.js:346:12)
    at next (/Users/saiminpyaekyaw/Desktop/workspace/myanhon-be/node_modules/express/lib/router/index.js:280:10)
    at /Users/saiminpyaekyaw/Desktop/workspace/myanhon-be/node_modules/express/lib/router/index.js:646:15
    at next (/Users/saiminpyaekyaw/Desktop/workspace/myanhon-be/node_modules/express/lib/router/index.js:265:14)
    at Function.handle (/Users/saiminpyaekyaw/Desktop/workspace/myanhon-be/node_modules/express/lib/router/index.js:175:3)
    at router (/Users/saiminpyaekyaw/Desktop/workspace/myanhon-be/node_modules/express/lib/router/index.js:47:12)
    at Layer.handle [as handle_request] (/Users/saiminpyaekyaw/Desktop/workspace/myanhon-be/node_modules/express/lib/router/layer.js:95:5)
    at trim_prefix (/Users/saiminpyaekyaw/Desktop/workspace/myanhon-be/node_modules/express/lib/router/index.js:328:13)
    at /Users/saiminpyaekyaw/Desktop/workspace/myanhon-be/node_modules/express/lib/router/index.js:286:9
    at Function.process_params (/Users/saiminpyaekyaw/Desktop/workspace/myanhon-be/node_modules/express/lib/router/index.js:346:12)
    at next (/Users/saiminpyaekyaw/Desktop/workspace/myanhon-be/node_modules/express/lib/router/index.js:280:10)
    at /Users/saiminpyaekyaw/Desktop/workspace/myanhon-be/node_modules/express/lib/router/index.js:646:15
    at next (/Users/saiminpyaekyaw/Desktop/workspace/myanhon-be/node_modules/express/lib/router/index.js:265:14)
    at Function.handle (/Users/saiminpyaekyaw/Desktop/workspace/myanhon-be/node_modules/express/lib/router/index.js:175:3)
    at router (/Users/saiminpyaekyaw/Desktop/workspace/myanhon-be/node_modules/express/lib/router/index.js:47:12)
    at Layer.handle [as handle_request] (/Users/saiminpyaekyaw/Desktop/workspace/myanhon-be/node_modules/express/lib/router/layer.js:95:5)
    at trim_prefix (/Users/saiminpyaekyaw/Desktop/workspace/myanhon-be/node_modules/express/lib/router/index.js:328:13)
    at /Users/saiminpyaekyaw/Desktop/workspace/myanhon-be/node_modules/express/lib/router/index.js:286:9
    at Function.process_params (/Users/saiminpyaekyaw/Desktop/workspace/myanhon-be/node_modules/express/lib/router/index.js:346:12)
    at next (/Users/saiminpyaekyaw/Desktop/workspace/myanhon-be/node_modules/express/lib/router/index.js:280:10)
    at /Users/saiminpyaekyaw/Desktop/workspace/myanhon-be/node_modules/express/lib/router/index.js:646:15
    at next (/Users/saiminpyaekyaw/Desktop/workspace/myanhon-be/node_modules/express/lib/router/index.js:265:14)
    at Function.handle (/Users/saiminpyaekyaw/Desktop/workspace/myanhon-be/node_modules/express/lib/router/index.js:175:3)
    at router (/Users/saiminpyaekyaw/Desktop/workspace/myanhon-be/node_modules/express/lib/router/index.js:47:12)
    at Layer.handle [as handle_request] (/Users/saiminpyaekyaw/Desktop/workspace/myanhon-be/node_modules/express/lib/router/layer.js:95:5)
    at trim_prefix (/Users/saiminpyaekyaw/Desktop/workspace/myanhon-be/node_modules/express/lib/router/index.js:328:13)
    at /Users/saiminpyaekyaw/Desktop/workspace/myanhon-be/node_modules/express/lib/router/index.js:286:9
    at Function.process_params (/Users/saiminpyaekyaw/Desktop/workspace/myanhon-be/node_modules/express/lib/router/index.js:346:12)
    at next (/Users/saiminpyaekyaw/Desktop/workspace/myanhon-be/node_modules/express/lib/router/index.js:280:10)
    at /Users/saiminpyaekyaw/Desktop/workspace/myanhon-be/node_modules/express/lib/router/index.js:646:15
    at next (/Users/saiminpyaekyaw/Desktop/workspace/myanhon-be/node_modules/express/lib/router/index.js:265:14)
    at Function.handle (/Users/saiminpyaekyaw/Desktop/workspace/myanhon-be/node_modules/express/lib/router/index.js:175:3)
    at router (/Users/saiminpyaekyaw/Desktop/workspace/myanhon-be/node_modules/express/lib/router/index.js:47:12)
    at Layer.handle [as handle_request] (/Users/saiminpyaekyaw/Desktop/workspace/myanhon-be/node_modules/express/lib/router/layer.js:95:5)
    at trim_prefix (/Users/saiminpyaekyaw/Desktop/workspace/myanhon-be/node_modules/express/lib/router/index.js:328:13)
    at /Users/saiminpyaekyaw/Desktop/workspace/myanhon-be/node_modules/express/lib/router/index.js:286:9
    at Function.process_params (/Users/saiminpyaekyaw/Desktop/workspace/myanhon-be/node_modules/express/lib/router/index.js:346:12)
    at next (/Users/saiminpyaekyaw/Desktop/workspace/myanhon-be/node_modules/express/lib/router/index.js:280:10)
    at /Users/saiminpyaekyaw/Desktop/workspace/myanhon-be/node_modules/body-parser/lib/read.js:137:5
    at AsyncResource.runInAsyncScope (node:async_hooks:204:9)
    at invokeCallback (/Users/saiminpyaekyaw/Desktop/workspace/myanhon-be/node_modules/raw-body/index.js:231:16)
    at done (/Users/saiminpyaekyaw/Desktop/workspace/myanhon-be/node_modules/raw-body/index.js:220:7)
    at IncomingMessage.onEnd (/Users/saiminpyaekyaw/Desktop/workspace/myanhon-be/node_modules/raw-body/index.js:280:7)
    at IncomingMessage.emit (node:events:512:28)
    at endReadableNT (node:internal/streams/readable:1359:12)
    at processTicksAndRejections (node:internal/process/task_queues:82:21)
 
Sun Jul 23 2023 12:28:12 GMT+0630 (Myanmar Time)[ Get Questioniar Controller ]
TypeError: Cannot read properties of undefined (reading 'map')
    at /Users/saiminpyaekyaw/Desktop/workspace/myanhon-be/controllers/questioniar.ts:36:36
    at Generator.next (<anonymous>)
    at /Users/saiminpyaekyaw/Desktop/workspace/myanhon-be/controllers/questioniar.ts:8:71
    at new Promise (<anonymous>)
    at Object.<anonymous>.__awaiter (/Users/saiminpyaekyaw/Desktop/workspace/myanhon-be/controllers/questioniar.ts:4:12)
    at createQuizz (/Users/saiminpyaekyaw/Desktop/workspace/myanhon-be/controllers/questioniar.ts:30:66)
    at Layer.handle [as handle_request] (/Users/saiminpyaekyaw/Desktop/workspace/myanhon-be/node_modules/express/lib/router/layer.js:95:5)
    at next (/Users/saiminpyaekyaw/Desktop/workspace/myanhon-be/node_modules/express/lib/router/route.js:144:13)
    at Route.dispatch (/Users/saiminpyaekyaw/Desktop/workspace/myanhon-be/node_modules/express/lib/router/route.js:114:3)
    at Layer.handle [as handle_request] (/Users/saiminpyaekyaw/Desktop/workspace/myanhon-be/node_modules/express/lib/router/layer.js:95:5)
    at /Users/saiminpyaekyaw/Desktop/workspace/myanhon-be/node_modules/express/lib/router/index.js:284:15
    at Function.process_params (/Users/saiminpyaekyaw/Desktop/workspace/myanhon-be/node_modules/express/lib/router/index.js:346:12)
    at next (/Users/saiminpyaekyaw/Desktop/workspace/myanhon-be/node_modules/express/lib/router/index.js:280:10)
    at Function.handle (/Users/saiminpyaekyaw/Desktop/workspace/myanhon-be/node_modules/express/lib/router/index.js:175:3)
    at router (/Users/saiminpyaekyaw/Desktop/workspace/myanhon-be/node_modules/express/lib/router/index.js:47:12)
    at Layer.handle [as handle_request] (/Users/saiminpyaekyaw/Desktop/workspace/myanhon-be/node_modules/express/lib/router/layer.js:95:5)
    at trim_prefix (/Users/saiminpyaekyaw/Desktop/workspace/myanhon-be/node_modules/express/lib/router/index.js:328:13)
    at /Users/saiminpyaekyaw/Desktop/workspace/myanhon-be/node_modules/express/lib/router/index.js:286:9
    at Function.process_params (/Users/saiminpyaekyaw/Desktop/workspace/myanhon-be/node_modules/express/lib/router/index.js:346:12)
    at next (/Users/saiminpyaekyaw/Desktop/workspace/myanhon-be/node_modules/express/lib/router/index.js:280:10)
    at /Users/saiminpyaekyaw/Desktop/workspace/myanhon-be/node_modules/express/lib/router/index.js:646:15
    at next (/Users/saiminpyaekyaw/Desktop/workspace/myanhon-be/node_modules/express/lib/router/index.js:265:14)
    at Function.handle (/Users/saiminpyaekyaw/Desktop/workspace/myanhon-be/node_modules/express/lib/router/index.js:175:3)
    at router (/Users/saiminpyaekyaw/Desktop/workspace/myanhon-be/node_modules/express/lib/router/index.js:47:12)
    at Layer.handle [as handle_request] (/Users/saiminpyaekyaw/Desktop/workspace/myanhon-be/node_modules/express/lib/router/layer.js:95:5)
    at trim_prefix (/Users/saiminpyaekyaw/Desktop/workspace/myanhon-be/node_modules/express/lib/router/index.js:328:13)
    at /Users/saiminpyaekyaw/Desktop/workspace/myanhon-be/node_modules/express/lib/router/index.js:286:9
    at Function.process_params (/Users/saiminpyaekyaw/Desktop/workspace/myanhon-be/node_modules/express/lib/router/index.js:346:12)
    at next (/Users/saiminpyaekyaw/Desktop/workspace/myanhon-be/node_modules/express/lib/router/index.js:280:10)
    at /Users/saiminpyaekyaw/Desktop/workspace/myanhon-be/node_modules/express/lib/router/index.js:646:15
    at next (/Users/saiminpyaekyaw/Desktop/workspace/myanhon-be/node_modules/express/lib/router/index.js:265:14)
    at Function.handle (/Users/saiminpyaekyaw/Desktop/workspace/myanhon-be/node_modules/express/lib/router/index.js:175:3)
    at router (/Users/saiminpyaekyaw/Desktop/workspace/myanhon-be/node_modules/express/lib/router/index.js:47:12)
    at Layer.handle [as handle_request] (/Users/saiminpyaekyaw/Desktop/workspace/myanhon-be/node_modules/express/lib/router/layer.js:95:5)
    at trim_prefix (/Users/saiminpyaekyaw/Desktop/workspace/myanhon-be/node_modules/express/lib/router/index.js:328:13)
    at /Users/saiminpyaekyaw/Desktop/workspace/myanhon-be/node_modules/express/lib/router/index.js:286:9
    at Function.process_params (/Users/saiminpyaekyaw/Desktop/workspace/myanhon-be/node_modules/express/lib/router/index.js:346:12)
    at next (/Users/saiminpyaekyaw/Desktop/workspace/myanhon-be/node_modules/express/lib/router/index.js:280:10)
    at /Users/saiminpyaekyaw/Desktop/workspace/myanhon-be/node_modules/express/lib/router/index.js:646:15
    at next (/Users/saiminpyaekyaw/Desktop/workspace/myanhon-be/node_modules/express/lib/router/index.js:265:14)
    at Function.handle (/Users/saiminpyaekyaw/Desktop/workspace/myanhon-be/node_modules/express/lib/router/index.js:175:3)
    at router (/Users/saiminpyaekyaw/Desktop/workspace/myanhon-be/node_modules/express/lib/router/index.js:47:12)
    at Layer.handle [as handle_request] (/Users/saiminpyaekyaw/Desktop/workspace/myanhon-be/node_modules/express/lib/router/layer.js:95:5)
    at trim_prefix (/Users/saiminpyaekyaw/Desktop/workspace/myanhon-be/node_modules/express/lib/router/index.js:328:13)
    at /Users/saiminpyaekyaw/Desktop/workspace/myanhon-be/node_modules/express/lib/router/index.js:286:9
    at Function.process_params (/Users/saiminpyaekyaw/Desktop/workspace/myanhon-be/node_modules/express/lib/router/index.js:346:12)
    at next (/Users/saiminpyaekyaw/Desktop/workspace/myanhon-be/node_modules/express/lib/router/index.js:280:10)
    at /Users/saiminpyaekyaw/Desktop/workspace/myanhon-be/node_modules/express/lib/router/index.js:646:15
    at next (/Users/saiminpyaekyaw/Desktop/workspace/myanhon-be/node_modules/express/lib/router/index.js:265:14)
    at Function.handle (/Users/saiminpyaekyaw/Desktop/workspace/myanhon-be/node_modules/express/lib/router/index.js:175:3)
    at router (/Users/saiminpyaekyaw/Desktop/workspace/myanhon-be/node_modules/express/lib/router/index.js:47:12)
    at Layer.handle [as handle_request] (/Users/saiminpyaekyaw/Desktop/workspace/myanhon-be/node_modules/express/lib/router/layer.js:95:5)
    at trim_prefix (/Users/saiminpyaekyaw/Desktop/workspace/myanhon-be/node_modules/express/lib/router/index.js:328:13)
    at /Users/saiminpyaekyaw/Desktop/workspace/myanhon-be/node_modules/express/lib/router/index.js:286:9
    at Function.process_params (/Users/saiminpyaekyaw/Desktop/workspace/myanhon-be/node_modules/express/lib/router/index.js:346:12)
    at next (/Users/saiminpyaekyaw/Desktop/workspace/myanhon-be/node_modules/express/lib/router/index.js:280:10)
    at /Users/saiminpyaekyaw/Desktop/workspace/myanhon-be/node_modules/express/lib/router/index.js:646:15
    at next (/Users/saiminpyaekyaw/Desktop/workspace/myanhon-be/node_modules/express/lib/router/index.js:265:14)
    at Function.handle (/Users/saiminpyaekyaw/Desktop/workspace/myanhon-be/node_modules/express/lib/router/index.js:175:3)
    at router (/Users/saiminpyaekyaw/Desktop/workspace/myanhon-be/node_modules/express/lib/router/index.js:47:12)
    at Layer.handle [as handle_request] (/Users/saiminpyaekyaw/Desktop/workspace/myanhon-be/node_modules/express/lib/router/layer.js:95:5)
    at trim_prefix (/Users/saiminpyaekyaw/Desktop/workspace/myanhon-be/node_modules/express/lib/router/index.js:328:13)
    at /Users/saiminpyaekyaw/Desktop/workspace/myanhon-be/node_modules/express/lib/router/index.js:286:9
    at Function.process_params (/Users/saiminpyaekyaw/Desktop/workspace/myanhon-be/node_modules/express/lib/router/index.js:346:12)
    at next (/Users/saiminpyaekyaw/Desktop/workspace/myanhon-be/node_modules/express/lib/router/index.js:280:10)
    at /Users/saiminpyaekyaw/Desktop/workspace/myanhon-be/node_modules/body-parser/lib/read.js:137:5
    at AsyncResource.runInAsyncScope (node:async_hooks:204:9)
    at invokeCallback (/Users/saiminpyaekyaw/Desktop/workspace/myanhon-be/node_modules/raw-body/index.js:231:16)
    at done (/Users/saiminpyaekyaw/Desktop/workspace/myanhon-be/node_modules/raw-body/index.js:220:7)
    at IncomingMessage.onEnd (/Users/saiminpyaekyaw/Desktop/workspace/myanhon-be/node_modules/raw-body/index.js:280:7)
    at IncomingMessage.emit (node:events:512:28)
    at endReadableNT (node:internal/streams/readable:1359:12)
    at processTicksAndRejections (node:internal/process/task_queues:82:21)
 
Sun Jul 23 2023 12:28:27 GMT+0630 (Myanmar Time)[ Get Questioniar Controller ]
TypeError: Cannot read properties of undefined (reading 'map')
    at /Users/saiminpyaekyaw/Desktop/workspace/myanhon-be/controllers/questioniar.ts:36:36
    at Generator.next (<anonymous>)
    at /Users/saiminpyaekyaw/Desktop/workspace/myanhon-be/controllers/questioniar.ts:8:71
    at new Promise (<anonymous>)
    at Object.<anonymous>.__awaiter (/Users/saiminpyaekyaw/Desktop/workspace/myanhon-be/controllers/questioniar.ts:4:12)
    at createQuizz (/Users/saiminpyaekyaw/Desktop/workspace/myanhon-be/controllers/questioniar.ts:30:66)
    at Layer.handle [as handle_request] (/Users/saiminpyaekyaw/Desktop/workspace/myanhon-be/node_modules/express/lib/router/layer.js:95:5)
    at next (/Users/saiminpyaekyaw/Desktop/workspace/myanhon-be/node_modules/express/lib/router/route.js:144:13)
    at Route.dispatch (/Users/saiminpyaekyaw/Desktop/workspace/myanhon-be/node_modules/express/lib/router/route.js:114:3)
    at Layer.handle [as handle_request] (/Users/saiminpyaekyaw/Desktop/workspace/myanhon-be/node_modules/express/lib/router/layer.js:95:5)
    at /Users/saiminpyaekyaw/Desktop/workspace/myanhon-be/node_modules/express/lib/router/index.js:284:15
    at Function.process_params (/Users/saiminpyaekyaw/Desktop/workspace/myanhon-be/node_modules/express/lib/router/index.js:346:12)
    at next (/Users/saiminpyaekyaw/Desktop/workspace/myanhon-be/node_modules/express/lib/router/index.js:280:10)
    at Function.handle (/Users/saiminpyaekyaw/Desktop/workspace/myanhon-be/node_modules/express/lib/router/index.js:175:3)
    at router (/Users/saiminpyaekyaw/Desktop/workspace/myanhon-be/node_modules/express/lib/router/index.js:47:12)
    at Layer.handle [as handle_request] (/Users/saiminpyaekyaw/Desktop/workspace/myanhon-be/node_modules/express/lib/router/layer.js:95:5)
    at trim_prefix (/Users/saiminpyaekyaw/Desktop/workspace/myanhon-be/node_modules/express/lib/router/index.js:328:13)
    at /Users/saiminpyaekyaw/Desktop/workspace/myanhon-be/node_modules/express/lib/router/index.js:286:9
    at Function.process_params (/Users/saiminpyaekyaw/Desktop/workspace/myanhon-be/node_modules/express/lib/router/index.js:346:12)
    at next (/Users/saiminpyaekyaw/Desktop/workspace/myanhon-be/node_modules/express/lib/router/index.js:280:10)
    at /Users/saiminpyaekyaw/Desktop/workspace/myanhon-be/node_modules/express/lib/router/index.js:646:15
    at next (/Users/saiminpyaekyaw/Desktop/workspace/myanhon-be/node_modules/express/lib/router/index.js:265:14)
    at Function.handle (/Users/saiminpyaekyaw/Desktop/workspace/myanhon-be/node_modules/express/lib/router/index.js:175:3)
    at router (/Users/saiminpyaekyaw/Desktop/workspace/myanhon-be/node_modules/express/lib/router/index.js:47:12)
    at Layer.handle [as handle_request] (/Users/saiminpyaekyaw/Desktop/workspace/myanhon-be/node_modules/express/lib/router/layer.js:95:5)
    at trim_prefix (/Users/saiminpyaekyaw/Desktop/workspace/myanhon-be/node_modules/express/lib/router/index.js:328:13)
    at /Users/saiminpyaekyaw/Desktop/workspace/myanhon-be/node_modules/express/lib/router/index.js:286:9
    at Function.process_params (/Users/saiminpyaekyaw/Desktop/workspace/myanhon-be/node_modules/express/lib/router/index.js:346:12)
    at next (/Users/saiminpyaekyaw/Desktop/workspace/myanhon-be/node_modules/express/lib/router/index.js:280:10)
    at /Users/saiminpyaekyaw/Desktop/workspace/myanhon-be/node_modules/express/lib/router/index.js:646:15
    at next (/Users/saiminpyaekyaw/Desktop/workspace/myanhon-be/node_modules/express/lib/router/index.js:265:14)
    at Function.handle (/Users/saiminpyaekyaw/Desktop/workspace/myanhon-be/node_modules/express/lib/router/index.js:175:3)
    at router (/Users/saiminpyaekyaw/Desktop/workspace/myanhon-be/node_modules/express/lib/router/index.js:47:12)
    at Layer.handle [as handle_request] (/Users/saiminpyaekyaw/Desktop/workspace/myanhon-be/node_modules/express/lib/router/layer.js:95:5)
    at trim_prefix (/Users/saiminpyaekyaw/Desktop/workspace/myanhon-be/node_modules/express/lib/router/index.js:328:13)
    at /Users/saiminpyaekyaw/Desktop/workspace/myanhon-be/node_modules/express/lib/router/index.js:286:9
    at Function.process_params (/Users/saiminpyaekyaw/Desktop/workspace/myanhon-be/node_modules/express/lib/router/index.js:346:12)
    at next (/Users/saiminpyaekyaw/Desktop/workspace/myanhon-be/node_modules/express/lib/router/index.js:280:10)
    at /Users/saiminpyaekyaw/Desktop/workspace/myanhon-be/node_modules/express/lib/router/index.js:646:15
    at next (/Users/saiminpyaekyaw/Desktop/workspace/myanhon-be/node_modules/express/lib/router/index.js:265:14)
    at Function.handle (/Users/saiminpyaekyaw/Desktop/workspace/myanhon-be/node_modules/express/lib/router/index.js:175:3)
    at router (/Users/saiminpyaekyaw/Desktop/workspace/myanhon-be/node_modules/express/lib/router/index.js:47:12)
    at Layer.handle [as handle_request] (/Users/saiminpyaekyaw/Desktop/workspace/myanhon-be/node_modules/express/lib/router/layer.js:95:5)
    at trim_prefix (/Users/saiminpyaekyaw/Desktop/workspace/myanhon-be/node_modules/express/lib/router/index.js:328:13)
    at /Users/saiminpyaekyaw/Desktop/workspace/myanhon-be/node_modules/express/lib/router/index.js:286:9
    at Function.process_params (/Users/saiminpyaekyaw/Desktop/workspace/myanhon-be/node_modules/express/lib/router/index.js:346:12)
    at next (/Users/saiminpyaekyaw/Desktop/workspace/myanhon-be/node_modules/express/lib/router/index.js:280:10)
    at /Users/saiminpyaekyaw/Desktop/workspace/myanhon-be/node_modules/express/lib/router/index.js:646:15
    at next (/Users/saiminpyaekyaw/Desktop/workspace/myanhon-be/node_modules/express/lib/router/index.js:265:14)
    at Function.handle (/Users/saiminpyaekyaw/Desktop/workspace/myanhon-be/node_modules/express/lib/router/index.js:175:3)
    at router (/Users/saiminpyaekyaw/Desktop/workspace/myanhon-be/node_modules/express/lib/router/index.js:47:12)
    at Layer.handle [as handle_request] (/Users/saiminpyaekyaw/Desktop/workspace/myanhon-be/node_modules/express/lib/router/layer.js:95:5)
    at trim_prefix (/Users/saiminpyaekyaw/Desktop/workspace/myanhon-be/node_modules/express/lib/router/index.js:328:13)
    at /Users/saiminpyaekyaw/Desktop/workspace/myanhon-be/node_modules/express/lib/router/index.js:286:9
    at Function.process_params (/Users/saiminpyaekyaw/Desktop/workspace/myanhon-be/node_modules/express/lib/router/index.js:346:12)
    at next (/Users/saiminpyaekyaw/Desktop/workspace/myanhon-be/node_modules/express/lib/router/index.js:280:10)
    at /Users/saiminpyaekyaw/Desktop/workspace/myanhon-be/node_modules/express/lib/router/index.js:646:15
    at next (/Users/saiminpyaekyaw/Desktop/workspace/myanhon-be/node_modules/express/lib/router/index.js:265:14)
    at Function.handle (/Users/saiminpyaekyaw/Desktop/workspace/myanhon-be/node_modules/express/lib/router/index.js:175:3)
    at router (/Users/saiminpyaekyaw/Desktop/workspace/myanhon-be/node_modules/express/lib/router/index.js:47:12)
    at Layer.handle [as handle_request] (/Users/saiminpyaekyaw/Desktop/workspace/myanhon-be/node_modules/express/lib/router/layer.js:95:5)
    at trim_prefix (/Users/saiminpyaekyaw/Desktop/workspace/myanhon-be/node_modules/express/lib/router/index.js:328:13)
    at /Users/saiminpyaekyaw/Desktop/workspace/myanhon-be/node_modules/express/lib/router/index.js:286:9
    at Function.process_params (/Users/saiminpyaekyaw/Desktop/workspace/myanhon-be/node_modules/express/lib/router/index.js:346:12)
    at next (/Users/saiminpyaekyaw/Desktop/workspace/myanhon-be/node_modules/express/lib/router/index.js:280:10)
    at /Users/saiminpyaekyaw/Desktop/workspace/myanhon-be/node_modules/body-parser/lib/read.js:137:5
    at AsyncResource.runInAsyncScope (node:async_hooks:204:9)
    at invokeCallback (/Users/saiminpyaekyaw/Desktop/workspace/myanhon-be/node_modules/raw-body/index.js:231:16)
    at done (/Users/saiminpyaekyaw/Desktop/workspace/myanhon-be/node_modules/raw-body/index.js:220:7)
    at IncomingMessage.onEnd (/Users/saiminpyaekyaw/Desktop/workspace/myanhon-be/node_modules/raw-body/index.js:280:7)
    at IncomingMessage.emit (node:events:512:28)
    at endReadableNT (node:internal/streams/readable:1359:12)
    at processTicksAndRejections (node:internal/process/task_queues:82:21)
 
Sun Jul 23 2023 12:31:57 GMT+0630 (Myanmar Time)[ Get Questioniar Controller ]
TypeError: Cannot read properties of undefined (reading 'map')
    at /Users/saiminpyaekyaw/Desktop/workspace/myanhon-be/controllers/questioniar.ts:36:36
    at Generator.next (<anonymous>)
    at /Users/saiminpyaekyaw/Desktop/workspace/myanhon-be/controllers/questioniar.ts:8:71
    at new Promise (<anonymous>)
    at Object.<anonymous>.__awaiter (/Users/saiminpyaekyaw/Desktop/workspace/myanhon-be/controllers/questioniar.ts:4:12)
    at createQuizz (/Users/saiminpyaekyaw/Desktop/workspace/myanhon-be/controllers/questioniar.ts:30:66)
    at Layer.handle [as handle_request] (/Users/saiminpyaekyaw/Desktop/workspace/myanhon-be/node_modules/express/lib/router/layer.js:95:5)
    at next (/Users/saiminpyaekyaw/Desktop/workspace/myanhon-be/node_modules/express/lib/router/route.js:144:13)
    at Route.dispatch (/Users/saiminpyaekyaw/Desktop/workspace/myanhon-be/node_modules/express/lib/router/route.js:114:3)
    at Layer.handle [as handle_request] (/Users/saiminpyaekyaw/Desktop/workspace/myanhon-be/node_modules/express/lib/router/layer.js:95:5)
    at /Users/saiminpyaekyaw/Desktop/workspace/myanhon-be/node_modules/express/lib/router/index.js:284:15
    at Function.process_params (/Users/saiminpyaekyaw/Desktop/workspace/myanhon-be/node_modules/express/lib/router/index.js:346:12)
    at next (/Users/saiminpyaekyaw/Desktop/workspace/myanhon-be/node_modules/express/lib/router/index.js:280:10)
    at Function.handle (/Users/saiminpyaekyaw/Desktop/workspace/myanhon-be/node_modules/express/lib/router/index.js:175:3)
    at router (/Users/saiminpyaekyaw/Desktop/workspace/myanhon-be/node_modules/express/lib/router/index.js:47:12)
    at Layer.handle [as handle_request] (/Users/saiminpyaekyaw/Desktop/workspace/myanhon-be/node_modules/express/lib/router/layer.js:95:5)
    at trim_prefix (/Users/saiminpyaekyaw/Desktop/workspace/myanhon-be/node_modules/express/lib/router/index.js:328:13)
    at /Users/saiminpyaekyaw/Desktop/workspace/myanhon-be/node_modules/express/lib/router/index.js:286:9
    at Function.process_params (/Users/saiminpyaekyaw/Desktop/workspace/myanhon-be/node_modules/express/lib/router/index.js:346:12)
    at next (/Users/saiminpyaekyaw/Desktop/workspace/myanhon-be/node_modules/express/lib/router/index.js:280:10)
    at /Users/saiminpyaekyaw/Desktop/workspace/myanhon-be/node_modules/express/lib/router/index.js:646:15
    at next (/Users/saiminpyaekyaw/Desktop/workspace/myanhon-be/node_modules/express/lib/router/index.js:265:14)
    at Function.handle (/Users/saiminpyaekyaw/Desktop/workspace/myanhon-be/node_modules/express/lib/router/index.js:175:3)
    at router (/Users/saiminpyaekyaw/Desktop/workspace/myanhon-be/node_modules/express/lib/router/index.js:47:12)
    at Layer.handle [as handle_request] (/Users/saiminpyaekyaw/Desktop/workspace/myanhon-be/node_modules/express/lib/router/layer.js:95:5)
    at trim_prefix (/Users/saiminpyaekyaw/Desktop/workspace/myanhon-be/node_modules/express/lib/router/index.js:328:13)
    at /Users/saiminpyaekyaw/Desktop/workspace/myanhon-be/node_modules/express/lib/router/index.js:286:9
    at Function.process_params (/Users/saiminpyaekyaw/Desktop/workspace/myanhon-be/node_modules/express/lib/router/index.js:346:12)
    at next (/Users/saiminpyaekyaw/Desktop/workspace/myanhon-be/node_modules/express/lib/router/index.js:280:10)
    at /Users/saiminpyaekyaw/Desktop/workspace/myanhon-be/node_modules/express/lib/router/index.js:646:15
    at next (/Users/saiminpyaekyaw/Desktop/workspace/myanhon-be/node_modules/express/lib/router/index.js:265:14)
    at Function.handle (/Users/saiminpyaekyaw/Desktop/workspace/myanhon-be/node_modules/express/lib/router/index.js:175:3)
    at router (/Users/saiminpyaekyaw/Desktop/workspace/myanhon-be/node_modules/express/lib/router/index.js:47:12)
    at Layer.handle [as handle_request] (/Users/saiminpyaekyaw/Desktop/workspace/myanhon-be/node_modules/express/lib/router/layer.js:95:5)
    at trim_prefix (/Users/saiminpyaekyaw/Desktop/workspace/myanhon-be/node_modules/express/lib/router/index.js:328:13)
    at /Users/saiminpyaekyaw/Desktop/workspace/myanhon-be/node_modules/express/lib/router/index.js:286:9
    at Function.process_params (/Users/saiminpyaekyaw/Desktop/workspace/myanhon-be/node_modules/express/lib/router/index.js:346:12)
    at next (/Users/saiminpyaekyaw/Desktop/workspace/myanhon-be/node_modules/express/lib/router/index.js:280:10)
    at /Users/saiminpyaekyaw/Desktop/workspace/myanhon-be/node_modules/express/lib/router/index.js:646:15
    at next (/Users/saiminpyaekyaw/Desktop/workspace/myanhon-be/node_modules/express/lib/router/index.js:265:14)
    at Function.handle (/Users/saiminpyaekyaw/Desktop/workspace/myanhon-be/node_modules/express/lib/router/index.js:175:3)
    at router (/Users/saiminpyaekyaw/Desktop/workspace/myanhon-be/node_modules/express/lib/router/index.js:47:12)
    at Layer.handle [as handle_request] (/Users/saiminpyaekyaw/Desktop/workspace/myanhon-be/node_modules/express/lib/router/layer.js:95:5)
    at trim_prefix (/Users/saiminpyaekyaw/Desktop/workspace/myanhon-be/node_modules/express/lib/router/index.js:328:13)
    at /Users/saiminpyaekyaw/Desktop/workspace/myanhon-be/node_modules/express/lib/router/index.js:286:9
    at Function.process_params (/Users/saiminpyaekyaw/Desktop/workspace/myanhon-be/node_modules/express/lib/router/index.js:346:12)
    at next (/Users/saiminpyaekyaw/Desktop/workspace/myanhon-be/node_modules/express/lib/router/index.js:280:10)
    at /Users/saiminpyaekyaw/Desktop/workspace/myanhon-be/node_modules/express/lib/router/index.js:646:15
    at next (/Users/saiminpyaekyaw/Desktop/workspace/myanhon-be/node_modules/express/lib/router/index.js:265:14)
    at Function.handle (/Users/saiminpyaekyaw/Desktop/workspace/myanhon-be/node_modules/express/lib/router/index.js:175:3)
    at router (/Users/saiminpyaekyaw/Desktop/workspace/myanhon-be/node_modules/express/lib/router/index.js:47:12)
    at Layer.handle [as handle_request] (/Users/saiminpyaekyaw/Desktop/workspace/myanhon-be/node_modules/express/lib/router/layer.js:95:5)
    at trim_prefix (/Users/saiminpyaekyaw/Desktop/workspace/myanhon-be/node_modules/express/lib/router/index.js:328:13)
    at /Users/saiminpyaekyaw/Desktop/workspace/myanhon-be/node_modules/express/lib/router/index.js:286:9
    at Function.process_params (/Users/saiminpyaekyaw/Desktop/workspace/myanhon-be/node_modules/express/lib/router/index.js:346:12)
    at next (/Users/saiminpyaekyaw/Desktop/workspace/myanhon-be/node_modules/express/lib/router/index.js:280:10)
    at /Users/saiminpyaekyaw/Desktop/workspace/myanhon-be/node_modules/express/lib/router/index.js:646:15
    at next (/Users/saiminpyaekyaw/Desktop/workspace/myanhon-be/node_modules/express/lib/router/index.js:265:14)
    at Function.handle (/Users/saiminpyaekyaw/Desktop/workspace/myanhon-be/node_modules/express/lib/router/index.js:175:3)
    at router (/Users/saiminpyaekyaw/Desktop/workspace/myanhon-be/node_modules/express/lib/router/index.js:47:12)
    at Layer.handle [as handle_request] (/Users/saiminpyaekyaw/Desktop/workspace/myanhon-be/node_modules/express/lib/router/layer.js:95:5)
    at trim_prefix (/Users/saiminpyaekyaw/Desktop/workspace/myanhon-be/node_modules/express/lib/router/index.js:328:13)
    at /Users/saiminpyaekyaw/Desktop/workspace/myanhon-be/node_modules/express/lib/router/index.js:286:9
    at Function.process_params (/Users/saiminpyaekyaw/Desktop/workspace/myanhon-be/node_modules/express/lib/router/index.js:346:12)
    at next (/Users/saiminpyaekyaw/Desktop/workspace/myanhon-be/node_modules/express/lib/router/index.js:280:10)
    at /Users/saiminpyaekyaw/Desktop/workspace/myanhon-be/node_modules/body-parser/lib/read.js:137:5
    at AsyncResource.runInAsyncScope (node:async_hooks:204:9)
    at invokeCallback (/Users/saiminpyaekyaw/Desktop/workspace/myanhon-be/node_modules/raw-body/index.js:231:16)
    at done (/Users/saiminpyaekyaw/Desktop/workspace/myanhon-be/node_modules/raw-body/index.js:220:7)
    at IncomingMessage.onEnd (/Users/saiminpyaekyaw/Desktop/workspace/myanhon-be/node_modules/raw-body/index.js:280:7)
    at IncomingMessage.emit (node:events:512:28)
    at endReadableNT (node:internal/streams/readable:1359:12)
    at processTicksAndRejections (node:internal/process/task_queues:82:21)
 
Sun Jul 23 2023 12:32:36 GMT+0630 (Myanmar Time)[ Get Questioniar Controller ]
TypeError: Cannot read properties of undefined (reading 'map')
    at /Users/saiminpyaekyaw/Desktop/workspace/myanhon-be/controllers/questioniar.ts:36:36
    at Generator.next (<anonymous>)
    at /Users/saiminpyaekyaw/Desktop/workspace/myanhon-be/controllers/questioniar.ts:8:71
    at new Promise (<anonymous>)
    at Object.<anonymous>.__awaiter (/Users/saiminpyaekyaw/Desktop/workspace/myanhon-be/controllers/questioniar.ts:4:12)
    at createQuizz (/Users/saiminpyaekyaw/Desktop/workspace/myanhon-be/controllers/questioniar.ts:30:66)
    at Layer.handle [as handle_request] (/Users/saiminpyaekyaw/Desktop/workspace/myanhon-be/node_modules/express/lib/router/layer.js:95:5)
    at next (/Users/saiminpyaekyaw/Desktop/workspace/myanhon-be/node_modules/express/lib/router/route.js:144:13)
    at Route.dispatch (/Users/saiminpyaekyaw/Desktop/workspace/myanhon-be/node_modules/express/lib/router/route.js:114:3)
    at Layer.handle [as handle_request] (/Users/saiminpyaekyaw/Desktop/workspace/myanhon-be/node_modules/express/lib/router/layer.js:95:5)
    at /Users/saiminpyaekyaw/Desktop/workspace/myanhon-be/node_modules/express/lib/router/index.js:284:15
    at Function.process_params (/Users/saiminpyaekyaw/Desktop/workspace/myanhon-be/node_modules/express/lib/router/index.js:346:12)
    at next (/Users/saiminpyaekyaw/Desktop/workspace/myanhon-be/node_modules/express/lib/router/index.js:280:10)
    at Function.handle (/Users/saiminpyaekyaw/Desktop/workspace/myanhon-be/node_modules/express/lib/router/index.js:175:3)
    at router (/Users/saiminpyaekyaw/Desktop/workspace/myanhon-be/node_modules/express/lib/router/index.js:47:12)
    at Layer.handle [as handle_request] (/Users/saiminpyaekyaw/Desktop/workspace/myanhon-be/node_modules/express/lib/router/layer.js:95:5)
    at trim_prefix (/Users/saiminpyaekyaw/Desktop/workspace/myanhon-be/node_modules/express/lib/router/index.js:328:13)
    at /Users/saiminpyaekyaw/Desktop/workspace/myanhon-be/node_modules/express/lib/router/index.js:286:9
    at Function.process_params (/Users/saiminpyaekyaw/Desktop/workspace/myanhon-be/node_modules/express/lib/router/index.js:346:12)
    at next (/Users/saiminpyaekyaw/Desktop/workspace/myanhon-be/node_modules/express/lib/router/index.js:280:10)
    at /Users/saiminpyaekyaw/Desktop/workspace/myanhon-be/node_modules/express/lib/router/index.js:646:15
    at next (/Users/saiminpyaekyaw/Desktop/workspace/myanhon-be/node_modules/express/lib/router/index.js:265:14)
    at Function.handle (/Users/saiminpyaekyaw/Desktop/workspace/myanhon-be/node_modules/express/lib/router/index.js:175:3)
    at router (/Users/saiminpyaekyaw/Desktop/workspace/myanhon-be/node_modules/express/lib/router/index.js:47:12)
    at Layer.handle [as handle_request] (/Users/saiminpyaekyaw/Desktop/workspace/myanhon-be/node_modules/express/lib/router/layer.js:95:5)
    at trim_prefix (/Users/saiminpyaekyaw/Desktop/workspace/myanhon-be/node_modules/express/lib/router/index.js:328:13)
    at /Users/saiminpyaekyaw/Desktop/workspace/myanhon-be/node_modules/express/lib/router/index.js:286:9
    at Function.process_params (/Users/saiminpyaekyaw/Desktop/workspace/myanhon-be/node_modules/express/lib/router/index.js:346:12)
    at next (/Users/saiminpyaekyaw/Desktop/workspace/myanhon-be/node_modules/express/lib/router/index.js:280:10)
    at /Users/saiminpyaekyaw/Desktop/workspace/myanhon-be/node_modules/express/lib/router/index.js:646:15
    at next (/Users/saiminpyaekyaw/Desktop/workspace/myanhon-be/node_modules/express/lib/router/index.js:265:14)
    at Function.handle (/Users/saiminpyaekyaw/Desktop/workspace/myanhon-be/node_modules/express/lib/router/index.js:175:3)
    at router (/Users/saiminpyaekyaw/Desktop/workspace/myanhon-be/node_modules/express/lib/router/index.js:47:12)
    at Layer.handle [as handle_request] (/Users/saiminpyaekyaw/Desktop/workspace/myanhon-be/node_modules/express/lib/router/layer.js:95:5)
    at trim_prefix (/Users/saiminpyaekyaw/Desktop/workspace/myanhon-be/node_modules/express/lib/router/index.js:328:13)
    at /Users/saiminpyaekyaw/Desktop/workspace/myanhon-be/node_modules/express/lib/router/index.js:286:9
    at Function.process_params (/Users/saiminpyaekyaw/Desktop/workspace/myanhon-be/node_modules/express/lib/router/index.js:346:12)
    at next (/Users/saiminpyaekyaw/Desktop/workspace/myanhon-be/node_modules/express/lib/router/index.js:280:10)
    at /Users/saiminpyaekyaw/Desktop/workspace/myanhon-be/node_modules/express/lib/router/index.js:646:15
    at next (/Users/saiminpyaekyaw/Desktop/workspace/myanhon-be/node_modules/express/lib/router/index.js:265:14)
    at Function.handle (/Users/saiminpyaekyaw/Desktop/workspace/myanhon-be/node_modules/express/lib/router/index.js:175:3)
    at router (/Users/saiminpyaekyaw/Desktop/workspace/myanhon-be/node_modules/express/lib/router/index.js:47:12)
    at Layer.handle [as handle_request] (/Users/saiminpyaekyaw/Desktop/workspace/myanhon-be/node_modules/express/lib/router/layer.js:95:5)
    at trim_prefix (/Users/saiminpyaekyaw/Desktop/workspace/myanhon-be/node_modules/express/lib/router/index.js:328:13)
    at /Users/saiminpyaekyaw/Desktop/workspace/myanhon-be/node_modules/express/lib/router/index.js:286:9
    at Function.process_params (/Users/saiminpyaekyaw/Desktop/workspace/myanhon-be/node_modules/express/lib/router/index.js:346:12)
    at next (/Users/saiminpyaekyaw/Desktop/workspace/myanhon-be/node_modules/express/lib/router/index.js:280:10)
    at /Users/saiminpyaekyaw/Desktop/workspace/myanhon-be/node_modules/express/lib/router/index.js:646:15
    at next (/Users/saiminpyaekyaw/Desktop/workspace/myanhon-be/node_modules/express/lib/router/index.js:265:14)
    at Function.handle (/Users/saiminpyaekyaw/Desktop/workspace/myanhon-be/node_modules/express/lib/router/index.js:175:3)
    at router (/Users/saiminpyaekyaw/Desktop/workspace/myanhon-be/node_modules/express/lib/router/index.js:47:12)
    at Layer.handle [as handle_request] (/Users/saiminpyaekyaw/Desktop/workspace/myanhon-be/node_modules/express/lib/router/layer.js:95:5)
    at trim_prefix (/Users/saiminpyaekyaw/Desktop/workspace/myanhon-be/node_modules/express/lib/router/index.js:328:13)
    at /Users/saiminpyaekyaw/Desktop/workspace/myanhon-be/node_modules/express/lib/router/index.js:286:9
    at Function.process_params (/Users/saiminpyaekyaw/Desktop/workspace/myanhon-be/node_modules/express/lib/router/index.js:346:12)
    at next (/Users/saiminpyaekyaw/Desktop/workspace/myanhon-be/node_modules/express/lib/router/index.js:280:10)
    at /Users/saiminpyaekyaw/Desktop/workspace/myanhon-be/node_modules/express/lib/router/index.js:646:15
    at next (/Users/saiminpyaekyaw/Desktop/workspace/myanhon-be/node_modules/express/lib/router/index.js:265:14)
    at Function.handle (/Users/saiminpyaekyaw/Desktop/workspace/myanhon-be/node_modules/express/lib/router/index.js:175:3)
    at router (/Users/saiminpyaekyaw/Desktop/workspace/myanhon-be/node_modules/express/lib/router/index.js:47:12)
    at Layer.handle [as handle_request] (/Users/saiminpyaekyaw/Desktop/workspace/myanhon-be/node_modules/express/lib/router/layer.js:95:5)
    at trim_prefix (/Users/saiminpyaekyaw/Desktop/workspace/myanhon-be/node_modules/express/lib/router/index.js:328:13)
    at /Users/saiminpyaekyaw/Desktop/workspace/myanhon-be/node_modules/express/lib/router/index.js:286:9
    at Function.process_params (/Users/saiminpyaekyaw/Desktop/workspace/myanhon-be/node_modules/express/lib/router/index.js:346:12)
    at next (/Users/saiminpyaekyaw/Desktop/workspace/myanhon-be/node_modules/express/lib/router/index.js:280:10)
    at /Users/saiminpyaekyaw/Desktop/workspace/myanhon-be/node_modules/body-parser/lib/read.js:137:5
    at AsyncResource.runInAsyncScope (node:async_hooks:204:9)
    at invokeCallback (/Users/saiminpyaekyaw/Desktop/workspace/myanhon-be/node_modules/raw-body/index.js:231:16)
    at done (/Users/saiminpyaekyaw/Desktop/workspace/myanhon-be/node_modules/raw-body/index.js:220:7)
    at IncomingMessage.onEnd (/Users/saiminpyaekyaw/Desktop/workspace/myanhon-be/node_modules/raw-body/index.js:280:7)
    at IncomingMessage.emit (node:events:512:28)
    at endReadableNT (node:internal/streams/readable:1359:12)
    at processTicksAndRejections (node:internal/process/task_queues:82:21)
 
Sun Jul 23 2023 14:19:09 GMT+0630 (Myanmar Time)[ Get Questioniar Controller ]
TypeError: Cannot read properties of undefined (reading 'map')
    at /Users/saiminpyaekyaw/Desktop/workspace/myanhon-be/controllers/questioniar.ts:44:36
    at Generator.next (<anonymous>)
    at /Users/saiminpyaekyaw/Desktop/workspace/myanhon-be/controllers/questioniar.ts:8:71
    at new Promise (<anonymous>)
    at Object.<anonymous>.__awaiter (/Users/saiminpyaekyaw/Desktop/workspace/myanhon-be/controllers/questioniar.ts:4:12)
    at createQuizz (/Users/saiminpyaekyaw/Desktop/workspace/myanhon-be/controllers/questioniar.ts:38:66)
    at Layer.handle [as handle_request] (/Users/saiminpyaekyaw/Desktop/workspace/myanhon-be/node_modules/express/lib/router/layer.js:95:5)
    at next (/Users/saiminpyaekyaw/Desktop/workspace/myanhon-be/node_modules/express/lib/router/route.js:144:13)
    at Route.dispatch (/Users/saiminpyaekyaw/Desktop/workspace/myanhon-be/node_modules/express/lib/router/route.js:114:3)
    at Layer.handle [as handle_request] (/Users/saiminpyaekyaw/Desktop/workspace/myanhon-be/node_modules/express/lib/router/layer.js:95:5)
    at /Users/saiminpyaekyaw/Desktop/workspace/myanhon-be/node_modules/express/lib/router/index.js:284:15
    at Function.process_params (/Users/saiminpyaekyaw/Desktop/workspace/myanhon-be/node_modules/express/lib/router/index.js:346:12)
    at next (/Users/saiminpyaekyaw/Desktop/workspace/myanhon-be/node_modules/express/lib/router/index.js:280:10)
    at Function.handle (/Users/saiminpyaekyaw/Desktop/workspace/myanhon-be/node_modules/express/lib/router/index.js:175:3)
    at router (/Users/saiminpyaekyaw/Desktop/workspace/myanhon-be/node_modules/express/lib/router/index.js:47:12)
    at Layer.handle [as handle_request] (/Users/saiminpyaekyaw/Desktop/workspace/myanhon-be/node_modules/express/lib/router/layer.js:95:5)
    at trim_prefix (/Users/saiminpyaekyaw/Desktop/workspace/myanhon-be/node_modules/express/lib/router/index.js:328:13)
    at /Users/saiminpyaekyaw/Desktop/workspace/myanhon-be/node_modules/express/lib/router/index.js:286:9
    at Function.process_params (/Users/saiminpyaekyaw/Desktop/workspace/myanhon-be/node_modules/express/lib/router/index.js:346:12)
    at next (/Users/saiminpyaekyaw/Desktop/workspace/myanhon-be/node_modules/express/lib/router/index.js:280:10)
    at /Users/saiminpyaekyaw/Desktop/workspace/myanhon-be/node_modules/express/lib/router/index.js:646:15
    at next (/Users/saiminpyaekyaw/Desktop/workspace/myanhon-be/node_modules/express/lib/router/index.js:265:14)
    at Function.handle (/Users/saiminpyaekyaw/Desktop/workspace/myanhon-be/node_modules/express/lib/router/index.js:175:3)
    at router (/Users/saiminpyaekyaw/Desktop/workspace/myanhon-be/node_modules/express/lib/router/index.js:47:12)
    at Layer.handle [as handle_request] (/Users/saiminpyaekyaw/Desktop/workspace/myanhon-be/node_modules/express/lib/router/layer.js:95:5)
    at trim_prefix (/Users/saiminpyaekyaw/Desktop/workspace/myanhon-be/node_modules/express/lib/router/index.js:328:13)
    at /Users/saiminpyaekyaw/Desktop/workspace/myanhon-be/node_modules/express/lib/router/index.js:286:9
    at Function.process_params (/Users/saiminpyaekyaw/Desktop/workspace/myanhon-be/node_modules/express/lib/router/index.js:346:12)
    at next (/Users/saiminpyaekyaw/Desktop/workspace/myanhon-be/node_modules/express/lib/router/index.js:280:10)
    at /Users/saiminpyaekyaw/Desktop/workspace/myanhon-be/node_modules/express/lib/router/index.js:646:15
    at next (/Users/saiminpyaekyaw/Desktop/workspace/myanhon-be/node_modules/express/lib/router/index.js:265:14)
    at Function.handle (/Users/saiminpyaekyaw/Desktop/workspace/myanhon-be/node_modules/express/lib/router/index.js:175:3)
    at router (/Users/saiminpyaekyaw/Desktop/workspace/myanhon-be/node_modules/express/lib/router/index.js:47:12)
    at Layer.handle [as handle_request] (/Users/saiminpyaekyaw/Desktop/workspace/myanhon-be/node_modules/express/lib/router/layer.js:95:5)
    at trim_prefix (/Users/saiminpyaekyaw/Desktop/workspace/myanhon-be/node_modules/express/lib/router/index.js:328:13)
    at /Users/saiminpyaekyaw/Desktop/workspace/myanhon-be/node_modules/express/lib/router/index.js:286:9
    at Function.process_params (/Users/saiminpyaekyaw/Desktop/workspace/myanhon-be/node_modules/express/lib/router/index.js:346:12)
    at next (/Users/saiminpyaekyaw/Desktop/workspace/myanhon-be/node_modules/express/lib/router/index.js:280:10)
    at /Users/saiminpyaekyaw/Desktop/workspace/myanhon-be/node_modules/express/lib/router/index.js:646:15
    at next (/Users/saiminpyaekyaw/Desktop/workspace/myanhon-be/node_modules/express/lib/router/index.js:265:14)
    at Function.handle (/Users/saiminpyaekyaw/Desktop/workspace/myanhon-be/node_modules/express/lib/router/index.js:175:3)
    at router (/Users/saiminpyaekyaw/Desktop/workspace/myanhon-be/node_modules/express/lib/router/index.js:47:12)
    at Layer.handle [as handle_request] (/Users/saiminpyaekyaw/Desktop/workspace/myanhon-be/node_modules/express/lib/router/layer.js:95:5)
    at trim_prefix (/Users/saiminpyaekyaw/Desktop/workspace/myanhon-be/node_modules/express/lib/router/index.js:328:13)
    at /Users/saiminpyaekyaw/Desktop/workspace/myanhon-be/node_modules/express/lib/router/index.js:286:9
    at Function.process_params (/Users/saiminpyaekyaw/Desktop/workspace/myanhon-be/node_modules/express/lib/router/index.js:346:12)
    at next (/Users/saiminpyaekyaw/Desktop/workspace/myanhon-be/node_modules/express/lib/router/index.js:280:10)
    at /Users/saiminpyaekyaw/Desktop/workspace/myanhon-be/node_modules/express/lib/router/index.js:646:15
    at next (/Users/saiminpyaekyaw/Desktop/workspace/myanhon-be/node_modules/express/lib/router/index.js:265:14)
    at Function.handle (/Users/saiminpyaekyaw/Desktop/workspace/myanhon-be/node_modules/express/lib/router/index.js:175:3)
    at router (/Users/saiminpyaekyaw/Desktop/workspace/myanhon-be/node_modules/express/lib/router/index.js:47:12)
    at Layer.handle [as handle_request] (/Users/saiminpyaekyaw/Desktop/workspace/myanhon-be/node_modules/express/lib/router/layer.js:95:5)
    at trim_prefix (/Users/saiminpyaekyaw/Desktop/workspace/myanhon-be/node_modules/express/lib/router/index.js:328:13)
    at /Users/saiminpyaekyaw/Desktop/workspace/myanhon-be/node_modules/express/lib/router/index.js:286:9
    at Function.process_params (/Users/saiminpyaekyaw/Desktop/workspace/myanhon-be/node_modules/express/lib/router/index.js:346:12)
    at next (/Users/saiminpyaekyaw/Desktop/workspace/myanhon-be/node_modules/express/lib/router/index.js:280:10)
    at /Users/saiminpyaekyaw/Desktop/workspace/myanhon-be/node_modules/express/lib/router/index.js:646:15
    at next (/Users/saiminpyaekyaw/Desktop/workspace/myanhon-be/node_modules/express/lib/router/index.js:265:14)
    at Function.handle (/Users/saiminpyaekyaw/Desktop/workspace/myanhon-be/node_modules/express/lib/router/index.js:175:3)
    at router (/Users/saiminpyaekyaw/Desktop/workspace/myanhon-be/node_modules/express/lib/router/index.js:47:12)
    at Layer.handle [as handle_request] (/Users/saiminpyaekyaw/Desktop/workspace/myanhon-be/node_modules/express/lib/router/layer.js:95:5)
    at trim_prefix (/Users/saiminpyaekyaw/Desktop/workspace/myanhon-be/node_modules/express/lib/router/index.js:328:13)
    at /Users/saiminpyaekyaw/Desktop/workspace/myanhon-be/node_modules/express/lib/router/index.js:286:9
    at Function.process_params (/Users/saiminpyaekyaw/Desktop/workspace/myanhon-be/node_modules/express/lib/router/index.js:346:12)
    at next (/Users/saiminpyaekyaw/Desktop/workspace/myanhon-be/node_modules/express/lib/router/index.js:280:10)
    at /Users/saiminpyaekyaw/Desktop/workspace/myanhon-be/node_modules/body-parser/lib/read.js:137:5
    at AsyncResource.runInAsyncScope (node:async_hooks:204:9)
    at invokeCallback (/Users/saiminpyaekyaw/Desktop/workspace/myanhon-be/node_modules/raw-body/index.js:231:16)
    at done (/Users/saiminpyaekyaw/Desktop/workspace/myanhon-be/node_modules/raw-body/index.js:220:7)
    at IncomingMessage.onEnd (/Users/saiminpyaekyaw/Desktop/workspace/myanhon-be/node_modules/raw-body/index.js:280:7)
    at IncomingMessage.emit (node:events:512:28)
    at endReadableNT (node:internal/streams/readable:1359:12)
    at processTicksAndRejections (node:internal/process/task_queues:82:21)
 
Mon Jul 24 2023 02:32:40 GMT+0630 (Myanmar Time)[ Get Questioniar Controller ]
TypeError: Cannot read properties of undefined (reading 'map')
    at /Users/saiminpyaekyaw/Desktop/workspace/myanhon-be/controllers/questioniar.ts:65:36
    at Generator.next (<anonymous>)
    at /Users/saiminpyaekyaw/Desktop/workspace/myanhon-be/controllers/questioniar.ts:8:71
    at new Promise (<anonymous>)
    at Object.<anonymous>.__awaiter (/Users/saiminpyaekyaw/Desktop/workspace/myanhon-be/controllers/questioniar.ts:4:12)
    at createQuizz (/Users/saiminpyaekyaw/Desktop/workspace/myanhon-be/controllers/questioniar.ts:59:66)
    at Layer.handle [as handle_request] (/Users/saiminpyaekyaw/Desktop/workspace/myanhon-be/node_modules/express/lib/router/layer.js:95:5)
    at next (/Users/saiminpyaekyaw/Desktop/workspace/myanhon-be/node_modules/express/lib/router/route.js:144:13)
    at Route.dispatch (/Users/saiminpyaekyaw/Desktop/workspace/myanhon-be/node_modules/express/lib/router/route.js:114:3)
    at Layer.handle [as handle_request] (/Users/saiminpyaekyaw/Desktop/workspace/myanhon-be/node_modules/express/lib/router/layer.js:95:5)
    at /Users/saiminpyaekyaw/Desktop/workspace/myanhon-be/node_modules/express/lib/router/index.js:284:15
    at Function.process_params (/Users/saiminpyaekyaw/Desktop/workspace/myanhon-be/node_modules/express/lib/router/index.js:346:12)
    at next (/Users/saiminpyaekyaw/Desktop/workspace/myanhon-be/node_modules/express/lib/router/index.js:280:10)
    at Function.handle (/Users/saiminpyaekyaw/Desktop/workspace/myanhon-be/node_modules/express/lib/router/index.js:175:3)
    at router (/Users/saiminpyaekyaw/Desktop/workspace/myanhon-be/node_modules/express/lib/router/index.js:47:12)
    at Layer.handle [as handle_request] (/Users/saiminpyaekyaw/Desktop/workspace/myanhon-be/node_modules/express/lib/router/layer.js:95:5)
    at trim_prefix (/Users/saiminpyaekyaw/Desktop/workspace/myanhon-be/node_modules/express/lib/router/index.js:328:13)
    at /Users/saiminpyaekyaw/Desktop/workspace/myanhon-be/node_modules/express/lib/router/index.js:286:9
    at Function.process_params (/Users/saiminpyaekyaw/Desktop/workspace/myanhon-be/node_modules/express/lib/router/index.js:346:12)
    at next (/Users/saiminpyaekyaw/Desktop/workspace/myanhon-be/node_modules/express/lib/router/index.js:280:10)
    at /Users/saiminpyaekyaw/Desktop/workspace/myanhon-be/node_modules/express/lib/router/index.js:646:15
    at next (/Users/saiminpyaekyaw/Desktop/workspace/myanhon-be/node_modules/express/lib/router/index.js:265:14)
    at Function.handle (/Users/saiminpyaekyaw/Desktop/workspace/myanhon-be/node_modules/express/lib/router/index.js:175:3)
    at router (/Users/saiminpyaekyaw/Desktop/workspace/myanhon-be/node_modules/express/lib/router/index.js:47:12)
    at Layer.handle [as handle_request] (/Users/saiminpyaekyaw/Desktop/workspace/myanhon-be/node_modules/express/lib/router/layer.js:95:5)
    at trim_prefix (/Users/saiminpyaekyaw/Desktop/workspace/myanhon-be/node_modules/express/lib/router/index.js:328:13)
    at /Users/saiminpyaekyaw/Desktop/workspace/myanhon-be/node_modules/express/lib/router/index.js:286:9
    at Function.process_params (/Users/saiminpyaekyaw/Desktop/workspace/myanhon-be/node_modules/express/lib/router/index.js:346:12)
    at next (/Users/saiminpyaekyaw/Desktop/workspace/myanhon-be/node_modules/express/lib/router/index.js:280:10)
    at /Users/saiminpyaekyaw/Desktop/workspace/myanhon-be/node_modules/express/lib/router/index.js:646:15
    at next (/Users/saiminpyaekyaw/Desktop/workspace/myanhon-be/node_modules/express/lib/router/index.js:265:14)
    at Function.handle (/Users/saiminpyaekyaw/Desktop/workspace/myanhon-be/node_modules/express/lib/router/index.js:175:3)
    at router (/Users/saiminpyaekyaw/Desktop/workspace/myanhon-be/node_modules/express/lib/router/index.js:47:12)
    at Layer.handle [as handle_request] (/Users/saiminpyaekyaw/Desktop/workspace/myanhon-be/node_modules/express/lib/router/layer.js:95:5)
    at trim_prefix (/Users/saiminpyaekyaw/Desktop/workspace/myanhon-be/node_modules/express/lib/router/index.js:328:13)
    at /Users/saiminpyaekyaw/Desktop/workspace/myanhon-be/node_modules/express/lib/router/index.js:286:9
    at Function.process_params (/Users/saiminpyaekyaw/Desktop/workspace/myanhon-be/node_modules/express/lib/router/index.js:346:12)
    at next (/Users/saiminpyaekyaw/Desktop/workspace/myanhon-be/node_modules/express/lib/router/index.js:280:10)
    at /Users/saiminpyaekyaw/Desktop/workspace/myanhon-be/node_modules/express/lib/router/index.js:646:15
    at next (/Users/saiminpyaekyaw/Desktop/workspace/myanhon-be/node_modules/express/lib/router/index.js:265:14)
    at Function.handle (/Users/saiminpyaekyaw/Desktop/workspace/myanhon-be/node_modules/express/lib/router/index.js:175:3)
    at router (/Users/saiminpyaekyaw/Desktop/workspace/myanhon-be/node_modules/express/lib/router/index.js:47:12)
    at Layer.handle [as handle_request] (/Users/saiminpyaekyaw/Desktop/workspace/myanhon-be/node_modules/express/lib/router/layer.js:95:5)
    at trim_prefix (/Users/saiminpyaekyaw/Desktop/workspace/myanhon-be/node_modules/express/lib/router/index.js:328:13)
    at /Users/saiminpyaekyaw/Desktop/workspace/myanhon-be/node_modules/express/lib/router/index.js:286:9
    at Function.process_params (/Users/saiminpyaekyaw/Desktop/workspace/myanhon-be/node_modules/express/lib/router/index.js:346:12)
    at next (/Users/saiminpyaekyaw/Desktop/workspace/myanhon-be/node_modules/express/lib/router/index.js:280:10)
    at /Users/saiminpyaekyaw/Desktop/workspace/myanhon-be/node_modules/express/lib/router/index.js:646:15
    at next (/Users/saiminpyaekyaw/Desktop/workspace/myanhon-be/node_modules/express/lib/router/index.js:265:14)
    at Function.handle (/Users/saiminpyaekyaw/Desktop/workspace/myanhon-be/node_modules/express/lib/router/index.js:175:3)
    at router (/Users/saiminpyaekyaw/Desktop/workspace/myanhon-be/node_modules/express/lib/router/index.js:47:12)
    at Layer.handle [as handle_request] (/Users/saiminpyaekyaw/Desktop/workspace/myanhon-be/node_modules/express/lib/router/layer.js:95:5)
    at trim_prefix (/Users/saiminpyaekyaw/Desktop/workspace/myanhon-be/node_modules/express/lib/router/index.js:328:13)
    at /Users/saiminpyaekyaw/Desktop/workspace/myanhon-be/node_modules/express/lib/router/index.js:286:9
    at Function.process_params (/Users/saiminpyaekyaw/Desktop/workspace/myanhon-be/node_modules/express/lib/router/index.js:346:12)
    at next (/Users/saiminpyaekyaw/Desktop/workspace/myanhon-be/node_modules/express/lib/router/index.js:280:10)
    at /Users/saiminpyaekyaw/Desktop/workspace/myanhon-be/node_modules/express/lib/router/index.js:646:15
    at next (/Users/saiminpyaekyaw/Desktop/workspace/myanhon-be/node_modules/express/lib/router/index.js:265:14)
    at Function.handle (/Users/saiminpyaekyaw/Desktop/workspace/myanhon-be/node_modules/express/lib/router/index.js:175:3)
    at router (/Users/saiminpyaekyaw/Desktop/workspace/myanhon-be/node_modules/express/lib/router/index.js:47:12)
    at Layer.handle [as handle_request] (/Users/saiminpyaekyaw/Desktop/workspace/myanhon-be/node_modules/express/lib/router/layer.js:95:5)
    at trim_prefix (/Users/saiminpyaekyaw/Desktop/workspace/myanhon-be/node_modules/express/lib/router/index.js:328:13)
    at /Users/saiminpyaekyaw/Desktop/workspace/myanhon-be/node_modules/express/lib/router/index.js:286:9
    at Function.process_params (/Users/saiminpyaekyaw/Desktop/workspace/myanhon-be/node_modules/express/lib/router/index.js:346:12)
    at next (/Users/saiminpyaekyaw/Desktop/workspace/myanhon-be/node_modules/express/lib/router/index.js:280:10)
    at /Users/saiminpyaekyaw/Desktop/workspace/myanhon-be/node_modules/body-parser/lib/read.js:137:5
    at AsyncResource.runInAsyncScope (node:async_hooks:204:9)
    at invokeCallback (/Users/saiminpyaekyaw/Desktop/workspace/myanhon-be/node_modules/raw-body/index.js:231:16)
    at done (/Users/saiminpyaekyaw/Desktop/workspace/myanhon-be/node_modules/raw-body/index.js:220:7)
    at IncomingMessage.onEnd (/Users/saiminpyaekyaw/Desktop/workspace/myanhon-be/node_modules/raw-body/index.js:280:7)
    at IncomingMessage.emit (node:events:512:28)
    at endReadableNT (node:internal/streams/readable:1359:12)
    at processTicksAndRejections (node:internal/process/task_queues:82:21)
 
Mon Jul 24 2023 02:46:17 GMT+0630 (Myanmar Time)[ Get Questioniar Controller ]
TypeError: Cannot read properties of undefined (reading 'map')
    at /Users/saiminpyaekyaw/Desktop/workspace/myanhon-be/controllers/questioniar.ts:65:36
    at Generator.next (<anonymous>)
    at /Users/saiminpyaekyaw/Desktop/workspace/myanhon-be/controllers/questioniar.ts:8:71
    at new Promise (<anonymous>)
    at Object.<anonymous>.__awaiter (/Users/saiminpyaekyaw/Desktop/workspace/myanhon-be/controllers/questioniar.ts:4:12)
    at createQuizz (/Users/saiminpyaekyaw/Desktop/workspace/myanhon-be/controllers/questioniar.ts:59:66)
    at Layer.handle [as handle_request] (/Users/saiminpyaekyaw/Desktop/workspace/myanhon-be/node_modules/express/lib/router/layer.js:95:5)
    at next (/Users/saiminpyaekyaw/Desktop/workspace/myanhon-be/node_modules/express/lib/router/route.js:144:13)
    at Route.dispatch (/Users/saiminpyaekyaw/Desktop/workspace/myanhon-be/node_modules/express/lib/router/route.js:114:3)
    at Layer.handle [as handle_request] (/Users/saiminpyaekyaw/Desktop/workspace/myanhon-be/node_modules/express/lib/router/layer.js:95:5)
    at /Users/saiminpyaekyaw/Desktop/workspace/myanhon-be/node_modules/express/lib/router/index.js:284:15
    at Function.process_params (/Users/saiminpyaekyaw/Desktop/workspace/myanhon-be/node_modules/express/lib/router/index.js:346:12)
    at next (/Users/saiminpyaekyaw/Desktop/workspace/myanhon-be/node_modules/express/lib/router/index.js:280:10)
    at Function.handle (/Users/saiminpyaekyaw/Desktop/workspace/myanhon-be/node_modules/express/lib/router/index.js:175:3)
    at router (/Users/saiminpyaekyaw/Desktop/workspace/myanhon-be/node_modules/express/lib/router/index.js:47:12)
    at Layer.handle [as handle_request] (/Users/saiminpyaekyaw/Desktop/workspace/myanhon-be/node_modules/express/lib/router/layer.js:95:5)
    at trim_prefix (/Users/saiminpyaekyaw/Desktop/workspace/myanhon-be/node_modules/express/lib/router/index.js:328:13)
    at /Users/saiminpyaekyaw/Desktop/workspace/myanhon-be/node_modules/express/lib/router/index.js:286:9
    at Function.process_params (/Users/saiminpyaekyaw/Desktop/workspace/myanhon-be/node_modules/express/lib/router/index.js:346:12)
    at next (/Users/saiminpyaekyaw/Desktop/workspace/myanhon-be/node_modules/express/lib/router/index.js:280:10)
    at /Users/saiminpyaekyaw/Desktop/workspace/myanhon-be/node_modules/express/lib/router/index.js:646:15
    at next (/Users/saiminpyaekyaw/Desktop/workspace/myanhon-be/node_modules/express/lib/router/index.js:265:14)
    at Function.handle (/Users/saiminpyaekyaw/Desktop/workspace/myanhon-be/node_modules/express/lib/router/index.js:175:3)
    at router (/Users/saiminpyaekyaw/Desktop/workspace/myanhon-be/node_modules/express/lib/router/index.js:47:12)
    at Layer.handle [as handle_request] (/Users/saiminpyaekyaw/Desktop/workspace/myanhon-be/node_modules/express/lib/router/layer.js:95:5)
    at trim_prefix (/Users/saiminpyaekyaw/Desktop/workspace/myanhon-be/node_modules/express/lib/router/index.js:328:13)
    at /Users/saiminpyaekyaw/Desktop/workspace/myanhon-be/node_modules/express/lib/router/index.js:286:9
    at Function.process_params (/Users/saiminpyaekyaw/Desktop/workspace/myanhon-be/node_modules/express/lib/router/index.js:346:12)
    at next (/Users/saiminpyaekyaw/Desktop/workspace/myanhon-be/node_modules/express/lib/router/index.js:280:10)
    at /Users/saiminpyaekyaw/Desktop/workspace/myanhon-be/node_modules/express/lib/router/index.js:646:15
    at next (/Users/saiminpyaekyaw/Desktop/workspace/myanhon-be/node_modules/express/lib/router/index.js:265:14)
    at Function.handle (/Users/saiminpyaekyaw/Desktop/workspace/myanhon-be/node_modules/express/lib/router/index.js:175:3)
    at router (/Users/saiminpyaekyaw/Desktop/workspace/myanhon-be/node_modules/express/lib/router/index.js:47:12)
    at Layer.handle [as handle_request] (/Users/saiminpyaekyaw/Desktop/workspace/myanhon-be/node_modules/express/lib/router/layer.js:95:5)
    at trim_prefix (/Users/saiminpyaekyaw/Desktop/workspace/myanhon-be/node_modules/express/lib/router/index.js:328:13)
    at /Users/saiminpyaekyaw/Desktop/workspace/myanhon-be/node_modules/express/lib/router/index.js:286:9
    at Function.process_params (/Users/saiminpyaekyaw/Desktop/workspace/myanhon-be/node_modules/express/lib/router/index.js:346:12)
    at next (/Users/saiminpyaekyaw/Desktop/workspace/myanhon-be/node_modules/express/lib/router/index.js:280:10)
    at /Users/saiminpyaekyaw/Desktop/workspace/myanhon-be/node_modules/express/lib/router/index.js:646:15
    at next (/Users/saiminpyaekyaw/Desktop/workspace/myanhon-be/node_modules/express/lib/router/index.js:265:14)
    at Function.handle (/Users/saiminpyaekyaw/Desktop/workspace/myanhon-be/node_modules/express/lib/router/index.js:175:3)
    at router (/Users/saiminpyaekyaw/Desktop/workspace/myanhon-be/node_modules/express/lib/router/index.js:47:12)
    at Layer.handle [as handle_request] (/Users/saiminpyaekyaw/Desktop/workspace/myanhon-be/node_modules/express/lib/router/layer.js:95:5)
    at trim_prefix (/Users/saiminpyaekyaw/Desktop/workspace/myanhon-be/node_modules/express/lib/router/index.js:328:13)
    at /Users/saiminpyaekyaw/Desktop/workspace/myanhon-be/node_modules/express/lib/router/index.js:286:9
    at Function.process_params (/Users/saiminpyaekyaw/Desktop/workspace/myanhon-be/node_modules/express/lib/router/index.js:346:12)
    at next (/Users/saiminpyaekyaw/Desktop/workspace/myanhon-be/node_modules/express/lib/router/index.js:280:10)
    at /Users/saiminpyaekyaw/Desktop/workspace/myanhon-be/node_modules/express/lib/router/index.js:646:15
    at next (/Users/saiminpyaekyaw/Desktop/workspace/myanhon-be/node_modules/express/lib/router/index.js:265:14)
    at Function.handle (/Users/saiminpyaekyaw/Desktop/workspace/myanhon-be/node_modules/express/lib/router/index.js:175:3)
    at router (/Users/saiminpyaekyaw/Desktop/workspace/myanhon-be/node_modules/express/lib/router/index.js:47:12)
    at Layer.handle [as handle_request] (/Users/saiminpyaekyaw/Desktop/workspace/myanhon-be/node_modules/express/lib/router/layer.js:95:5)
    at trim_prefix (/Users/saiminpyaekyaw/Desktop/workspace/myanhon-be/node_modules/express/lib/router/index.js:328:13)
    at /Users/saiminpyaekyaw/Desktop/workspace/myanhon-be/node_modules/express/lib/router/index.js:286:9
    at Function.process_params (/Users/saiminpyaekyaw/Desktop/workspace/myanhon-be/node_modules/express/lib/router/index.js:346:12)
    at next (/Users/saiminpyaekyaw/Desktop/workspace/myanhon-be/node_modules/express/lib/router/index.js:280:10)
    at /Users/saiminpyaekyaw/Desktop/workspace/myanhon-be/node_modules/express/lib/router/index.js:646:15
    at next (/Users/saiminpyaekyaw/Desktop/workspace/myanhon-be/node_modules/express/lib/router/index.js:265:14)
    at Function.handle (/Users/saiminpyaekyaw/Desktop/workspace/myanhon-be/node_modules/express/lib/router/index.js:175:3)
    at router (/Users/saiminpyaekyaw/Desktop/workspace/myanhon-be/node_modules/express/lib/router/index.js:47:12)
    at Layer.handle [as handle_request] (/Users/saiminpyaekyaw/Desktop/workspace/myanhon-be/node_modules/express/lib/router/layer.js:95:5)
    at trim_prefix (/Users/saiminpyaekyaw/Desktop/workspace/myanhon-be/node_modules/express/lib/router/index.js:328:13)
    at /Users/saiminpyaekyaw/Desktop/workspace/myanhon-be/node_modules/express/lib/router/index.js:286:9
    at Function.process_params (/Users/saiminpyaekyaw/Desktop/workspace/myanhon-be/node_modules/express/lib/router/index.js:346:12)
    at next (/Users/saiminpyaekyaw/Desktop/workspace/myanhon-be/node_modules/express/lib/router/index.js:280:10)
    at /Users/saiminpyaekyaw/Desktop/workspace/myanhon-be/node_modules/body-parser/lib/read.js:137:5
    at AsyncResource.runInAsyncScope (node:async_hooks:204:9)
    at invokeCallback (/Users/saiminpyaekyaw/Desktop/workspace/myanhon-be/node_modules/raw-body/index.js:231:16)
    at done (/Users/saiminpyaekyaw/Desktop/workspace/myanhon-be/node_modules/raw-body/index.js:220:7)
    at IncomingMessage.onEnd (/Users/saiminpyaekyaw/Desktop/workspace/myanhon-be/node_modules/raw-body/index.js:280:7)
    at IncomingMessage.emit (node:events:512:28)
    at endReadableNT (node:internal/streams/readable:1359:12)
    at processTicksAndRejections (node:internal/process/task_queues:82:21)
 
Mon Jul 24 2023 02:46:21 GMT+0630 (Myanmar Time)[ Get Questioniar Controller ]
TypeError: Cannot read properties of undefined (reading 'map')
    at /Users/saiminpyaekyaw/Desktop/workspace/myanhon-be/controllers/questioniar.ts:65:36
    at Generator.next (<anonymous>)
    at /Users/saiminpyaekyaw/Desktop/workspace/myanhon-be/controllers/questioniar.ts:8:71
    at new Promise (<anonymous>)
    at Object.<anonymous>.__awaiter (/Users/saiminpyaekyaw/Desktop/workspace/myanhon-be/controllers/questioniar.ts:4:12)
    at createQuizz (/Users/saiminpyaekyaw/Desktop/workspace/myanhon-be/controllers/questioniar.ts:59:66)
    at Layer.handle [as handle_request] (/Users/saiminpyaekyaw/Desktop/workspace/myanhon-be/node_modules/express/lib/router/layer.js:95:5)
    at next (/Users/saiminpyaekyaw/Desktop/workspace/myanhon-be/node_modules/express/lib/router/route.js:144:13)
    at Route.dispatch (/Users/saiminpyaekyaw/Desktop/workspace/myanhon-be/node_modules/express/lib/router/route.js:114:3)
    at Layer.handle [as handle_request] (/Users/saiminpyaekyaw/Desktop/workspace/myanhon-be/node_modules/express/lib/router/layer.js:95:5)
    at /Users/saiminpyaekyaw/Desktop/workspace/myanhon-be/node_modules/express/lib/router/index.js:284:15
    at Function.process_params (/Users/saiminpyaekyaw/Desktop/workspace/myanhon-be/node_modules/express/lib/router/index.js:346:12)
    at next (/Users/saiminpyaekyaw/Desktop/workspace/myanhon-be/node_modules/express/lib/router/index.js:280:10)
    at Function.handle (/Users/saiminpyaekyaw/Desktop/workspace/myanhon-be/node_modules/express/lib/router/index.js:175:3)
    at router (/Users/saiminpyaekyaw/Desktop/workspace/myanhon-be/node_modules/express/lib/router/index.js:47:12)
    at Layer.handle [as handle_request] (/Users/saiminpyaekyaw/Desktop/workspace/myanhon-be/node_modules/express/lib/router/layer.js:95:5)
    at trim_prefix (/Users/saiminpyaekyaw/Desktop/workspace/myanhon-be/node_modules/express/lib/router/index.js:328:13)
    at /Users/saiminpyaekyaw/Desktop/workspace/myanhon-be/node_modules/express/lib/router/index.js:286:9
    at Function.process_params (/Users/saiminpyaekyaw/Desktop/workspace/myanhon-be/node_modules/express/lib/router/index.js:346:12)
    at next (/Users/saiminpyaekyaw/Desktop/workspace/myanhon-be/node_modules/express/lib/router/index.js:280:10)
    at /Users/saiminpyaekyaw/Desktop/workspace/myanhon-be/node_modules/express/lib/router/index.js:646:15
    at next (/Users/saiminpyaekyaw/Desktop/workspace/myanhon-be/node_modules/express/lib/router/index.js:265:14)
    at Function.handle (/Users/saiminpyaekyaw/Desktop/workspace/myanhon-be/node_modules/express/lib/router/index.js:175:3)
    at router (/Users/saiminpyaekyaw/Desktop/workspace/myanhon-be/node_modules/express/lib/router/index.js:47:12)
    at Layer.handle [as handle_request] (/Users/saiminpyaekyaw/Desktop/workspace/myanhon-be/node_modules/express/lib/router/layer.js:95:5)
    at trim_prefix (/Users/saiminpyaekyaw/Desktop/workspace/myanhon-be/node_modules/express/lib/router/index.js:328:13)
    at /Users/saiminpyaekyaw/Desktop/workspace/myanhon-be/node_modules/express/lib/router/index.js:286:9
    at Function.process_params (/Users/saiminpyaekyaw/Desktop/workspace/myanhon-be/node_modules/express/lib/router/index.js:346:12)
    at next (/Users/saiminpyaekyaw/Desktop/workspace/myanhon-be/node_modules/express/lib/router/index.js:280:10)
    at /Users/saiminpyaekyaw/Desktop/workspace/myanhon-be/node_modules/express/lib/router/index.js:646:15
    at next (/Users/saiminpyaekyaw/Desktop/workspace/myanhon-be/node_modules/express/lib/router/index.js:265:14)
    at Function.handle (/Users/saiminpyaekyaw/Desktop/workspace/myanhon-be/node_modules/express/lib/router/index.js:175:3)
    at router (/Users/saiminpyaekyaw/Desktop/workspace/myanhon-be/node_modules/express/lib/router/index.js:47:12)
    at Layer.handle [as handle_request] (/Users/saiminpyaekyaw/Desktop/workspace/myanhon-be/node_modules/express/lib/router/layer.js:95:5)
    at trim_prefix (/Users/saiminpyaekyaw/Desktop/workspace/myanhon-be/node_modules/express/lib/router/index.js:328:13)
    at /Users/saiminpyaekyaw/Desktop/workspace/myanhon-be/node_modules/express/lib/router/index.js:286:9
    at Function.process_params (/Users/saiminpyaekyaw/Desktop/workspace/myanhon-be/node_modules/express/lib/router/index.js:346:12)
    at next (/Users/saiminpyaekyaw/Desktop/workspace/myanhon-be/node_modules/express/lib/router/index.js:280:10)
    at /Users/saiminpyaekyaw/Desktop/workspace/myanhon-be/node_modules/express/lib/router/index.js:646:15
    at next (/Users/saiminpyaekyaw/Desktop/workspace/myanhon-be/node_modules/express/lib/router/index.js:265:14)
    at Function.handle (/Users/saiminpyaekyaw/Desktop/workspace/myanhon-be/node_modules/express/lib/router/index.js:175:3)
    at router (/Users/saiminpyaekyaw/Desktop/workspace/myanhon-be/node_modules/express/lib/router/index.js:47:12)
    at Layer.handle [as handle_request] (/Users/saiminpyaekyaw/Desktop/workspace/myanhon-be/node_modules/express/lib/router/layer.js:95:5)
    at trim_prefix (/Users/saiminpyaekyaw/Desktop/workspace/myanhon-be/node_modules/express/lib/router/index.js:328:13)
    at /Users/saiminpyaekyaw/Desktop/workspace/myanhon-be/node_modules/express/lib/router/index.js:286:9
    at Function.process_params (/Users/saiminpyaekyaw/Desktop/workspace/myanhon-be/node_modules/express/lib/router/index.js:346:12)
    at next (/Users/saiminpyaekyaw/Desktop/workspace/myanhon-be/node_modules/express/lib/router/index.js:280:10)
    at /Users/saiminpyaekyaw/Desktop/workspace/myanhon-be/node_modules/express/lib/router/index.js:646:15
    at next (/Users/saiminpyaekyaw/Desktop/workspace/myanhon-be/node_modules/express/lib/router/index.js:265:14)
    at Function.handle (/Users/saiminpyaekyaw/Desktop/workspace/myanhon-be/node_modules/express/lib/router/index.js:175:3)
    at router (/Users/saiminpyaekyaw/Desktop/workspace/myanhon-be/node_modules/express/lib/router/index.js:47:12)
    at Layer.handle [as handle_request] (/Users/saiminpyaekyaw/Desktop/workspace/myanhon-be/node_modules/express/lib/router/layer.js:95:5)
    at trim_prefix (/Users/saiminpyaekyaw/Desktop/workspace/myanhon-be/node_modules/express/lib/router/index.js:328:13)
    at /Users/saiminpyaekyaw/Desktop/workspace/myanhon-be/node_modules/express/lib/router/index.js:286:9
    at Function.process_params (/Users/saiminpyaekyaw/Desktop/workspace/myanhon-be/node_modules/express/lib/router/index.js:346:12)
    at next (/Users/saiminpyaekyaw/Desktop/workspace/myanhon-be/node_modules/express/lib/router/index.js:280:10)
    at /Users/saiminpyaekyaw/Desktop/workspace/myanhon-be/node_modules/express/lib/router/index.js:646:15
    at next (/Users/saiminpyaekyaw/Desktop/workspace/myanhon-be/node_modules/express/lib/router/index.js:265:14)
    at Function.handle (/Users/saiminpyaekyaw/Desktop/workspace/myanhon-be/node_modules/express/lib/router/index.js:175:3)
    at router (/Users/saiminpyaekyaw/Desktop/workspace/myanhon-be/node_modules/express/lib/router/index.js:47:12)
    at Layer.handle [as handle_request] (/Users/saiminpyaekyaw/Desktop/workspace/myanhon-be/node_modules/express/lib/router/layer.js:95:5)
    at trim_prefix (/Users/saiminpyaekyaw/Desktop/workspace/myanhon-be/node_modules/express/lib/router/index.js:328:13)
    at /Users/saiminpyaekyaw/Desktop/workspace/myanhon-be/node_modules/express/lib/router/index.js:286:9
    at Function.process_params (/Users/saiminpyaekyaw/Desktop/workspace/myanhon-be/node_modules/express/lib/router/index.js:346:12)
    at next (/Users/saiminpyaekyaw/Desktop/workspace/myanhon-be/node_modules/express/lib/router/index.js:280:10)
    at /Users/saiminpyaekyaw/Desktop/workspace/myanhon-be/node_modules/body-parser/lib/read.js:137:5
    at AsyncResource.runInAsyncScope (node:async_hooks:204:9)
    at invokeCallback (/Users/saiminpyaekyaw/Desktop/workspace/myanhon-be/node_modules/raw-body/index.js:231:16)
    at done (/Users/saiminpyaekyaw/Desktop/workspace/myanhon-be/node_modules/raw-body/index.js:220:7)
    at IncomingMessage.onEnd (/Users/saiminpyaekyaw/Desktop/workspace/myanhon-be/node_modules/raw-body/index.js:280:7)
    at IncomingMessage.emit (node:events:512:28)
    at endReadableNT (node:internal/streams/readable:1359:12)
    at processTicksAndRejections (node:internal/process/task_queues:82:21)
 
Mon Jul 24 2023 02:46:28 GMT+0630 (Myanmar Time)[ Get Questioniar Controller ]
TypeError: Cannot read properties of undefined (reading 'map')
    at /Users/saiminpyaekyaw/Desktop/workspace/myanhon-be/controllers/questioniar.ts:65:36
    at Generator.next (<anonymous>)
    at /Users/saiminpyaekyaw/Desktop/workspace/myanhon-be/controllers/questioniar.ts:8:71
    at new Promise (<anonymous>)
    at Object.<anonymous>.__awaiter (/Users/saiminpyaekyaw/Desktop/workspace/myanhon-be/controllers/questioniar.ts:4:12)
    at createQuizz (/Users/saiminpyaekyaw/Desktop/workspace/myanhon-be/controllers/questioniar.ts:59:66)
    at Layer.handle [as handle_request] (/Users/saiminpyaekyaw/Desktop/workspace/myanhon-be/node_modules/express/lib/router/layer.js:95:5)
    at next (/Users/saiminpyaekyaw/Desktop/workspace/myanhon-be/node_modules/express/lib/router/route.js:144:13)
    at Route.dispatch (/Users/saiminpyaekyaw/Desktop/workspace/myanhon-be/node_modules/express/lib/router/route.js:114:3)
    at Layer.handle [as handle_request] (/Users/saiminpyaekyaw/Desktop/workspace/myanhon-be/node_modules/express/lib/router/layer.js:95:5)
    at /Users/saiminpyaekyaw/Desktop/workspace/myanhon-be/node_modules/express/lib/router/index.js:284:15
    at Function.process_params (/Users/saiminpyaekyaw/Desktop/workspace/myanhon-be/node_modules/express/lib/router/index.js:346:12)
    at next (/Users/saiminpyaekyaw/Desktop/workspace/myanhon-be/node_modules/express/lib/router/index.js:280:10)
    at Function.handle (/Users/saiminpyaekyaw/Desktop/workspace/myanhon-be/node_modules/express/lib/router/index.js:175:3)
    at router (/Users/saiminpyaekyaw/Desktop/workspace/myanhon-be/node_modules/express/lib/router/index.js:47:12)
    at Layer.handle [as handle_request] (/Users/saiminpyaekyaw/Desktop/workspace/myanhon-be/node_modules/express/lib/router/layer.js:95:5)
    at trim_prefix (/Users/saiminpyaekyaw/Desktop/workspace/myanhon-be/node_modules/express/lib/router/index.js:328:13)
    at /Users/saiminpyaekyaw/Desktop/workspace/myanhon-be/node_modules/express/lib/router/index.js:286:9
    at Function.process_params (/Users/saiminpyaekyaw/Desktop/workspace/myanhon-be/node_modules/express/lib/router/index.js:346:12)
    at next (/Users/saiminpyaekyaw/Desktop/workspace/myanhon-be/node_modules/express/lib/router/index.js:280:10)
    at /Users/saiminpyaekyaw/Desktop/workspace/myanhon-be/node_modules/express/lib/router/index.js:646:15
    at next (/Users/saiminpyaekyaw/Desktop/workspace/myanhon-be/node_modules/express/lib/router/index.js:265:14)
    at Function.handle (/Users/saiminpyaekyaw/Desktop/workspace/myanhon-be/node_modules/express/lib/router/index.js:175:3)
    at router (/Users/saiminpyaekyaw/Desktop/workspace/myanhon-be/node_modules/express/lib/router/index.js:47:12)
    at Layer.handle [as handle_request] (/Users/saiminpyaekyaw/Desktop/workspace/myanhon-be/node_modules/express/lib/router/layer.js:95:5)
    at trim_prefix (/Users/saiminpyaekyaw/Desktop/workspace/myanhon-be/node_modules/express/lib/router/index.js:328:13)
    at /Users/saiminpyaekyaw/Desktop/workspace/myanhon-be/node_modules/express/lib/router/index.js:286:9
    at Function.process_params (/Users/saiminpyaekyaw/Desktop/workspace/myanhon-be/node_modules/express/lib/router/index.js:346:12)
    at next (/Users/saiminpyaekyaw/Desktop/workspace/myanhon-be/node_modules/express/lib/router/index.js:280:10)
    at /Users/saiminpyaekyaw/Desktop/workspace/myanhon-be/node_modules/express/lib/router/index.js:646:15
    at next (/Users/saiminpyaekyaw/Desktop/workspace/myanhon-be/node_modules/express/lib/router/index.js:265:14)
    at Function.handle (/Users/saiminpyaekyaw/Desktop/workspace/myanhon-be/node_modules/express/lib/router/index.js:175:3)
    at router (/Users/saiminpyaekyaw/Desktop/workspace/myanhon-be/node_modules/express/lib/router/index.js:47:12)
    at Layer.handle [as handle_request] (/Users/saiminpyaekyaw/Desktop/workspace/myanhon-be/node_modules/express/lib/router/layer.js:95:5)
    at trim_prefix (/Users/saiminpyaekyaw/Desktop/workspace/myanhon-be/node_modules/express/lib/router/index.js:328:13)
    at /Users/saiminpyaekyaw/Desktop/workspace/myanhon-be/node_modules/express/lib/router/index.js:286:9
    at Function.process_params (/Users/saiminpyaekyaw/Desktop/workspace/myanhon-be/node_modules/express/lib/router/index.js:346:12)
    at next (/Users/saiminpyaekyaw/Desktop/workspace/myanhon-be/node_modules/express/lib/router/index.js:280:10)
    at /Users/saiminpyaekyaw/Desktop/workspace/myanhon-be/node_modules/express/lib/router/index.js:646:15
    at next (/Users/saiminpyaekyaw/Desktop/workspace/myanhon-be/node_modules/express/lib/router/index.js:265:14)
    at Function.handle (/Users/saiminpyaekyaw/Desktop/workspace/myanhon-be/node_modules/express/lib/router/index.js:175:3)
    at router (/Users/saiminpyaekyaw/Desktop/workspace/myanhon-be/node_modules/express/lib/router/index.js:47:12)
    at Layer.handle [as handle_request] (/Users/saiminpyaekyaw/Desktop/workspace/myanhon-be/node_modules/express/lib/router/layer.js:95:5)
    at trim_prefix (/Users/saiminpyaekyaw/Desktop/workspace/myanhon-be/node_modules/express/lib/router/index.js:328:13)
    at /Users/saiminpyaekyaw/Desktop/workspace/myanhon-be/node_modules/express/lib/router/index.js:286:9
    at Function.process_params (/Users/saiminpyaekyaw/Desktop/workspace/myanhon-be/node_modules/express/lib/router/index.js:346:12)
    at next (/Users/saiminpyaekyaw/Desktop/workspace/myanhon-be/node_modules/express/lib/router/index.js:280:10)
    at /Users/saiminpyaekyaw/Desktop/workspace/myanhon-be/node_modules/express/lib/router/index.js:646:15
    at next (/Users/saiminpyaekyaw/Desktop/workspace/myanhon-be/node_modules/express/lib/router/index.js:265:14)
    at Function.handle (/Users/saiminpyaekyaw/Desktop/workspace/myanhon-be/node_modules/express/lib/router/index.js:175:3)
    at router (/Users/saiminpyaekyaw/Desktop/workspace/myanhon-be/node_modules/express/lib/router/index.js:47:12)
    at Layer.handle [as handle_request] (/Users/saiminpyaekyaw/Desktop/workspace/myanhon-be/node_modules/express/lib/router/layer.js:95:5)
    at trim_prefix (/Users/saiminpyaekyaw/Desktop/workspace/myanhon-be/node_modules/express/lib/router/index.js:328:13)
    at /Users/saiminpyaekyaw/Desktop/workspace/myanhon-be/node_modules/express/lib/router/index.js:286:9
    at Function.process_params (/Users/saiminpyaekyaw/Desktop/workspace/myanhon-be/node_modules/express/lib/router/index.js:346:12)
    at next (/Users/saiminpyaekyaw/Desktop/workspace/myanhon-be/node_modules/express/lib/router/index.js:280:10)
    at /Users/saiminpyaekyaw/Desktop/workspace/myanhon-be/node_modules/express/lib/router/index.js:646:15
    at next (/Users/saiminpyaekyaw/Desktop/workspace/myanhon-be/node_modules/express/lib/router/index.js:265:14)
    at Function.handle (/Users/saiminpyaekyaw/Desktop/workspace/myanhon-be/node_modules/express/lib/router/index.js:175:3)
    at router (/Users/saiminpyaekyaw/Desktop/workspace/myanhon-be/node_modules/express/lib/router/index.js:47:12)
    at Layer.handle [as handle_request] (/Users/saiminpyaekyaw/Desktop/workspace/myanhon-be/node_modules/express/lib/router/layer.js:95:5)
    at trim_prefix (/Users/saiminpyaekyaw/Desktop/workspace/myanhon-be/node_modules/express/lib/router/index.js:328:13)
    at /Users/saiminpyaekyaw/Desktop/workspace/myanhon-be/node_modules/express/lib/router/index.js:286:9
    at Function.process_params (/Users/saiminpyaekyaw/Desktop/workspace/myanhon-be/node_modules/express/lib/router/index.js:346:12)
    at next (/Users/saiminpyaekyaw/Desktop/workspace/myanhon-be/node_modules/express/lib/router/index.js:280:10)
    at /Users/saiminpyaekyaw/Desktop/workspace/myanhon-be/node_modules/body-parser/lib/read.js:137:5
    at AsyncResource.runInAsyncScope (node:async_hooks:204:9)
    at invokeCallback (/Users/saiminpyaekyaw/Desktop/workspace/myanhon-be/node_modules/raw-body/index.js:231:16)
    at done (/Users/saiminpyaekyaw/Desktop/workspace/myanhon-be/node_modules/raw-body/index.js:220:7)
    at IncomingMessage.onEnd (/Users/saiminpyaekyaw/Desktop/workspace/myanhon-be/node_modules/raw-body/index.js:280:7)
    at IncomingMessage.emit (node:events:512:28)
    at endReadableNT (node:internal/streams/readable:1359:12)
    at processTicksAndRejections (node:internal/process/task_queues:82:21)
 
Mon Jul 24 2023 02:46:34 GMT+0630 (Myanmar Time)[ Get Questioniar Controller ]
TypeError: Cannot read properties of undefined (reading 'map')
    at /Users/saiminpyaekyaw/Desktop/workspace/myanhon-be/controllers/questioniar.ts:65:36
    at Generator.next (<anonymous>)
    at /Users/saiminpyaekyaw/Desktop/workspace/myanhon-be/controllers/questioniar.ts:8:71
    at new Promise (<anonymous>)
    at Object.<anonymous>.__awaiter (/Users/saiminpyaekyaw/Desktop/workspace/myanhon-be/controllers/questioniar.ts:4:12)
    at createQuizz (/Users/saiminpyaekyaw/Desktop/workspace/myanhon-be/controllers/questioniar.ts:59:66)
    at Layer.handle [as handle_request] (/Users/saiminpyaekyaw/Desktop/workspace/myanhon-be/node_modules/express/lib/router/layer.js:95:5)
    at next (/Users/saiminpyaekyaw/Desktop/workspace/myanhon-be/node_modules/express/lib/router/route.js:144:13)
    at Route.dispatch (/Users/saiminpyaekyaw/Desktop/workspace/myanhon-be/node_modules/express/lib/router/route.js:114:3)
    at Layer.handle [as handle_request] (/Users/saiminpyaekyaw/Desktop/workspace/myanhon-be/node_modules/express/lib/router/layer.js:95:5)
    at /Users/saiminpyaekyaw/Desktop/workspace/myanhon-be/node_modules/express/lib/router/index.js:284:15
    at Function.process_params (/Users/saiminpyaekyaw/Desktop/workspace/myanhon-be/node_modules/express/lib/router/index.js:346:12)
    at next (/Users/saiminpyaekyaw/Desktop/workspace/myanhon-be/node_modules/express/lib/router/index.js:280:10)
    at Function.handle (/Users/saiminpyaekyaw/Desktop/workspace/myanhon-be/node_modules/express/lib/router/index.js:175:3)
    at router (/Users/saiminpyaekyaw/Desktop/workspace/myanhon-be/node_modules/express/lib/router/index.js:47:12)
    at Layer.handle [as handle_request] (/Users/saiminpyaekyaw/Desktop/workspace/myanhon-be/node_modules/express/lib/router/layer.js:95:5)
    at trim_prefix (/Users/saiminpyaekyaw/Desktop/workspace/myanhon-be/node_modules/express/lib/router/index.js:328:13)
    at /Users/saiminpyaekyaw/Desktop/workspace/myanhon-be/node_modules/express/lib/router/index.js:286:9
    at Function.process_params (/Users/saiminpyaekyaw/Desktop/workspace/myanhon-be/node_modules/express/lib/router/index.js:346:12)
    at next (/Users/saiminpyaekyaw/Desktop/workspace/myanhon-be/node_modules/express/lib/router/index.js:280:10)
    at /Users/saiminpyaekyaw/Desktop/workspace/myanhon-be/node_modules/express/lib/router/index.js:646:15
    at next (/Users/saiminpyaekyaw/Desktop/workspace/myanhon-be/node_modules/express/lib/router/index.js:265:14)
    at Function.handle (/Users/saiminpyaekyaw/Desktop/workspace/myanhon-be/node_modules/express/lib/router/index.js:175:3)
    at router (/Users/saiminpyaekyaw/Desktop/workspace/myanhon-be/node_modules/express/lib/router/index.js:47:12)
    at Layer.handle [as handle_request] (/Users/saiminpyaekyaw/Desktop/workspace/myanhon-be/node_modules/express/lib/router/layer.js:95:5)
    at trim_prefix (/Users/saiminpyaekyaw/Desktop/workspace/myanhon-be/node_modules/express/lib/router/index.js:328:13)
    at /Users/saiminpyaekyaw/Desktop/workspace/myanhon-be/node_modules/express/lib/router/index.js:286:9
    at Function.process_params (/Users/saiminpyaekyaw/Desktop/workspace/myanhon-be/node_modules/express/lib/router/index.js:346:12)
    at next (/Users/saiminpyaekyaw/Desktop/workspace/myanhon-be/node_modules/express/lib/router/index.js:280:10)
    at /Users/saiminpyaekyaw/Desktop/workspace/myanhon-be/node_modules/express/lib/router/index.js:646:15
    at next (/Users/saiminpyaekyaw/Desktop/workspace/myanhon-be/node_modules/express/lib/router/index.js:265:14)
    at Function.handle (/Users/saiminpyaekyaw/Desktop/workspace/myanhon-be/node_modules/express/lib/router/index.js:175:3)
    at router (/Users/saiminpyaekyaw/Desktop/workspace/myanhon-be/node_modules/express/lib/router/index.js:47:12)
    at Layer.handle [as handle_request] (/Users/saiminpyaekyaw/Desktop/workspace/myanhon-be/node_modules/express/lib/router/layer.js:95:5)
    at trim_prefix (/Users/saiminpyaekyaw/Desktop/workspace/myanhon-be/node_modules/express/lib/router/index.js:328:13)
    at /Users/saiminpyaekyaw/Desktop/workspace/myanhon-be/node_modules/express/lib/router/index.js:286:9
    at Function.process_params (/Users/saiminpyaekyaw/Desktop/workspace/myanhon-be/node_modules/express/lib/router/index.js:346:12)
    at next (/Users/saiminpyaekyaw/Desktop/workspace/myanhon-be/node_modules/express/lib/router/index.js:280:10)
    at /Users/saiminpyaekyaw/Desktop/workspace/myanhon-be/node_modules/express/lib/router/index.js:646:15
    at next (/Users/saiminpyaekyaw/Desktop/workspace/myanhon-be/node_modules/express/lib/router/index.js:265:14)
    at Function.handle (/Users/saiminpyaekyaw/Desktop/workspace/myanhon-be/node_modules/express/lib/router/index.js:175:3)
    at router (/Users/saiminpyaekyaw/Desktop/workspace/myanhon-be/node_modules/express/lib/router/index.js:47:12)
    at Layer.handle [as handle_request] (/Users/saiminpyaekyaw/Desktop/workspace/myanhon-be/node_modules/express/lib/router/layer.js:95:5)
    at trim_prefix (/Users/saiminpyaekyaw/Desktop/workspace/myanhon-be/node_modules/express/lib/router/index.js:328:13)
    at /Users/saiminpyaekyaw/Desktop/workspace/myanhon-be/node_modules/express/lib/router/index.js:286:9
    at Function.process_params (/Users/saiminpyaekyaw/Desktop/workspace/myanhon-be/node_modules/express/lib/router/index.js:346:12)
    at next (/Users/saiminpyaekyaw/Desktop/workspace/myanhon-be/node_modules/express/lib/router/index.js:280:10)
    at /Users/saiminpyaekyaw/Desktop/workspace/myanhon-be/node_modules/express/lib/router/index.js:646:15
    at next (/Users/saiminpyaekyaw/Desktop/workspace/myanhon-be/node_modules/express/lib/router/index.js:265:14)
    at Function.handle (/Users/saiminpyaekyaw/Desktop/workspace/myanhon-be/node_modules/express/lib/router/index.js:175:3)
    at router (/Users/saiminpyaekyaw/Desktop/workspace/myanhon-be/node_modules/express/lib/router/index.js:47:12)
    at Layer.handle [as handle_request] (/Users/saiminpyaekyaw/Desktop/workspace/myanhon-be/node_modules/express/lib/router/layer.js:95:5)
    at trim_prefix (/Users/saiminpyaekyaw/Desktop/workspace/myanhon-be/node_modules/express/lib/router/index.js:328:13)
    at /Users/saiminpyaekyaw/Desktop/workspace/myanhon-be/node_modules/express/lib/router/index.js:286:9
    at Function.process_params (/Users/saiminpyaekyaw/Desktop/workspace/myanhon-be/node_modules/express/lib/router/index.js:346:12)
    at next (/Users/saiminpyaekyaw/Desktop/workspace/myanhon-be/node_modules/express/lib/router/index.js:280:10)
    at /Users/saiminpyaekyaw/Desktop/workspace/myanhon-be/node_modules/express/lib/router/index.js:646:15
    at next (/Users/saiminpyaekyaw/Desktop/workspace/myanhon-be/node_modules/express/lib/router/index.js:265:14)
    at Function.handle (/Users/saiminpyaekyaw/Desktop/workspace/myanhon-be/node_modules/express/lib/router/index.js:175:3)
    at router (/Users/saiminpyaekyaw/Desktop/workspace/myanhon-be/node_modules/express/lib/router/index.js:47:12)
    at Layer.handle [as handle_request] (/Users/saiminpyaekyaw/Desktop/workspace/myanhon-be/node_modules/express/lib/router/layer.js:95:5)
    at trim_prefix (/Users/saiminpyaekyaw/Desktop/workspace/myanhon-be/node_modules/express/lib/router/index.js:328:13)
    at /Users/saiminpyaekyaw/Desktop/workspace/myanhon-be/node_modules/express/lib/router/index.js:286:9
    at Function.process_params (/Users/saiminpyaekyaw/Desktop/workspace/myanhon-be/node_modules/express/lib/router/index.js:346:12)
    at next (/Users/saiminpyaekyaw/Desktop/workspace/myanhon-be/node_modules/express/lib/router/index.js:280:10)
    at /Users/saiminpyaekyaw/Desktop/workspace/myanhon-be/node_modules/body-parser/lib/read.js:137:5
    at AsyncResource.runInAsyncScope (node:async_hooks:204:9)
    at invokeCallback (/Users/saiminpyaekyaw/Desktop/workspace/myanhon-be/node_modules/raw-body/index.js:231:16)
    at done (/Users/saiminpyaekyaw/Desktop/workspace/myanhon-be/node_modules/raw-body/index.js:220:7)
    at IncomingMessage.onEnd (/Users/saiminpyaekyaw/Desktop/workspace/myanhon-be/node_modules/raw-body/index.js:280:7)
    at IncomingMessage.emit (node:events:512:28)
    at endReadableNT (node:internal/streams/readable:1359:12)
    at processTicksAndRejections (node:internal/process/task_queues:82:21)
 
Mon Jul 24 2023 02:54:19 GMT+0630 (Myanmar Time)[ Get Questioniar Controller ]
TypeError: Cannot read properties of undefined (reading 'map')
    at /Users/saiminpyaekyaw/Desktop/workspace/myanhon-be/controllers/questioniar.ts:65:36
    at Generator.next (<anonymous>)
    at /Users/saiminpyaekyaw/Desktop/workspace/myanhon-be/controllers/questioniar.ts:8:71
    at new Promise (<anonymous>)
    at Object.<anonymous>.__awaiter (/Users/saiminpyaekyaw/Desktop/workspace/myanhon-be/controllers/questioniar.ts:4:12)
    at createQuizz (/Users/saiminpyaekyaw/Desktop/workspace/myanhon-be/controllers/questioniar.ts:59:66)
    at Layer.handle [as handle_request] (/Users/saiminpyaekyaw/Desktop/workspace/myanhon-be/node_modules/express/lib/router/layer.js:95:5)
    at next (/Users/saiminpyaekyaw/Desktop/workspace/myanhon-be/node_modules/express/lib/router/route.js:144:13)
    at Route.dispatch (/Users/saiminpyaekyaw/Desktop/workspace/myanhon-be/node_modules/express/lib/router/route.js:114:3)
    at Layer.handle [as handle_request] (/Users/saiminpyaekyaw/Desktop/workspace/myanhon-be/node_modules/express/lib/router/layer.js:95:5)
    at /Users/saiminpyaekyaw/Desktop/workspace/myanhon-be/node_modules/express/lib/router/index.js:284:15
    at Function.process_params (/Users/saiminpyaekyaw/Desktop/workspace/myanhon-be/node_modules/express/lib/router/index.js:346:12)
    at next (/Users/saiminpyaekyaw/Desktop/workspace/myanhon-be/node_modules/express/lib/router/index.js:280:10)
    at Function.handle (/Users/saiminpyaekyaw/Desktop/workspace/myanhon-be/node_modules/express/lib/router/index.js:175:3)
    at router (/Users/saiminpyaekyaw/Desktop/workspace/myanhon-be/node_modules/express/lib/router/index.js:47:12)
    at Layer.handle [as handle_request] (/Users/saiminpyaekyaw/Desktop/workspace/myanhon-be/node_modules/express/lib/router/layer.js:95:5)
    at trim_prefix (/Users/saiminpyaekyaw/Desktop/workspace/myanhon-be/node_modules/express/lib/router/index.js:328:13)
    at /Users/saiminpyaekyaw/Desktop/workspace/myanhon-be/node_modules/express/lib/router/index.js:286:9
    at Function.process_params (/Users/saiminpyaekyaw/Desktop/workspace/myanhon-be/node_modules/express/lib/router/index.js:346:12)
    at next (/Users/saiminpyaekyaw/Desktop/workspace/myanhon-be/node_modules/express/lib/router/index.js:280:10)
    at /Users/saiminpyaekyaw/Desktop/workspace/myanhon-be/node_modules/express/lib/router/index.js:646:15
    at next (/Users/saiminpyaekyaw/Desktop/workspace/myanhon-be/node_modules/express/lib/router/index.js:265:14)
    at Function.handle (/Users/saiminpyaekyaw/Desktop/workspace/myanhon-be/node_modules/express/lib/router/index.js:175:3)
    at router (/Users/saiminpyaekyaw/Desktop/workspace/myanhon-be/node_modules/express/lib/router/index.js:47:12)
    at Layer.handle [as handle_request] (/Users/saiminpyaekyaw/Desktop/workspace/myanhon-be/node_modules/express/lib/router/layer.js:95:5)
    at trim_prefix (/Users/saiminpyaekyaw/Desktop/workspace/myanhon-be/node_modules/express/lib/router/index.js:328:13)
    at /Users/saiminpyaekyaw/Desktop/workspace/myanhon-be/node_modules/express/lib/router/index.js:286:9
    at Function.process_params (/Users/saiminpyaekyaw/Desktop/workspace/myanhon-be/node_modules/express/lib/router/index.js:346:12)
    at next (/Users/saiminpyaekyaw/Desktop/workspace/myanhon-be/node_modules/express/lib/router/index.js:280:10)
    at /Users/saiminpyaekyaw/Desktop/workspace/myanhon-be/node_modules/express/lib/router/index.js:646:15
    at next (/Users/saiminpyaekyaw/Desktop/workspace/myanhon-be/node_modules/express/lib/router/index.js:265:14)
    at Function.handle (/Users/saiminpyaekyaw/Desktop/workspace/myanhon-be/node_modules/express/lib/router/index.js:175:3)
    at router (/Users/saiminpyaekyaw/Desktop/workspace/myanhon-be/node_modules/express/lib/router/index.js:47:12)
    at Layer.handle [as handle_request] (/Users/saiminpyaekyaw/Desktop/workspace/myanhon-be/node_modules/express/lib/router/layer.js:95:5)
    at trim_prefix (/Users/saiminpyaekyaw/Desktop/workspace/myanhon-be/node_modules/express/lib/router/index.js:328:13)
    at /Users/saiminpyaekyaw/Desktop/workspace/myanhon-be/node_modules/express/lib/router/index.js:286:9
    at Function.process_params (/Users/saiminpyaekyaw/Desktop/workspace/myanhon-be/node_modules/express/lib/router/index.js:346:12)
    at next (/Users/saiminpyaekyaw/Desktop/workspace/myanhon-be/node_modules/express/lib/router/index.js:280:10)
    at /Users/saiminpyaekyaw/Desktop/workspace/myanhon-be/node_modules/express/lib/router/index.js:646:15
    at next (/Users/saiminpyaekyaw/Desktop/workspace/myanhon-be/node_modules/express/lib/router/index.js:265:14)
    at Function.handle (/Users/saiminpyaekyaw/Desktop/workspace/myanhon-be/node_modules/express/lib/router/index.js:175:3)
    at router (/Users/saiminpyaekyaw/Desktop/workspace/myanhon-be/node_modules/express/lib/router/index.js:47:12)
    at Layer.handle [as handle_request] (/Users/saiminpyaekyaw/Desktop/workspace/myanhon-be/node_modules/express/lib/router/layer.js:95:5)
    at trim_prefix (/Users/saiminpyaekyaw/Desktop/workspace/myanhon-be/node_modules/express/lib/router/index.js:328:13)
    at /Users/saiminpyaekyaw/Desktop/workspace/myanhon-be/node_modules/express/lib/router/index.js:286:9
    at Function.process_params (/Users/saiminpyaekyaw/Desktop/workspace/myanhon-be/node_modules/express/lib/router/index.js:346:12)
    at next (/Users/saiminpyaekyaw/Desktop/workspace/myanhon-be/node_modules/express/lib/router/index.js:280:10)
    at /Users/saiminpyaekyaw/Desktop/workspace/myanhon-be/node_modules/express/lib/router/index.js:646:15
    at next (/Users/saiminpyaekyaw/Desktop/workspace/myanhon-be/node_modules/express/lib/router/index.js:265:14)
    at Function.handle (/Users/saiminpyaekyaw/Desktop/workspace/myanhon-be/node_modules/express/lib/router/index.js:175:3)
    at router (/Users/saiminpyaekyaw/Desktop/workspace/myanhon-be/node_modules/express/lib/router/index.js:47:12)
    at Layer.handle [as handle_request] (/Users/saiminpyaekyaw/Desktop/workspace/myanhon-be/node_modules/express/lib/router/layer.js:95:5)
    at trim_prefix (/Users/saiminpyaekyaw/Desktop/workspace/myanhon-be/node_modules/express/lib/router/index.js:328:13)
    at /Users/saiminpyaekyaw/Desktop/workspace/myanhon-be/node_modules/express/lib/router/index.js:286:9
    at Function.process_params (/Users/saiminpyaekyaw/Desktop/workspace/myanhon-be/node_modules/express/lib/router/index.js:346:12)
    at next (/Users/saiminpyaekyaw/Desktop/workspace/myanhon-be/node_modules/express/lib/router/index.js:280:10)
    at /Users/saiminpyaekyaw/Desktop/workspace/myanhon-be/node_modules/express/lib/router/index.js:646:15
    at next (/Users/saiminpyaekyaw/Desktop/workspace/myanhon-be/node_modules/express/lib/router/index.js:265:14)
    at Function.handle (/Users/saiminpyaekyaw/Desktop/workspace/myanhon-be/node_modules/express/lib/router/index.js:175:3)
    at router (/Users/saiminpyaekyaw/Desktop/workspace/myanhon-be/node_modules/express/lib/router/index.js:47:12)
    at Layer.handle [as handle_request] (/Users/saiminpyaekyaw/Desktop/workspace/myanhon-be/node_modules/express/lib/router/layer.js:95:5)
    at trim_prefix (/Users/saiminpyaekyaw/Desktop/workspace/myanhon-be/node_modules/express/lib/router/index.js:328:13)
    at /Users/saiminpyaekyaw/Desktop/workspace/myanhon-be/node_modules/express/lib/router/index.js:286:9
    at Function.process_params (/Users/saiminpyaekyaw/Desktop/workspace/myanhon-be/node_modules/express/lib/router/index.js:346:12)
    at next (/Users/saiminpyaekyaw/Desktop/workspace/myanhon-be/node_modules/express/lib/router/index.js:280:10)
    at /Users/saiminpyaekyaw/Desktop/workspace/myanhon-be/node_modules/body-parser/lib/read.js:137:5
    at AsyncResource.runInAsyncScope (node:async_hooks:204:9)
    at invokeCallback (/Users/saiminpyaekyaw/Desktop/workspace/myanhon-be/node_modules/raw-body/index.js:231:16)
    at done (/Users/saiminpyaekyaw/Desktop/workspace/myanhon-be/node_modules/raw-body/index.js:220:7)
    at IncomingMessage.onEnd (/Users/saiminpyaekyaw/Desktop/workspace/myanhon-be/node_modules/raw-body/index.js:280:7)
    at IncomingMessage.emit (node:events:512:28)
    at endReadableNT (node:internal/streams/readable:1359:12)
    at processTicksAndRejections (node:internal/process/task_queues:82:21)
 
Mon Jul 24 2023 02:54:41 GMT+0630 (Myanmar Time)[ Get Questioniar Controller ]
TypeError: Cannot read properties of undefined (reading 'map')
    at /Users/saiminpyaekyaw/Desktop/workspace/myanhon-be/controllers/questioniar.ts:65:36
    at Generator.next (<anonymous>)
    at /Users/saiminpyaekyaw/Desktop/workspace/myanhon-be/controllers/questioniar.ts:8:71
    at new Promise (<anonymous>)
    at Object.<anonymous>.__awaiter (/Users/saiminpyaekyaw/Desktop/workspace/myanhon-be/controllers/questioniar.ts:4:12)
    at createQuizz (/Users/saiminpyaekyaw/Desktop/workspace/myanhon-be/controllers/questioniar.ts:59:66)
    at Layer.handle [as handle_request] (/Users/saiminpyaekyaw/Desktop/workspace/myanhon-be/node_modules/express/lib/router/layer.js:95:5)
    at next (/Users/saiminpyaekyaw/Desktop/workspace/myanhon-be/node_modules/express/lib/router/route.js:144:13)
    at Route.dispatch (/Users/saiminpyaekyaw/Desktop/workspace/myanhon-be/node_modules/express/lib/router/route.js:114:3)
    at Layer.handle [as handle_request] (/Users/saiminpyaekyaw/Desktop/workspace/myanhon-be/node_modules/express/lib/router/layer.js:95:5)
    at /Users/saiminpyaekyaw/Desktop/workspace/myanhon-be/node_modules/express/lib/router/index.js:284:15
    at Function.process_params (/Users/saiminpyaekyaw/Desktop/workspace/myanhon-be/node_modules/express/lib/router/index.js:346:12)
    at next (/Users/saiminpyaekyaw/Desktop/workspace/myanhon-be/node_modules/express/lib/router/index.js:280:10)
    at Function.handle (/Users/saiminpyaekyaw/Desktop/workspace/myanhon-be/node_modules/express/lib/router/index.js:175:3)
    at router (/Users/saiminpyaekyaw/Desktop/workspace/myanhon-be/node_modules/express/lib/router/index.js:47:12)
    at Layer.handle [as handle_request] (/Users/saiminpyaekyaw/Desktop/workspace/myanhon-be/node_modules/express/lib/router/layer.js:95:5)
    at trim_prefix (/Users/saiminpyaekyaw/Desktop/workspace/myanhon-be/node_modules/express/lib/router/index.js:328:13)
    at /Users/saiminpyaekyaw/Desktop/workspace/myanhon-be/node_modules/express/lib/router/index.js:286:9
    at Function.process_params (/Users/saiminpyaekyaw/Desktop/workspace/myanhon-be/node_modules/express/lib/router/index.js:346:12)
    at next (/Users/saiminpyaekyaw/Desktop/workspace/myanhon-be/node_modules/express/lib/router/index.js:280:10)
    at /Users/saiminpyaekyaw/Desktop/workspace/myanhon-be/node_modules/express/lib/router/index.js:646:15
    at next (/Users/saiminpyaekyaw/Desktop/workspace/myanhon-be/node_modules/express/lib/router/index.js:265:14)
    at Function.handle (/Users/saiminpyaekyaw/Desktop/workspace/myanhon-be/node_modules/express/lib/router/index.js:175:3)
    at router (/Users/saiminpyaekyaw/Desktop/workspace/myanhon-be/node_modules/express/lib/router/index.js:47:12)
    at Layer.handle [as handle_request] (/Users/saiminpyaekyaw/Desktop/workspace/myanhon-be/node_modules/express/lib/router/layer.js:95:5)
    at trim_prefix (/Users/saiminpyaekyaw/Desktop/workspace/myanhon-be/node_modules/express/lib/router/index.js:328:13)
    at /Users/saiminpyaekyaw/Desktop/workspace/myanhon-be/node_modules/express/lib/router/index.js:286:9
    at Function.process_params (/Users/saiminpyaekyaw/Desktop/workspace/myanhon-be/node_modules/express/lib/router/index.js:346:12)
    at next (/Users/saiminpyaekyaw/Desktop/workspace/myanhon-be/node_modules/express/lib/router/index.js:280:10)
    at /Users/saiminpyaekyaw/Desktop/workspace/myanhon-be/node_modules/express/lib/router/index.js:646:15
    at next (/Users/saiminpyaekyaw/Desktop/workspace/myanhon-be/node_modules/express/lib/router/index.js:265:14)
    at Function.handle (/Users/saiminpyaekyaw/Desktop/workspace/myanhon-be/node_modules/express/lib/router/index.js:175:3)
    at router (/Users/saiminpyaekyaw/Desktop/workspace/myanhon-be/node_modules/express/lib/router/index.js:47:12)
    at Layer.handle [as handle_request] (/Users/saiminpyaekyaw/Desktop/workspace/myanhon-be/node_modules/express/lib/router/layer.js:95:5)
    at trim_prefix (/Users/saiminpyaekyaw/Desktop/workspace/myanhon-be/node_modules/express/lib/router/index.js:328:13)
    at /Users/saiminpyaekyaw/Desktop/workspace/myanhon-be/node_modules/express/lib/router/index.js:286:9
    at Function.process_params (/Users/saiminpyaekyaw/Desktop/workspace/myanhon-be/node_modules/express/lib/router/index.js:346:12)
    at next (/Users/saiminpyaekyaw/Desktop/workspace/myanhon-be/node_modules/express/lib/router/index.js:280:10)
    at /Users/saiminpyaekyaw/Desktop/workspace/myanhon-be/node_modules/express/lib/router/index.js:646:15
    at next (/Users/saiminpyaekyaw/Desktop/workspace/myanhon-be/node_modules/express/lib/router/index.js:265:14)
    at Function.handle (/Users/saiminpyaekyaw/Desktop/workspace/myanhon-be/node_modules/express/lib/router/index.js:175:3)
    at router (/Users/saiminpyaekyaw/Desktop/workspace/myanhon-be/node_modules/express/lib/router/index.js:47:12)
    at Layer.handle [as handle_request] (/Users/saiminpyaekyaw/Desktop/workspace/myanhon-be/node_modules/express/lib/router/layer.js:95:5)
    at trim_prefix (/Users/saiminpyaekyaw/Desktop/workspace/myanhon-be/node_modules/express/lib/router/index.js:328:13)
    at /Users/saiminpyaekyaw/Desktop/workspace/myanhon-be/node_modules/express/lib/router/index.js:286:9
    at Function.process_params (/Users/saiminpyaekyaw/Desktop/workspace/myanhon-be/node_modules/express/lib/router/index.js:346:12)
    at next (/Users/saiminpyaekyaw/Desktop/workspace/myanhon-be/node_modules/express/lib/router/index.js:280:10)
    at /Users/saiminpyaekyaw/Desktop/workspace/myanhon-be/node_modules/express/lib/router/index.js:646:15
    at next (/Users/saiminpyaekyaw/Desktop/workspace/myanhon-be/node_modules/express/lib/router/index.js:265:14)
    at Function.handle (/Users/saiminpyaekyaw/Desktop/workspace/myanhon-be/node_modules/express/lib/router/index.js:175:3)
    at router (/Users/saiminpyaekyaw/Desktop/workspace/myanhon-be/node_modules/express/lib/router/index.js:47:12)
    at Layer.handle [as handle_request] (/Users/saiminpyaekyaw/Desktop/workspace/myanhon-be/node_modules/express/lib/router/layer.js:95:5)
    at trim_prefix (/Users/saiminpyaekyaw/Desktop/workspace/myanhon-be/node_modules/express/lib/router/index.js:328:13)
    at /Users/saiminpyaekyaw/Desktop/workspace/myanhon-be/node_modules/express/lib/router/index.js:286:9
    at Function.process_params (/Users/saiminpyaekyaw/Desktop/workspace/myanhon-be/node_modules/express/lib/router/index.js:346:12)
    at next (/Users/saiminpyaekyaw/Desktop/workspace/myanhon-be/node_modules/express/lib/router/index.js:280:10)
    at /Users/saiminpyaekyaw/Desktop/workspace/myanhon-be/node_modules/express/lib/router/index.js:646:15
    at next (/Users/saiminpyaekyaw/Desktop/workspace/myanhon-be/node_modules/express/lib/router/index.js:265:14)
    at Function.handle (/Users/saiminpyaekyaw/Desktop/workspace/myanhon-be/node_modules/express/lib/router/index.js:175:3)
    at router (/Users/saiminpyaekyaw/Desktop/workspace/myanhon-be/node_modules/express/lib/router/index.js:47:12)
    at Layer.handle [as handle_request] (/Users/saiminpyaekyaw/Desktop/workspace/myanhon-be/node_modules/express/lib/router/layer.js:95:5)
    at trim_prefix (/Users/saiminpyaekyaw/Desktop/workspace/myanhon-be/node_modules/express/lib/router/index.js:328:13)
    at /Users/saiminpyaekyaw/Desktop/workspace/myanhon-be/node_modules/express/lib/router/index.js:286:9
    at Function.process_params (/Users/saiminpyaekyaw/Desktop/workspace/myanhon-be/node_modules/express/lib/router/index.js:346:12)
    at next (/Users/saiminpyaekyaw/Desktop/workspace/myanhon-be/node_modules/express/lib/router/index.js:280:10)
    at /Users/saiminpyaekyaw/Desktop/workspace/myanhon-be/node_modules/body-parser/lib/read.js:137:5
    at AsyncResource.runInAsyncScope (node:async_hooks:204:9)
    at invokeCallback (/Users/saiminpyaekyaw/Desktop/workspace/myanhon-be/node_modules/raw-body/index.js:231:16)
    at done (/Users/saiminpyaekyaw/Desktop/workspace/myanhon-be/node_modules/raw-body/index.js:220:7)
    at IncomingMessage.onEnd (/Users/saiminpyaekyaw/Desktop/workspace/myanhon-be/node_modules/raw-body/index.js:280:7)
    at IncomingMessage.emit (node:events:512:28)
    at endReadableNT (node:internal/streams/readable:1359:12)
    at processTicksAndRejections (node:internal/process/task_queues:82:21)
 
Sun Jul 30 2023 23:00:48 GMT+0630 (Myanmar Time)[ Submit Exam Controller ]
Error: 
Invalid `prisma.examResult.create()` invocation in
/Users/saiminpyaekyaw/Desktop/workspace/myanhon-be/dist/controllers/examController.js:95:52

  92     },
  93 });
  94 // calculate result
→ 95 const examResult = yield prisma.examResult.create({
       data: {
         result: 'result',
         examId: undefined,
         levelId: undefined,
         userId: undefined,
     +   exam: {
     +     create?: ExamCreateWithoutExamResultInput | ExamUncheckedCreateWithoutExamResultInput,
     +     connectOrCreate?: ExamCreateOrConnectWithoutExamResultInput,
     +     connect?: ExamWhereUniqueInput
     +   },
     +   level: {
     +     create?: LevelsCreateWithoutExamResultInput | LevelsUncheckedCreateWithoutExamResultInput,
     +     connectOrCreate?: LevelsCreateOrConnectWithoutExamResultInput,
     +     connect?: LevelsWhereUniqueInput
     +   },
     +   user: {
     +     create?: UsersCreateWithoutExamResultInput | UsersUncheckedCreateWithoutExamResultInput,
     +     connectOrCreate?: UsersCreateOrConnectWithoutExamResultInput,
     +     connect?: UsersWhereUniqueInput
     +   },
     ?   id?: String,
     ?   createdAt?: DateTime,
     ?   updatedAt?: DateTime
       }
     })

Argument exam for data.exam is missing.
Argument level for data.level is missing.
Argument user for data.user is missing.

Note: Lines with + are required, lines with ? are optional.

    at mi.validate (/Users/saiminpyaekyaw/Desktop/workspace/myanhon-be/node_modules/@prisma/client/runtime/library.js:149:91)
    at rn.createMessage (/Users/saiminpyaekyaw/Desktop/workspace/myanhon-be/node_modules/@prisma/client/runtime/library.js:164:13651)
    at /Users/saiminpyaekyaw/Desktop/workspace/myanhon-be/node_modules/@prisma/client/runtime/library.js:177:10955
    at runInChildSpan (/Users/saiminpyaekyaw/Desktop/workspace/myanhon-be/node_modules/@prisma/client/runtime/library.js:70:25817)
    at t._executeRequest (/Users/saiminpyaekyaw/Desktop/workspace/myanhon-be/node_modules/@prisma/client/runtime/library.js:177:10944)
 
Mon Jul 31 2023 00:36:07 GMT+0630 (Myanmar Time)[ Submit Exam Controller ]
TypeError: Cannot read properties of undefined (reading 'isCorrect')
    at /Users/saiminpyaekyaw/Desktop/workspace/myanhon-be/dist/controllers/examController.js:111:41
    at Array.forEach (<anonymous>)
    at /Users/saiminpyaekyaw/Desktop/workspace/myanhon-be/dist/controllers/examController.js:110:31
    at Array.forEach (<anonymous>)
    at /Users/saiminpyaekyaw/Desktop/workspace/myanhon-be/dist/controllers/examController.js:102:18
    at Generator.next (<anonymous>)
    at fulfilled (/Users/saiminpyaekyaw/Desktop/workspace/myanhon-be/dist/controllers/examController.js:5:58)
 
Mon Jul 31 2023 00:36:37 GMT+0630 (Myanmar Time)[ Submit Exam Controller ]
TypeError: Cannot read properties of undefined (reading 'isCorrect')
    at /Users/saiminpyaekyaw/Desktop/workspace/myanhon-be/dist/controllers/examController.js:111:41
    at Array.forEach (<anonymous>)
    at /Users/saiminpyaekyaw/Desktop/workspace/myanhon-be/dist/controllers/examController.js:110:31
    at Array.forEach (<anonymous>)
    at /Users/saiminpyaekyaw/Desktop/workspace/myanhon-be/dist/controllers/examController.js:102:18
    at Generator.next (<anonymous>)
    at fulfilled (/Users/saiminpyaekyaw/Desktop/workspace/myanhon-be/dist/controllers/examController.js:5:58)
 
Mon Jul 31 2023 00:37:46 GMT+0630 (Myanmar Time)[ Submit Exam Controller ]
TypeError: Cannot read properties of undefined (reading 'isCorrect')
    at /Users/saiminpyaekyaw/Desktop/workspace/myanhon-be/dist/controllers/examController.js:111:41
    at Array.forEach (<anonymous>)
    at /Users/saiminpyaekyaw/Desktop/workspace/myanhon-be/dist/controllers/examController.js:110:31
    at Array.forEach (<anonymous>)
    at /Users/saiminpyaekyaw/Desktop/workspace/myanhon-be/dist/controllers/examController.js:102:18
    at Generator.next (<anonymous>)
    at fulfilled (/Users/saiminpyaekyaw/Desktop/workspace/myanhon-be/dist/controllers/examController.js:5:58)
 
Mon Jul 31 2023 00:39:02 GMT+0630 (Myanmar Time)[ Submit Exam Controller ]
TypeError: Cannot read properties of undefined (reading 'isCorrect')
    at /Users/saiminpyaekyaw/Desktop/workspace/myanhon-be/dist/controllers/examController.js:111:59
    at Array.forEach (<anonymous>)
    at /Users/saiminpyaekyaw/Desktop/workspace/myanhon-be/dist/controllers/examController.js:110:31
    at Array.forEach (<anonymous>)
    at /Users/saiminpyaekyaw/Desktop/workspace/myanhon-be/dist/controllers/examController.js:102:18
    at Generator.next (<anonymous>)
    at fulfilled (/Users/saiminpyaekyaw/Desktop/workspace/myanhon-be/dist/controllers/examController.js:5:58)
 
Mon Jul 31 2023 00:45:53 GMT+0630 (Myanmar Time)[ Submit Exam Controller ]
Error: 
Invalid `prisma.examResult.create()` invocation in
/Users/saiminpyaekyaw/Desktop/workspace/myanhon-be/dist/controllers/examController.js:123:33

  120     totalScore: 100,
  121     sectionResults,
  122 };
→ 123 yield prisma.examResult.create({
        data: {
          result: '{"result":1,"totalScore":100,"sectionResults":[{"section":"Grammer","result":50,"totalScore":2},{"section":"Listening","result":0,"totalScore":2}]}',
          examId: undefined,
          levelId: undefined,
          userId: undefined,
      +   exam: {
      +     create?: ExamCreateWithoutExamResultInput | ExamUncheckedCreateWithoutExamResultInput,
      +     connectOrCreate?: ExamCreateOrConnectWithoutExamResultInput,
      +     connect?: ExamWhereUniqueInput
      +   },
      +   level: {
      +     create?: LevelsCreateWithoutExamResultInput | LevelsUncheckedCreateWithoutExamResultInput,
      +     connectOrCreate?: LevelsCreateOrConnectWithoutExamResultInput,
      +     connect?: LevelsWhereUniqueInput
      +   },
      +   user: {
      +     create?: UsersCreateWithoutExamResultInput | UsersUncheckedCreateWithoutExamResultInput,
      +     connectOrCreate?: UsersCreateOrConnectWithoutExamResultInput,
      +     connect?: UsersWhereUniqueInput
      +   },
      ?   id?: String,
      ?   createdAt?: DateTime,
      ?   updatedAt?: DateTime
        }
      })

Argument exam for data.exam is missing.
Argument level for data.level is missing.
Argument user for data.user is missing.

Note: Lines with + are required, lines with ? are optional.

    at mi.validate (/Users/saiminpyaekyaw/Desktop/workspace/myanhon-be/node_modules/@prisma/client/runtime/library.js:149:91)
    at rn.createMessage (/Users/saiminpyaekyaw/Desktop/workspace/myanhon-be/node_modules/@prisma/client/runtime/library.js:164:13651)
    at /Users/saiminpyaekyaw/Desktop/workspace/myanhon-be/node_modules/@prisma/client/runtime/library.js:177:10955
    at runInChildSpan (/Users/saiminpyaekyaw/Desktop/workspace/myanhon-be/node_modules/@prisma/client/runtime/library.js:70:25817)
    at t._executeRequest (/Users/saiminpyaekyaw/Desktop/workspace/myanhon-be/node_modules/@prisma/client/runtime/library.js:177:10944)
 
Mon Jul 31 2023 21:57:36 GMT+0630 (Myanmar Time)[ Submit Exam Controller ]
Error: 
Invalid `prisma.examResult.create()` invocation in
/Users/saiminpyaekyaw/Desktop/workspace/myanhon-be/dist/controllers/examController.js:128:33

  125     totalScore,
  126     sectionResults,
  127 };
→ 128 yield prisma.examResult.create({
        data: {
          result: {
            result: 1,
            totalScore: 4,
            sectionResults: [
              {
                section: 'Grammer',
                result: 50,
                totalScore: 2
              },
              {
                section: 'Listening',
                result: 0,
                totalScore: 2
              }
            ]
          },
          examId: undefined,
          levelId: undefined,
          userId: undefined,
      +   exam: {
      +     create?: ExamCreateWithoutExamResultInput | ExamUncheckedCreateWithoutExamResultInput,
      +     connectOrCreate?: ExamCreateOrConnectWithoutExamResultInput,
      +     connect?: ExamWhereUniqueInput
      +   },
      +   level: {
      +     create?: LevelsCreateWithoutExamResultInput | LevelsUncheckedCreateWithoutExamResultInput,
      +     connectOrCreate?: LevelsCreateOrConnectWithoutExamResultInput,
      +     connect?: LevelsWhereUniqueInput
      +   },
      +   user: {
      +     create?: UsersCreateWithoutExamResultInput | UsersUncheckedCreateWithoutExamResultInput,
      +     connectOrCreate?: UsersCreateOrConnectWithoutExamResultInput,
      +     connect?: UsersWhereUniqueInput
      +   },
      ?   id?: String,
      ?   createdAt?: DateTime,
      ?   updatedAt?: DateTime
        }
      })

Argument exam for data.exam is missing.
Argument level for data.level is missing.
Argument user for data.user is missing.

Note: Lines with + are required, lines with ? are optional.

    at mi.validate (/Users/saiminpyaekyaw/Desktop/workspace/myanhon-be/node_modules/@prisma/client/runtime/library.js:149:91)
    at rn.createMessage (/Users/saiminpyaekyaw/Desktop/workspace/myanhon-be/node_modules/@prisma/client/runtime/library.js:164:13651)
    at /Users/saiminpyaekyaw/Desktop/workspace/myanhon-be/node_modules/@prisma/client/runtime/library.js:177:10955
    at runInChildSpan (/Users/saiminpyaekyaw/Desktop/workspace/myanhon-be/node_modules/@prisma/client/runtime/library.js:70:25817)
    at t._executeRequest (/Users/saiminpyaekyaw/Desktop/workspace/myanhon-be/node_modules/@prisma/client/runtime/library.js:177:10944)
 
Mon Jul 31 2023 21:58:50 GMT+0630 (Myanmar Time)[ Submit Exam Controller ]
Error: 
Invalid `prisma.examResult.create()` invocation in
/Users/saiminpyaekyaw/Desktop/workspace/myanhon-be/dist/controllers/examController.js:128:33

  125     totalScore,
  126     sectionResults,
  127 };
→ 128 yield prisma.examResult.create({
        data: {
          result: {
            result: 1,
            totalScore: 4,
            sectionResults: [
              {
                section: 'Grammer',
                result: 50,
                totalScore: 2
              },
              {
                section: 'Listening',
                result: 0,
                totalScore: 2
              }
            ]
          },
          examId: undefined,
          levelId: undefined,
          userId: undefined,
      +   exam: {
      +     create?: ExamCreateWithoutExamResultInput | ExamUncheckedCreateWithoutExamResultInput,
      +     connectOrCreate?: ExamCreateOrConnectWithoutExamResultInput,
      +     connect?: ExamWhereUniqueInput
      +   },
      +   level: {
      +     create?: LevelsCreateWithoutExamResultInput | LevelsUncheckedCreateWithoutExamResultInput,
      +     connectOrCreate?: LevelsCreateOrConnectWithoutExamResultInput,
      +     connect?: LevelsWhereUniqueInput
      +   },
      +   user: {
      +     create?: UsersCreateWithoutExamResultInput | UsersUncheckedCreateWithoutExamResultInput,
      +     connectOrCreate?: UsersCreateOrConnectWithoutExamResultInput,
      +     connect?: UsersWhereUniqueInput
      +   },
      ?   id?: String,
      ?   createdAt?: DateTime,
      ?   updatedAt?: DateTime
        }
      })

Argument exam for data.exam is missing.
Argument level for data.level is missing.
Argument user for data.user is missing.

Note: Lines with + are required, lines with ? are optional.

    at mi.validate (/Users/saiminpyaekyaw/Desktop/workspace/myanhon-be/node_modules/@prisma/client/runtime/library.js:149:91)
    at rn.createMessage (/Users/saiminpyaekyaw/Desktop/workspace/myanhon-be/node_modules/@prisma/client/runtime/library.js:164:13651)
    at /Users/saiminpyaekyaw/Desktop/workspace/myanhon-be/node_modules/@prisma/client/runtime/library.js:177:10955
    at runInChildSpan (/Users/saiminpyaekyaw/Desktop/workspace/myanhon-be/node_modules/@prisma/client/runtime/library.js:70:25817)
    at t._executeRequest (/Users/saiminpyaekyaw/Desktop/workspace/myanhon-be/node_modules/@prisma/client/runtime/library.js:177:10944)
 
Sat Sep 02 2023 06:22:32 GMT+0630 (Myanmar Time)[ Verify User JWT Middleware ]
TokenExpiredError: jwt expired
    at /Users/saiminpyaekyaw/Desktop/workspace/myanhon-be/node_modules/jsonwebtoken/verify.js:190:21
    at getSecret (/Users/saiminpyaekyaw/Desktop/workspace/myanhon-be/node_modules/jsonwebtoken/verify.js:97:14)
    at module.exports [as verify] (/Users/saiminpyaekyaw/Desktop/workspace/myanhon-be/node_modules/jsonwebtoken/verify.js:101:10)
    at /Users/saiminpyaekyaw/Desktop/workspace/myanhon-be/dist/middlewares/userJwtMiddleware.js:29:44
    at Generator.next (<anonymous>)
    at /Users/saiminpyaekyaw/Desktop/workspace/myanhon-be/dist/middlewares/userJwtMiddleware.js:8:71
    at new Promise (<anonymous>)
    at __awaiter (/Users/saiminpyaekyaw/Desktop/workspace/myanhon-be/dist/middlewares/userJwtMiddleware.js:4:12)
    at verifyUserJwt (/Users/saiminpyaekyaw/Desktop/workspace/myanhon-be/dist/middlewares/userJwtMiddleware.js:21:43)
    at Layer.handle [as handle_request] (/Users/saiminpyaekyaw/Desktop/workspace/myanhon-be/node_modules/express/lib/router/layer.js:95:5)

Mon Sep 04 2023 20:51:43 GMT+0630 (Myanmar Time)[ Sign Up Controller ]
Error: 
Invalid `prisma.users.create()` invocation in
/Users/saiminpyaekyaw/Desktop/workspace/myanhon-be/dist/controllers/authController.js:102:48

   99 }
  100 const otpCode = (0, functions_1.generateOTPCode)();
  101 const hashedPassword = yield (0, functions_1.hashPassword)(req.body.password);
→ 102 const createdUser = yield prisma.users.create(
Unique constraint failed on the fields: (`email`)
    at fn.handleRequestError (/Users/saiminpyaekyaw/Desktop/workspace/myanhon-be/node_modules/@prisma/client/runtime/library.js:174:6477)
    at fn.handleAndLogRequestError (/Users/saiminpyaekyaw/Desktop/workspace/myanhon-be/node_modules/@prisma/client/runtime/library.js:174:5907)
    at fn.request (/Users/saiminpyaekyaw/Desktop/workspace/myanhon-be/node_modules/@prisma/client/runtime/library.js:174:5786)
    at async t._request (/Users/saiminpyaekyaw/Desktop/workspace/myanhon-be/node_modules/@prisma/client/runtime/library.js:177:10477)

Wed Sep 06 2023 21:25:40 GMT+0630 (Myanmar Time)[ Get Course By ID Controller ]
Error: 
Invalid `prisma.courses.findUnique()` invocation in
/Users/saiminpyaekyaw/Desktop/workspace/myanhon-be/dist/controllers/courseController.js:48:45

  45 exports.getCourses = getCourses;
  46 const getCourseByID = (req, res) => __awaiter(void 0, void 0, void 0, function* () {
  47     try {
→ 48         const course = yield prisma.courses.findUnique({
               where: {
                 id: '03772d3b-e9ed-45b8-a0ba-497977dc76f6'
               },
               include: {
                 courseType: true,
                 courseLevel: true,
                 instructors: true,
                 contents: {
                   include: {
                     tests: {
                       include: {
                         answers: {
                           include: {
                             answer: true
                           }
                         },
                         answer: {
                           include: {
             ?               test?: true
                           }
                         }
                       }
                     }
                   }
                 }
               }
             })


Invalid scalar field `answer` for include statement on model TestAnswers. Available options are listed in green. Did you mean `test`?
Note, that include statements only accept relation fields.

    at mi.validate (/Users/saiminpyaekyaw/Desktop/workspace/myanhon-be/node_modules/@prisma/client/runtime/library.js:149:91)
    at rn.createMessage (/Users/saiminpyaekyaw/Desktop/workspace/myanhon-be/node_modules/@prisma/client/runtime/library.js:164:13651)
    at /Users/saiminpyaekyaw/Desktop/workspace/myanhon-be/node_modules/@prisma/client/runtime/library.js:177:10955
    at runInChildSpan (/Users/saiminpyaekyaw/Desktop/workspace/myanhon-be/node_modules/@prisma/client/runtime/library.js:70:25817)
    at t._executeRequest (/Users/saiminpyaekyaw/Desktop/workspace/myanhon-be/node_modules/@prisma/client/runtime/library.js:177:10944)
    at async t._request (/Users/saiminpyaekyaw/Desktop/workspace/myanhon-be/node_modules/@prisma/client/runtime/library.js:177:10477)

Tue Sep 19 2023 00:07:23 GMT+0630 (Myanmar Time)[ Post Suggestion Controller ]
Error: 
Invalid `prisma.suggestion.create()` invocation in
/Users/saiminpyaekyaw/Desktop/workspace/myanhon-be/dist/controllers/suggestion.js:18:52

  15 const prisma = new client_1.PrismaClient();
  16 const submitSuggestion = (req, res) => __awaiter(void 0, void 0, void 0, function* () {
  17     try {
→ 18         const suggestion = yield prisma.suggestion.create({
               data: {
                 title: 'Postman title',
                 suggestion: 43
                             ~~
               }
             })

Argument suggestion: Got invalid value 43 on prisma.createOneSuggestion. Provided Int, expected String.


    at mi.validate (/Users/saiminpyaekyaw/Desktop/workspace/myanhon-be/node_modules/@prisma/client/runtime/library.js:149:91)
    at rn.createMessage (/Users/saiminpyaekyaw/Desktop/workspace/myanhon-be/node_modules/@prisma/client/runtime/library.js:164:13651)
    at /Users/saiminpyaekyaw/Desktop/workspace/myanhon-be/node_modules/@prisma/client/runtime/library.js:177:10955
    at runInChildSpan (/Users/saiminpyaekyaw/Desktop/workspace/myanhon-be/node_modules/@prisma/client/runtime/library.js:70:25817)
    at t._executeRequest (/Users/saiminpyaekyaw/Desktop/workspace/myanhon-be/node_modules/@prisma/client/runtime/library.js:177:10944)
    at async t._request (/Users/saiminpyaekyaw/Desktop/workspace/myanhon-be/node_modules/@prisma/client/runtime/library.js:177:10477)

Tue Sep 19 2023 00:07:53 GMT+0630 (Myanmar Time)[ Post Suggestion Controller ]
Error: 
Invalid `prisma.suggestion.create()` invocation in
/Users/saiminpyaekyaw/Desktop/workspace/myanhon-be/dist/controllers/suggestion.js:18:52

  15 const prisma = new client_1.PrismaClient();
  16 const submitSuggestion = (req, res) => __awaiter(void 0, void 0, void 0, function* () {
  17     try {
→ 18         const suggestion = yield prisma.suggestion.create({
               data: {
                 title: 'Postman title',
                 suggestion: 43
                             ~~
               }
             })

Argument suggestion: Got invalid value 43 on prisma.createOneSuggestion. Provided Int, expected String.


    at mi.validate (/Users/saiminpyaekyaw/Desktop/workspace/myanhon-be/node_modules/@prisma/client/runtime/library.js:149:91)
    at rn.createMessage (/Users/saiminpyaekyaw/Desktop/workspace/myanhon-be/node_modules/@prisma/client/runtime/library.js:164:13651)
    at /Users/saiminpyaekyaw/Desktop/workspace/myanhon-be/node_modules/@prisma/client/runtime/library.js:177:10955
    at runInChildSpan (/Users/saiminpyaekyaw/Desktop/workspace/myanhon-be/node_modules/@prisma/client/runtime/library.js:70:25817)
    at t._executeRequest (/Users/saiminpyaekyaw/Desktop/workspace/myanhon-be/node_modules/@prisma/client/runtime/library.js:177:10944)
    at async t._request (/Users/saiminpyaekyaw/Desktop/workspace/myanhon-be/node_modules/@prisma/client/runtime/library.js:177:10477)

Tue Sep 19 2023 00:08:19 GMT+0630 (Myanmar Time)[ Post Suggestion Controller ]
Error: 
Invalid `prisma.suggestion.create()` invocation in
/Users/saiminpyaekyaw/Desktop/workspace/myanhon-be/dist/controllers/suggestion.js:18:52

  15 const prisma = new client_1.PrismaClient();
  16 const submitSuggestion = (req, res) => __awaiter(void 0, void 0, void 0, function* () {
  17     try {
→ 18         const suggestion = yield prisma.suggestion.create({
               data: {
                 title: 'Postman title',
                 suggestion: 43
                             ~~
               }
             })

Argument suggestion: Got invalid value 43 on prisma.createOneSuggestion. Provided Int, expected String.


    at mi.validate (/Users/saiminpyaekyaw/Desktop/workspace/myanhon-be/node_modules/@prisma/client/runtime/library.js:149:91)
    at rn.createMessage (/Users/saiminpyaekyaw/Desktop/workspace/myanhon-be/node_modules/@prisma/client/runtime/library.js:164:13651)
    at /Users/saiminpyaekyaw/Desktop/workspace/myanhon-be/node_modules/@prisma/client/runtime/library.js:177:10955
    at runInChildSpan (/Users/saiminpyaekyaw/Desktop/workspace/myanhon-be/node_modules/@prisma/client/runtime/library.js:70:25817)
    at t._executeRequest (/Users/saiminpyaekyaw/Desktop/workspace/myanhon-be/node_modules/@prisma/client/runtime/library.js:177:10944)
    at async t._request (/Users/saiminpyaekyaw/Desktop/workspace/myanhon-be/node_modules/@prisma/client/runtime/library.js:177:10477)

Tue Sep 19 2023 22:35:42 GMT+0630 (Myanmar Time)[ Edit User Controller ]
Error: 
Invalid `prisma.users.update()` invocation in
/Users/saiminpyaekyaw/Desktop/workspace/myanhon-be/dist/controllers/userController.js:61:48

  58 exports.editUserById = editUserById;
  59 const changePhoneNumber = (req, res) => __awaiter(void 0, void 0, void 0, function* () {
  60     try {
→ 61         const updatedUser = yield prisma.users.update(
Unique constraint failed on the fields: (`phone`)
    at fn.handleRequestError (/Users/saiminpyaekyaw/Desktop/workspace/myanhon-be/node_modules/@prisma/client/runtime/library.js:174:6477)
    at fn.handleAndLogRequestError (/Users/saiminpyaekyaw/Desktop/workspace/myanhon-be/node_modules/@prisma/client/runtime/library.js:174:5907)
    at fn.request (/Users/saiminpyaekyaw/Desktop/workspace/myanhon-be/node_modules/@prisma/client/runtime/library.js:174:5786)
    at async t._request (/Users/saiminpyaekyaw/Desktop/workspace/myanhon-be/node_modules/@prisma/client/runtime/library.js:177:10477)

Tue Sep 19 2023 22:36:12 GMT+0630 (Myanmar Time)[ Change Phone Controller ]
Error: 
Invalid `prisma.users.update()` invocation in
/Users/saiminpyaekyaw/Desktop/workspace/myanhon-be/dist/controllers/userController.js:61:48

  58 exports.editUserById = editUserById;
  59 const changePhoneNumber = (req, res) => __awaiter(void 0, void 0, void 0, function* () {
  60     try {
→ 61         const updatedUser = yield prisma.users.update(
Unique constraint failed on the fields: (`phone`)
    at fn.handleRequestError (/Users/saiminpyaekyaw/Desktop/workspace/myanhon-be/node_modules/@prisma/client/runtime/library.js:174:6477)
    at fn.handleAndLogRequestError (/Users/saiminpyaekyaw/Desktop/workspace/myanhon-be/node_modules/@prisma/client/runtime/library.js:174:5907)
    at fn.request (/Users/saiminpyaekyaw/Desktop/workspace/myanhon-be/node_modules/@prisma/client/runtime/library.js:174:5786)
    at async t._request (/Users/saiminpyaekyaw/Desktop/workspace/myanhon-be/node_modules/@prisma/client/runtime/library.js:177:10477)

Tue Sep 19 2023 22:40:11 GMT+0630 (Myanmar Time)[ Change Phone Controller ]
Error: 
Invalid `prisma.users.update()` invocation in
/Users/saiminpyaekyaw/Desktop/workspace/myanhon-be/dist/controllers/userController.js:60:48

  57 exports.editUserById = editUserById;
  58 const changePhoneNumber = (req, res) => __awaiter(void 0, void 0, void 0, function* () {
  59     try {
→ 60         const updatedUser = yield prisma.users.update(
Unique constraint failed on the fields: (`phone`)
    at fn.handleRequestError (/Users/saiminpyaekyaw/Desktop/workspace/myanhon-be/node_modules/@prisma/client/runtime/library.js:174:6477)
    at fn.handleAndLogRequestError (/Users/saiminpyaekyaw/Desktop/workspace/myanhon-be/node_modules/@prisma/client/runtime/library.js:174:5907)
    at fn.request (/Users/saiminpyaekyaw/Desktop/workspace/myanhon-be/node_modules/@prisma/client/runtime/library.js:174:5786)
    at async t._request (/Users/saiminpyaekyaw/Desktop/workspace/myanhon-be/node_modules/@prisma/client/runtime/library.js:177:10477)

